Archive member included to satisfy reference by file (symbol)

c:/progra~1/raspbe~1/picosd~1.1/gcc-ar~1/bin/../lib/gcc/arm-none-eabi/10.3.1/thumb/v6-m/nofp\libgcc.a(_dvmd_tls.o)
                              PWM/CMakeFiles/PWM.dir/C_/Users/59201/Desktop/NU/2024_Spring/ME433/Pico_examples_and_SDK/pico-sdk/src/rp2_common/pico_divider/divider.S.obj (__aeabi_idiv0)
c:/progra~1/raspbe~1/picosd~1.1/gcc-ar~1/bin/../lib/gcc/arm-none-eabi/10.3.1/../../../../arm-none-eabi/lib/thumb/v6-m/nofp\libg.a(lib_a-calloc.o)
                              PWM/CMakeFiles/PWM.dir/C_/Users/59201/Desktop/NU/2024_Spring/ME433/Pico_examples_and_SDK/pico-sdk/src/rp2_common/pico_malloc/pico_malloc.c.obj (calloc)
c:/progra~1/raspbe~1/picosd~1.1/gcc-ar~1/bin/../lib/gcc/arm-none-eabi/10.3.1/../../../../arm-none-eabi/lib/thumb/v6-m/nofp\libg.a(lib_a-callocr.o)
                              c:/progra~1/raspbe~1/picosd~1.1/gcc-ar~1/bin/../lib/gcc/arm-none-eabi/10.3.1/../../../../arm-none-eabi/lib/thumb/v6-m/nofp\libg.a(lib_a-calloc.o) (_calloc_r)
c:/progra~1/raspbe~1/picosd~1.1/gcc-ar~1/bin/../lib/gcc/arm-none-eabi/10.3.1/../../../../arm-none-eabi/lib/thumb/v6-m/nofp\libg.a(lib_a-errno.o)
                              c:/progra~1/raspbe~1/picosd~1.1/gcc-ar~1/bin/../lib/gcc/arm-none-eabi/10.3.1/../../../../arm-none-eabi/lib/thumb/v6-m/nofp\libg.a(lib_a-callocr.o) (__errno)
c:/progra~1/raspbe~1/picosd~1.1/gcc-ar~1/bin/../lib/gcc/arm-none-eabi/10.3.1/../../../../arm-none-eabi/lib/thumb/v6-m/nofp\libg.a(lib_a-impure.o)
                              c:/progra~1/raspbe~1/picosd~1.1/gcc-ar~1/bin/../lib/gcc/arm-none-eabi/10.3.1/../../../../arm-none-eabi/lib/thumb/v6-m/nofp\libg.a(lib_a-calloc.o) (_impure_ptr)
c:/progra~1/raspbe~1/picosd~1.1/gcc-ar~1/bin/../lib/gcc/arm-none-eabi/10.3.1/../../../../arm-none-eabi/lib/thumb/v6-m/nofp\libg.a(lib_a-init.o)
                              c:/progra~1/raspbe~1/picosd~1.1/gcc-ar~1/bin/../lib/gcc/arm-none-eabi/10.3.1/../../../../arm-none-eabi/lib/thumb/v6-m/nofp/crt0.o (__libc_init_array)
c:/progra~1/raspbe~1/picosd~1.1/gcc-ar~1/bin/../lib/gcc/arm-none-eabi/10.3.1/../../../../arm-none-eabi/lib/thumb/v6-m/nofp\libg.a(lib_a-malloc.o)
                              PWM/CMakeFiles/PWM.dir/C_/Users/59201/Desktop/NU/2024_Spring/ME433/Pico_examples_and_SDK/pico-sdk/src/rp2_common/pico_malloc/pico_malloc.c.obj (malloc)
c:/progra~1/raspbe~1/picosd~1.1/gcc-ar~1/bin/../lib/gcc/arm-none-eabi/10.3.1/../../../../arm-none-eabi/lib/thumb/v6-m/nofp\libg.a(lib_a-mallocr.o)
                              c:/progra~1/raspbe~1/picosd~1.1/gcc-ar~1/bin/../lib/gcc/arm-none-eabi/10.3.1/../../../../arm-none-eabi/lib/thumb/v6-m/nofp\libg.a(lib_a-callocr.o) (_malloc_r)
c:/progra~1/raspbe~1/picosd~1.1/gcc-ar~1/bin/../lib/gcc/arm-none-eabi/10.3.1/../../../../arm-none-eabi/lib/thumb/v6-m/nofp\libg.a(lib_a-mlock.o)
                              c:/progra~1/raspbe~1/picosd~1.1/gcc-ar~1/bin/../lib/gcc/arm-none-eabi/10.3.1/../../../../arm-none-eabi/lib/thumb/v6-m/nofp\libg.a(lib_a-mallocr.o) (__malloc_lock)
c:/progra~1/raspbe~1/picosd~1.1/gcc-ar~1/bin/../lib/gcc/arm-none-eabi/10.3.1/../../../../arm-none-eabi/lib/thumb/v6-m/nofp\libg.a(lib_a-realloc.o)
                              PWM/CMakeFiles/PWM.dir/C_/Users/59201/Desktop/NU/2024_Spring/ME433/Pico_examples_and_SDK/pico-sdk/src/rp2_common/pico_malloc/pico_malloc.c.obj (realloc)
c:/progra~1/raspbe~1/picosd~1.1/gcc-ar~1/bin/../lib/gcc/arm-none-eabi/10.3.1/../../../../arm-none-eabi/lib/thumb/v6-m/nofp\libg.a(lib_a-reallocr.o)
                              c:/progra~1/raspbe~1/picosd~1.1/gcc-ar~1/bin/../lib/gcc/arm-none-eabi/10.3.1/../../../../arm-none-eabi/lib/thumb/v6-m/nofp\libg.a(lib_a-realloc.o) (_realloc_r)
c:/progra~1/raspbe~1/picosd~1.1/gcc-ar~1/bin/../lib/gcc/arm-none-eabi/10.3.1/../../../../arm-none-eabi/lib/thumb/v6-m/nofp\libg.a(lib_a-sbrkr.o)
                              c:/progra~1/raspbe~1/picosd~1.1/gcc-ar~1/bin/../lib/gcc/arm-none-eabi/10.3.1/../../../../arm-none-eabi/lib/thumb/v6-m/nofp\libg.a(lib_a-mallocr.o) (_sbrk_r)
c:/progra~1/raspbe~1/picosd~1.1/gcc-ar~1/bin/../lib/gcc/arm-none-eabi/10.3.1/../../../../arm-none-eabi/lib/thumb/v6-m/nofp\libg.a(lib_a-strlen-stub.o)
                              PWM/CMakeFiles/PWM.dir/C_/Users/59201/Desktop/NU/2024_Spring/ME433/Pico_examples_and_SDK/pico-sdk/src/rp2_common/pico_stdio/stdio.c.obj (strlen)
c:/progra~1/raspbe~1/picosd~1.1/gcc-ar~1/bin/../lib/gcc/arm-none-eabi/10.3.1/../../../../arm-none-eabi/lib/thumb/v6-m/nofp\libg.a(lib_a-freer.o)
                              c:/progra~1/raspbe~1/picosd~1.1/gcc-ar~1/bin/../lib/gcc/arm-none-eabi/10.3.1/../../../../arm-none-eabi/lib/thumb/v6-m/nofp\libg.a(lib_a-malloc.o) (_free_r)
c:/progra~1/raspbe~1/picosd~1.1/gcc-ar~1/bin/../lib/gcc/arm-none-eabi/10.3.1/../../../../arm-none-eabi/lib/thumb/v6-m/nofp\libg.a(lib_a-lock.o)
[...]
Memory Configuration

Name             Origin             Length             Attributes
FLASH            0x10000000         0x00200000         xr
RAM              0x20000000         0x00040000         xrw
SCRATCH_X        0x20040000         0x00001000         xrw
SCRATCH_Y        0x20041000         0x00001000         xrw
*default*        0x00000000         0xffffffff

Linker script and memory map

LOAD c:/progra~1/raspbe~1/picosd~1.1/gcc-ar~1/bin/../lib/gcc/arm-none-eabi/10.3.1/thumb/v6-m/nofp/crti.o
LOAD c:/progra~1/raspbe~1/picosd~1.1/gcc-ar~1/bin/../lib/gcc/arm-none-eabi/10.3.1/thumb/v6-m/nofp/crtbegin.o
LOAD c:/progra~1/raspbe~1/picosd~1.1/gcc-ar~1/bin/../lib/gcc/arm-none-eabi/10.3.1/../../../../arm-none-eabi/lib/thumb/v6-m/nofp/crt0.o

.flash_begin    0x10000000        0x0
                0x10000000                __flash_binary_start = .

.boot2          0x10000000      0x100
                0x10000000                __boot2_start__ = .
 *(.boot2)
 .boot2         0x10000000      0x100 C:\Users\59201\AppData\Local\Temp\ccG0NaIb.o
                0x10000100                __boot2_end__ = .
                0x00000001                ASSERT (((__boot2_end__ - __boot2_start__) == 0x100), ERROR: Pico second stage bootloader must be 256 bytes in size)

.text           0x10000100     0x4698
                0x10000100                __logical_binary_start = .
 *(.vectors)
 .vectors       0x10000100       0xd4 PWM/CMakeFiles/PWM.dir/C_/Users/59201/Desktop/NU/2024_Spring/ME433/Pico_examples_and_SDK/pico-sdk/src/rp2_common/pico_standard_link/crt0.S.obj
                0x10000100                __VECTOR_TABLE
                0x10000100                __vectors
                0x100001c0                isr_invalid
                0x100001c0                __default_isrs_start
                0x100001c2                isr_nmi
                0x100001c4                isr_hardfault
                0x100001c6                isr_svcall
                0x100001c8                isr_pendsv
                0x100001ca                isr_systick
                0x100001cc                isr_irq23
                0x100001cc                isr_irq18
                0x100001cc                isr_irq11
                0x100001cc                isr_irq28
                0x100001cc                isr_irq19
                0x100001cc                isr_irq0
                0x100001cc                isr_irq6
                0x100001cc                isr_irq5
                0x100001cc                isr_irq12
                0x100001cc                isr_irq22
                0x100001cc                isr_irq31
                0x100001cc                isr_irq17
                0x100001cc                isr_irq27
                0x100001cc                isr_irq30
                0x100001cc                isr_irq2
                0x100001cc                isr_irq10
                0x100001cc                isr_irq8
                0x100001cc                isr_irq24
                0x100001cc                isr_irq1
                0x100001cc                isr_irq7
                0x100001cc                isr_irq21
                0x100001cc                isr_irq20
                0x100001cc                isr_irq15
                0x100001cc                isr_irq25
                0x100001cc                isr_irq13
                0x100001cc                __unhandled_user_irq
                0x100001cc                isr_irq4
                0x100001cc                isr_irq16
                0x100001cc                isr_irq29
                0x100001cc                isr_irq26
                0x100001cc                __default_isrs_end
                0x100001cc                isr_irq3
                0x100001cc                isr_irq14
                0x100001cc                isr_irq9
                0x100001d2                unhandled_user_irq_num_in_r0
 *(.binary_info_header)
 .binary_info_header
                0x100001d4       0x14 PWM/CMakeFiles/PWM.dir/C_/Users/59201/Desktop/NU/2024_Spring/ME433/Pico_examples_and_SDK/pico-sdk/src/rp2_common/pico_standard_link/crt0.S.obj
                0x100001e8                __binary_info_header_end = .
 *(.reset)
 .reset         0x100001e8       0xa0 PWM/CMakeFiles/PWM.dir/C_/Users/59201/Desktop/NU/2024_Spring/ME433/Pico_examples_and_SDK/pico-sdk/src/rp2_common/pico_standard_link/crt0.S.obj
                0x100001e8                _entry_point
 .reset         0x10000288       0x30 PWM/CMakeFiles/PWM.dir/C_/Users/59201/Desktop/NU/2024_Spring/ME433/Pico_examples_and_SDK/pico-sdk/src/rp2_common/pico_standard_link/binary_info.c.obj
 *(.init)
 .init          0x100002b8        0x4 c:/progra~1/raspbe~1/picosd~1.1/gcc-ar~1/bin/../lib/gcc/arm-none-eabi/10.3.1/thumb/v6-m/nofp/crti.o
                0x100002b8                _init
 *(EXCLUDE_FILE(*libm.a: *libc.a:*lib_a-mem*.o *libgcc.a:) .text*)
 .text          0x100002bc       0x48 c:/progra~1/raspbe~1/picosd~1.1/gcc-ar~1/bin/../lib/gcc/arm-none-eabi/10.3.1/thumb/v6-m/nofp/crtbegin.o
 .text.PWM_init
                0x10000304       0x30 PWM/CMakeFiles/PWM.dir/PWM.c.obj
                0x10000304                PWM_init
 .text.move_angle
                0x10000334       0x7c PWM/CMakeFiles/PWM.dir/PWM.c.obj
                0x10000334                move_angle
 .text.main     0x100003b0       0x24 PWM/CMakeFiles/PWM.dir/PWM.c.obj
                0x100003b0                main
 .text.gpio_set_function
                0x100003d4       0x30 PWM/CMakeFiles/PWM.dir/C_/Users/59201/Desktop/NU/2024_Spring/ME433/Pico_examples_and_SDK/pico-sdk/src/rp2_common/hardware_gpio/gpio.c.obj
                0x100003d4                gpio_set_function
 .text.gpio_init
                0x10000404       0x16 PWM/CMakeFiles/PWM.dir/C_/Users/59201/Desktop/NU/2024_Spring/ME433/Pico_examples_and_SDK/pico-sdk/src/rp2_common/hardware_gpio/gpio.c.obj
                0x10000404                gpio_init
 *fill*         0x1000041a        0x2 
 .text.running_on_fpga
                0x1000041c       0x14 PWM/CMakeFiles/PWM.dir/C_/Users/59201/Desktop/NU/2024_Spring/ME433/Pico_examples_and_SDK/pico-sdk/src/rp2_common/pico_platform/platform.c.obj
                0x1000041c                running_on_fpga
 .text.hw_claim_lock
                0x10000430       0x18 PWM/CMakeFiles/PWM.dir/C_/Users/59201/Desktop/NU/2024_Spring/ME433/Pico_examples_and_SDK/pico-sdk/src/rp2_common/hardware_claim/claim.c.obj
                0x10000430                hw_claim_lock
 .text.hw_claim_unlock
                0x10000448       0x14 PWM/CMakeFiles/PWM.dir/C_/Users/59201/Desktop/NU/2024_Spring/ME433/Pico_examples_and_SDK/pico-sdk/src/rp2_common/hardware_claim/claim.c.obj
                0x10000448                hw_claim_unlock
 .text.hw_claim_or_assert
                0x1000045c       0x32 PWM/CMakeFiles/PWM.dir/C_/Users/59201/Desktop/NU/2024_Spring/ME433/Pico_examples_and_SDK/pico-sdk/src/rp2_common/hardware_claim/claim.c.obj
                0x1000045c                hw_claim_or_assert
 *fill*         0x1000048e        0x2 
 .text.spin_locks_reset
                0x10000490       0x20 PWM/CMakeFiles/PWM.dir/C_/Users/59201/Desktop/NU/2024_Spring/ME433/Pico_examples_and_SDK/pico-sdk/src/rp2_common/hardware_sync/sync.c.obj
                0x10000490                spin_locks_reset
 .text.next_striped_spin_lock_num
                0x100004b0       0x1c PWM/CMakeFiles/PWM.dir/C_/Users/59201/Desktop/NU/2024_Spring/ME433/Pico_examples_and_SDK/pico-sdk/src/rp2_common/hardware_sync/sync.c.obj
                0x100004b0                next_striped_spin_lock_num
 .text.set_raw_irq_handler_and_unlock
                0x100004cc       0x28 PWM/CMakeFiles/PWM.dir/C_/Users/59201/Desktop/NU/2024_Spring/ME433/Pico_examples_and_SDK/pico-sdk/src/rp2_common/hardware_irq/irq.c.obj
 .text.make_branch
                0x100004f4       0x48 PWM/CMakeFiles/PWM.dir/C_/Users/59201/Desktop/NU/2024_Spring/ME433/Pico_examples_and_SDK/pico-sdk/src/rp2_common/hardware_irq/irq.c.obj
 .text.insert_branch_and_link
                0x1000053c       0x40 PWM/CMakeFiles/PWM.dir/C_/Users/59201/Desktop/NU/2024_Spring/ME433/Pico_examples_and_SDK/pico-sdk/src/rp2_common/hardware_irq/irq.c.obj
 .text.irq_is_enabled
                0x1000057c       0x18 PWM/CMakeFiles/PWM.dir/C_/Users/59201/Desktop/NU/2024_Spring/ME433/Pico_examples_and_SDK/pico-sdk/src/rp2_common/hardware_irq/irq.c.obj
                0x1000057c                irq_is_enabled
 .text.irq_set_mask_enabled
                0x10000594       0x20 PWM/CMakeFiles/PWM.dir/C_/Users/59201/Desktop/NU/2024_Spring/ME433/Pico_examples_and_SDK/pico-sdk/src/rp2_common/hardware_irq/irq.c.obj
                0x10000594                irq_set_mask_enabled
 .text.irq_set_enabled
                0x100005b4        0xe PWM/CMakeFiles/PWM.dir/C_/Users/59201/Desktop/NU/2024_Spring/ME433/Pico_examples_and_SDK/pico-sdk/src/rp2_common/hardware_irq/irq.c.obj
                0x100005b4                irq_set_enabled
 *fill*         0x100005c2        0x2 
 .text.irq_get_vtable_handler
                0x100005c4       0x10 PWM/CMakeFiles/PWM.dir/C_/Users/59201/Desktop/NU/2024_Spring/ME433/Pico_examples_and_SDK/pico-sdk/src/rp2_common/hardware_irq/irq.c.obj
                0x100005c4                irq_get_vtable_handler
 .text.irq_set_exclusive_handler
                0x100005d4       0x54 PWM/CMakeFiles/PWM.dir/C_/Users/59201/Desktop/NU/2024_Spring/ME433/Pico_examples_and_SDK/pico-sdk/src/rp2_common/hardware_irq/irq.c.obj
                0x100005d4                irq_set_exclusive_handler
 .text.irq_remove_handler
                0x10000628      0x1ac PWM/CMakeFiles/PWM.dir/C_/Users/59201/Desktop/NU/2024_Spring/ME433/Pico_examples_and_SDK/pico-sdk/src/rp2_common/hardware_irq/irq.c.obj
                0x10000628                irq_remove_handler
 .text.irq_add_tail_to_free_list
                0x100007d4       0xf0 PWM/CMakeFiles/PWM.dir/C_/Users/59201/Desktop/NU/2024_Spring/ME433/Pico_examples_and_SDK/pico-sdk/src/rp2_common/hardware_irq/irq.c.obj
                0x100007d4                irq_add_tail_to_free_list
 .text.irq_init_priorities
                0x100008c4       0x1c PWM/CMakeFiles/PWM.dir/C_/Users/59201/Desktop/NU/2024_Spring/ME433/Pico_examples_and_SDK/pico-sdk/src/rp2_common/hardware_irq/irq.c.obj
                0x100008c4                irq_init_priorities
 .text.lock_init
                0x100008e0       0x10 PWM/CMakeFiles/PWM.dir/C_/Users/59201/Desktop/NU/2024_Spring/ME433/Pico_examples_and_SDK/pico-sdk/src/common/pico_sync/lock_core.c.obj
                0x100008e0                lock_init
 .text.mutex_init
                0x100008f0       0x1a PWM/CMakeFiles/PWM.dir/C_/Users/59201/Desktop/NU/2024_Spring/ME433/Pico_examples_and_SDK/pico-sdk/src/common/pico_sync/mutex.c.obj
                0x100008f0                mutex_init
 .text.recursive_mutex_init
                0x1000090a       0x1e PWM/CMakeFiles/PWM.dir/C_/Users/59201/Desktop/NU/2024_Spring/ME433/Pico_examples_and_SDK/pico-sdk/src/common/pico_sync/mutex.c.obj
                0x1000090a                recursive_mutex_init
 .text.alarm_pool_post_alloc_init
                0x10000928       0x40 PWM/CMakeFiles/PWM.dir/C_/Users/59201/Desktop/NU/2024_Spring/ME433/Pico_examples_and_SDK/pico-sdk/src/common/pico_time/time.c.obj
 .text.sleep_until_callback
                0x10000968       0x30 PWM/CMakeFiles/PWM.dir/C_/Users/59201/Desktop/NU/2024_Spring/ME433/Pico_examples_and_SDK/pico-sdk/src/common/pico_time/time.c.obj
 .text.timer_pool_entry_comparator
                0x10000998       0x7c PWM/CMakeFiles/PWM.dir/C_/Users/59201/Desktop/NU/2024_Spring/ME433/Pico_examples_and_SDK/pico-sdk/src/common/pico_time/time.c.obj
                0x10000998                timer_pool_entry_comparator
 .text.ph_add_child_node
                0x10000a14       0xa4 PWM/CMakeFiles/PWM.dir/C_/Users/59201/Desktop/NU/2024_Spring/ME433/Pico_examples_and_SDK/pico-sdk/src/common/pico_time/time.c.obj
 .text.ph_merge_nodes
                0x10000ab8       0x3e PWM/CMakeFiles/PWM.dir/C_/Users/59201/Desktop/NU/2024_Spring/ME433/Pico_examples_and_SDK/pico-sdk/src/common/pico_time/time.c.obj
 *fill*         0x10000af6        0x2 
 .text.add_alarm_under_lock
                0x10000af8      0x174 PWM/CMakeFiles/PWM.dir/C_/Users/59201/Desktop/NU/2024_Spring/ME433/Pico_examples_and_SDK/pico-sdk/src/common/pico_time/time.c.obj
 .text.alarm_pool_alarm_callback
                0x10000c6c      0x33c PWM/CMakeFiles/PWM.dir/C_/Users/59201/Desktop/NU/2024_Spring/ME433/Pico_examples_and_SDK/pico-sdk/src/common/pico_time/time.c.obj
 .text.alarm_pool_init_default
                0x10000fa8       0x40 PWM/CMakeFiles/PWM.dir/C_/Users/59201/Desktop/NU/2024_Spring/ME433/Pico_examples_and_SDK/pico-sdk/src/common/pico_time/time.c.obj
                0x10000fa8                alarm_pool_init_default
 .text.alarm_pool_get_default
                0x10000fe8       0x2c PWM/CMakeFiles/PWM.dir/C_/Users/59201/Desktop/NU/2024_Spring/ME433/Pico_examples_and_SDK/pico-sdk/src/common/pico_time/time.c.obj
                0x10000fe8                alarm_pool_get_default
 .text.alarm_pool_add_alarm_at
                0x10001014      0x168 PWM/CMakeFiles/PWM.dir/C_/Users/59201/Desktop/NU/2024_Spring/ME433/Pico_examples_and_SDK/pico-sdk/src/common/pico_time/time.c.obj
                0x10001014                alarm_pool_add_alarm_at
 .text.alarm_pool_cancel_alarm
                0x1000117c       0xf8 PWM/CMakeFiles/PWM.dir/C_/Users/59201/Desktop/NU/2024_Spring/ME433/Pico_examples_and_SDK/pico-sdk/src/common/pico_time/time.c.obj
                0x1000117c                alarm_pool_cancel_alarm
 .text.sleep_until
                0x10001274       0xfc PWM/CMakeFiles/PWM.dir/C_/Users/59201/Desktop/NU/2024_Spring/ME433/Pico_examples_and_SDK/pico-sdk/src/common/pico_time/time.c.obj
                0x10001274                sleep_until
 .text.sleep_us
                0x10001370       0x58 PWM/CMakeFiles/PWM.dir/C_/Users/59201/Desktop/NU/2024_Spring/ME433/Pico_examples_and_SDK/pico-sdk/src/common/pico_time/time.c.obj
                0x10001370                sleep_us
 .text.sleep_ms
                0x100013c8       0x14 PWM/CMakeFiles/PWM.dir/C_/Users/59201/Desktop/NU/2024_Spring/ME433/Pico_examples_and_SDK/pico-sdk/src/common/pico_time/time.c.obj
                0x100013c8                sleep_ms
 .text.best_effort_wfe_or_timeout
                0x100013dc       0xac PWM/CMakeFiles/PWM.dir/C_/Users/59201/Desktop/NU/2024_Spring/ME433/Pico_examples_and_SDK/pico-sdk/src/common/pico_time/time.c.obj
                0x100013dc                best_effort_wfe_or_timeout
 .text.hardware_alarm_irq_handler
                0x10001488       0x90 PWM/CMakeFiles/PWM.dir/C_/Users/59201/Desktop/NU/2024_Spring/ME433/Pico_examples_and_SDK/pico-sdk/src/rp2_common/hardware_timer/timer.c.obj
 .text.hardware_alarm_claim
                0x10001518       0x18 PWM/CMakeFiles/PWM.dir/C_/Users/59201/Desktop/NU/2024_Spring/ME433/Pico_examples_and_SDK/pico-sdk/src/rp2_common/hardware_timer/timer.c.obj
                0x10001518                hardware_alarm_claim
 .text.time_us_64
                0x10001530       0x18 PWM/CMakeFiles/PWM.dir/C_/Users/59201/Desktop/NU/2024_Spring/ME433/Pico_examples_and_SDK/pico-sdk/src/rp2_common/hardware_timer/timer.c.obj
                0x10001530                time_us_64
 .text.busy_wait_until
                0x10001548       0x28 PWM/CMakeFiles/PWM.dir/C_/Users/59201/Desktop/NU/2024_Spring/ME433/Pico_examples_and_SDK/pico-sdk/src/rp2_common/hardware_timer/timer.c.obj
                0x10001548                busy_wait_until
 .text.busy_wait_us
                0x10001570       0x48 PWM/CMakeFiles/PWM.dir/C_/Users/59201/Desktop/NU/2024_Spring/ME433/Pico_examples_and_SDK/pico-sdk/src/rp2_common/hardware_timer/timer.c.obj
                0x10001570                busy_wait_us
 .text.hardware_alarm_set_callback
                0x100015b8       0x90 PWM/CMakeFiles/PWM.dir/C_/Users/59201/Desktop/NU/2024_Spring/ME433/Pico_examples_and_SDK/pico-sdk/src/rp2_common/hardware_timer/timer.c.obj
                0x100015b8                hardware_alarm_set_callback
 .text.hardware_alarm_set_target
                0x10001648       0xe8 PWM/CMakeFiles/PWM.dir/C_/Users/59201/Desktop/NU/2024_Spring/ME433/Pico_examples_and_SDK/pico-sdk/src/rp2_common/hardware_timer/timer.c.obj
                0x10001648                hardware_alarm_set_target
 .text.hardware_alarm_cancel
                0x10001730       0x40 PWM/CMakeFiles/PWM.dir/C_/Users/59201/Desktop/NU/2024_Spring/ME433/Pico_examples_and_SDK/pico-sdk/src/rp2_common/hardware_timer/timer.c.obj
                0x10001730                hardware_alarm_cancel
 .text.ph_add_child_node
                0x10001770       0xa4 PWM/CMakeFiles/PWM.dir/C_/Users/59201/Desktop/NU/2024_Spring/ME433/Pico_examples_and_SDK/pico-sdk/src/common/pico_util/pheap.c.obj
 .text.ph_merge_nodes
                0x10001814       0x3e PWM/CMakeFiles/PWM.dir/C_/Users/59201/Desktop/NU/2024_Spring/ME433/Pico_examples_and_SDK/pico-sdk/src/common/pico_util/pheap.c.obj
 *fill*         0x10001852        0x2 
 .text.ph_clear
                0x10001854       0x70 PWM/CMakeFiles/PWM.dir/C_/Users/59201/Desktop/NU/2024_Spring/ME433/Pico_examples_and_SDK/pico-sdk/src/common/pico_util/pheap.c.obj
                0x10001854                ph_clear
 .text.ph_post_alloc_init
                0x100018c4        0xe PWM/CMakeFiles/PWM.dir/C_/Users/59201/Desktop/NU/2024_Spring/ME433/Pico_examples_and_SDK/pico-sdk/src/common/pico_util/pheap.c.obj
                0x100018c4                ph_post_alloc_init
 *fill*         0x100018d2        0x2 
 .text.ph_merge_two_pass
                0x100018d4       0xa8 PWM/CMakeFiles/PWM.dir/C_/Users/59201/Desktop/NU/2024_Spring/ME433/Pico_examples_and_SDK/pico-sdk/src/common/pico_util/pheap.c.obj
                0x100018d4                ph_merge_two_pass
 .text.ph_remove_any_head
                0x1000197c      0x128 PWM/CMakeFiles/PWM.dir/C_/Users/59201/Desktop/NU/2024_Spring/ME433/Pico_examples_and_SDK/pico-sdk/src/common/pico_util/pheap.c.obj
 .text.ph_remove_head
                0x10001aa4       0x14 PWM/CMakeFiles/PWM.dir/C_/Users/59201/Desktop/NU/2024_Spring/ME433/Pico_examples_and_SDK/pico-sdk/src/common/pico_util/pheap.c.obj
                0x10001aa4                ph_remove_head
 .text.ph_remove_and_free_node
                0x10001ab8       0xf8 PWM/CMakeFiles/PWM.dir/C_/Users/59201/Desktop/NU/2024_Spring/ME433/Pico_examples_and_SDK/pico-sdk/src/common/pico_util/pheap.c.obj
                0x10001ab8                ph_remove_and_free_node
 .text.uart_disable_before_lcr_write
                0x10001bb0       0x48 PWM/CMakeFiles/PWM.dir/C_/Users/59201/Desktop/NU/2024_Spring/ME433/Pico_examples_and_SDK/pico-sdk/src/rp2_common/hardware_uart/uart.c.obj
 .text.uart_write_lcr_bits_masked
                0x10001bf8       0x22 PWM/CMakeFiles/PWM.dir/C_/Users/59201/Desktop/NU/2024_Spring/ME433/Pico_examples_and_SDK/pico-sdk/src/rp2_common/hardware_uart/uart.c.obj
 *fill*         0x10001c1a        0x2 
 .text.uart_set_baudrate
                0x10001c1c       0x5c PWM/CMakeFiles/PWM.dir/C_/Users/59201/Desktop/NU/2024_Spring/ME433/Pico_examples_and_SDK/pico-sdk/src/rp2_common/hardware_uart/uart.c.obj
                0x10001c1c                uart_set_baudrate
 .text.uart_set_format
                0x10001c78       0x2c PWM/CMakeFiles/PWM.dir/C_/Users/59201/Desktop/NU/2024_Spring/ME433/Pico_examples_and_SDK/pico-sdk/src/rp2_common/hardware_uart/uart.c.obj
                0x10001c78                uart_set_format
 .text.uart_set_translate_crlf
                0x10001ca4       0x28 PWM/CMakeFiles/PWM.dir/C_/Users/59201/Desktop/NU/2024_Spring/ME433/Pico_examples_and_SDK/pico-sdk/src/rp2_common/hardware_uart/uart.c.obj
                0x10001ca4                uart_set_translate_crlf
 .text.uart_init
                0x10001ccc       0x80 PWM/CMakeFiles/PWM.dir/C_/Users/59201/Desktop/NU/2024_Spring/ME433/Pico_examples_and_SDK/pico-sdk/src/rp2_common/hardware_uart/uart.c.obj
                0x10001ccc                uart_init
 .text.clock_configure
                0x10001d4c      0x108 PWM/CMakeFiles/PWM.dir/C_/Users/59201/Desktop/NU/2024_Spring/ME433/Pico_examples_and_SDK/pico-sdk/src/rp2_common/hardware_clocks/clocks.c.obj
                0x10001d4c                clock_configure
 .text.clocks_init
                0x10001e54      0x100 PWM/CMakeFiles/PWM.dir/C_/Users/59201/Desktop/NU/2024_Spring/ME433/Pico_examples_and_SDK/pico-sdk/src/rp2_common/hardware_clocks/clocks.c.obj
                0x10001e54                clocks_init
 .text.clock_get_hz
                0x10001f54        0xc PWM/CMakeFiles/PWM.dir/C_/Users/59201/Desktop/NU/2024_Spring/ME433/Pico_examples_and_SDK/pico-sdk/src/rp2_common/hardware_clocks/clocks.c.obj
                0x10001f54                clock_get_hz
 .text.pll_init
                0x10001f60      0x120 PWM/CMakeFiles/PWM.dir/C_/Users/59201/Desktop/NU/2024_Spring/ME433/Pico_examples_and_SDK/pico-sdk/src/rp2_common/hardware_pll/pll.c.obj
                0x10001f60                pll_init
 .text.watchdog_start_tick
                0x10002080       0x10 PWM/CMakeFiles/PWM.dir/C_/Users/59201/Desktop/NU/2024_Spring/ME433/Pico_examples_and_SDK/pico-sdk/src/rp2_common/hardware_watchdog/watchdog.c.obj
                0x10002080                watchdog_start_tick
 .text.xosc_init
                0x10002090       0x28 PWM/CMakeFiles/PWM.dir/C_/Users/59201/Desktop/NU/2024_Spring/ME433/Pico_examples_and_SDK/pico-sdk/src/rp2_common/hardware_xosc/xosc.c.obj
                0x10002090                xosc_init
 .text._exit    0x100020b8        0x4 PWM/CMakeFiles/PWM.dir/C_/Users/59201/Desktop/NU/2024_Spring/ME433/Pico_examples_and_SDK/pico-sdk/src/rp2_common/pico_runtime/runtime.c.obj
                0x100020b8                _exit
 .text.exit     0x100020bc        0x6 PWM/CMakeFiles/PWM.dir/C_/Users/59201/Desktop/NU/2024_Spring/ME433/Pico_examples_and_SDK/pico-sdk/src/rp2_common/pico_runtime/runtime.c.obj
                0x100020bc                exit
 *fill*         0x100020c2        0x2 
 .text.__assert_func
                0x100020c4       0x3c PWM/CMakeFiles/PWM.dir/C_/Users/59201/Desktop/NU/2024_Spring/ME433/Pico_examples_and_SDK/pico-sdk/src/rp2_common/pico_runtime/runtime.c.obj
                0x100020c4                __assert_func
 .text.runtime_init
                0x10002100       0xf8 PWM/CMakeFiles/PWM.dir/C_/Users/59201/Desktop/NU/2024_Spring/ME433/Pico_examples_and_SDK/pico-sdk/src/rp2_common/pico_runtime/runtime.c.obj
                0x10002100                runtime_init
 .text.panic    0x100021f8       0x30 PWM/CMakeFiles/PWM.dir/C_/Users/59201/Desktop/NU/2024_Spring/ME433/Pico_examples_and_SDK/pico-sdk/src/rp2_common/pico_runtime/runtime.c.obj
                0x100021f8                panic
 .text._out_null
                0x10002228        0x2 PWM/CMakeFiles/PWM.dir/C_/Users/59201/Desktop/NU/2024_Spring/ME433/Pico_examples_and_SDK/pico-sdk/src/rp2_common/pico_printf/printf.c.obj
 .text._out_fct
                0x1000222a        0xe PWM/CMakeFiles/PWM.dir/C_/Users/59201/Desktop/NU/2024_Spring/ME433/Pico_examples_and_SDK/pico-sdk/src/rp2_common/pico_printf/printf.c.obj
 .text._atoi    0x10002238       0x24 PWM/CMakeFiles/PWM.dir/C_/Users/59201/Desktop/NU/2024_Spring/ME433/Pico_examples_and_SDK/pico-sdk/src/rp2_common/pico_printf/printf.c.obj
 .text._out_rev
                0x1000225c       0xae PWM/CMakeFiles/PWM.dir/C_/Users/59201/Desktop/NU/2024_Spring/ME433/Pico_examples_and_SDK/pico-sdk/src/rp2_common/pico_printf/printf.c.obj
 .text._ntoa_format
                0x1000230a      0x112 PWM/CMakeFiles/PWM.dir/C_/Users/59201/Desktop/NU/2024_Spring/ME433/Pico_examples_and_SDK/pico-sdk/src/rp2_common/pico_printf/printf.c.obj
 .text._ntoa_long
                0x1000241c       0xbc PWM/CMakeFiles/PWM.dir/C_/Users/59201/Desktop/NU/2024_Spring/ME433/Pico_examples_and_SDK/pico-sdk/src/rp2_common/pico_printf/printf.c.obj
 .text._ntoa_long_long
                0x100024d8       0xe2 PWM/CMakeFiles/PWM.dir/C_/Users/59201/Desktop/NU/2024_Spring/ME433/Pico_examples_and_SDK/pico-sdk/src/rp2_common/pico_printf/printf.c.obj
 *fill*         0x100025ba        0x2 
 .text._etoa    0x100025bc      0x414 PWM/CMakeFiles/PWM.dir/C_/Users/59201/Desktop/NU/2024_Spring/ME433/Pico_examples_and_SDK/pico-sdk/src/rp2_common/pico_printf/printf.c.obj
 .text._ftoa    0x100029d0      0x354 PWM/CMakeFiles/PWM.dir/C_/Users/59201/Desktop/NU/2024_Spring/ME433/Pico_examples_and_SDK/pico-sdk/src/rp2_common/pico_printf/printf.c.obj
 .text._vsnprintf
                0x10002d24      0x624 PWM/CMakeFiles/PWM.dir/C_/Users/59201/Desktop/NU/2024_Spring/ME433/Pico_examples_and_SDK/pico-sdk/src/rp2_common/pico_printf/printf.c.obj
 .text.vfctprintf
                0x10003348       0x20 PWM/CMakeFiles/PWM.dir/C_/Users/59201/Desktop/NU/2024_Spring/ME433/Pico_examples_and_SDK/pico-sdk/src/rp2_common/pico_printf/printf.c.obj
                0x10003348                vfctprintf
 .text          0x10003368       0x10 PWM/CMakeFiles/PWM.dir/C_/Users/59201/Desktop/NU/2024_Spring/ME433/Pico_examples_and_SDK/pico-sdk/src/rp2_common/pico_bit_ops/bit_ops_aeabi.S.obj
 .text.rom_func_lookup
                0x10003378       0x10 PWM/CMakeFiles/PWM.dir/C_/Users/59201/Desktop/NU/2024_Spring/ME433/Pico_examples_and_SDK/pico-sdk/src/rp2_common/pico_bootrom/bootrom.c.obj
                0x10003378                rom_func_lookup
 .text.rom_data_lookup
                0x10003388       0x10 PWM/CMakeFiles/PWM.dir/C_/Users/59201/Desktop/NU/2024_Spring/ME433/Pico_examples_and_SDK/pico-sdk/src/rp2_common/pico_bootrom/bootrom.c.obj
                0x10003388                rom_data_lookup
 .text.rom_funcs_lookup
                0x10003398       0x36 PWM/CMakeFiles/PWM.dir/C_/Users/59201/Desktop/NU/2024_Spring/ME433/Pico_examples_and_SDK/pico-sdk/src/rp2_common/pico_bootrom/bootrom.c.obj
                0x10003398                rom_funcs_lookup
 *fill*         0x100033ce        0x2 
 .text.__wrap___aeabi_idiv
                0x100033d0       0x50 PWM/CMakeFiles/PWM.dir/C_/Users/59201/Desktop/NU/2024_Spring/ME433/Pico_examples_and_SDK/pico-sdk/src/rp2_common/pico_divider/divider.S.obj
                0x100033d0                __wrap___aeabi_idivmod
                0x100033d0                divmod_s32s32
                0x100033d0                div_s32s32
                0x100033d0                __wrap___aeabi_idiv
                0x100033d8                divmod_s32s32_unsafe
                0x10003404                divmod_s32s32_savestate
 .text.__wrap___aeabi_uidiv
                0x10003420       0x4c PWM/CMakeFiles/PWM.dir/C_/Users/59201/Desktop/NU/2024_Spring/ME433/Pico_examples_and_SDK/pico-sdk/src/rp2_common/pico_divider/divider.S.obj
                0x10003420                __wrap___aeabi_uidiv
                0x10003420                __wrap___aeabi_uidivmod
                0x10003420                div_u32u32
                0x10003420                divmod_u32u32
                0x10003428                divmod_u32u32_unsafe
                0x10003450                divmod_u32u32_savestate
 .text.__wrap___aeabi_ldiv
                0x1000346c      0x424 PWM/CMakeFiles/PWM.dir/C_/Users/59201/Desktop/NU/2024_Spring/ME433/Pico_examples_and_SDK/pico-sdk/src/rp2_common/pico_divider/divider.S.obj
                0x1000346c                div_s64s64
                0x1000346c                divmod_s64s64
                0x1000346c                __wrap___aeabi_ldivmod
                0x1000349c                divmod_u64u64
                0x1000349c                div_u64u64
                0x1000349c                __wrap___aeabi_uldivmod
                0x100034ac                divmod_u64u64_savestate
                0x100034cc                divmod_s64s64_unsafe
                0x10003554                divmod_u64u64_unsafe
 .text.__wrap___aeabi_darithmetic
                0x10003890       0x80 PWM/CMakeFiles/PWM.dir/C_/Users/59201/Desktop/NU/2024_Spring/ME433/Pico_examples_and_SDK/pico-sdk/src/rp2_common/pico_double/double_aeabi.S.obj
                0x10003890                __wrap___aeabi_drsub
                0x10003896                __wrap___aeabi_dsub
                0x100038a8                __wrap___aeabi_dadd
                0x100038ba                __wrap___aeabi_ddiv
                0x100038f6                __wrap___aeabi_dmul
 .text.__wrap___aeabi_cdcmple
                0x10003910       0x6c PWM/CMakeFiles/PWM.dir/C_/Users/59201/Desktop/NU/2024_Spring/ME433/Pico_examples_and_SDK/pico-sdk/src/rp2_common/pico_double/double_aeabi.S.obj
                0x10003910                __wrap___aeabi_cdrcmple
                0x10003920                __wrap___aeabi_cdcmpeq
                0x10003920                __wrap___aeabi_cdcmple
 .text.__wrap___aeabi_dcmplt
                0x1000397c        0xc PWM/CMakeFiles/PWM.dir/C_/Users/59201/Desktop/NU/2024_Spring/ME433/Pico_examples_and_SDK/pico-sdk/src/rp2_common/pico_double/double_aeabi.S.obj
                0x1000397c                __wrap___aeabi_dcmplt
 .text.__wrap___aeabi_dcmple
                0x10003988       0x10 PWM/CMakeFiles/PWM.dir/C_/Users/59201/Desktop/NU/2024_Spring/ME433/Pico_examples_and_SDK/pico-sdk/src/rp2_common/pico_double/double_aeabi.S.obj
                0x10003988                __wrap___aeabi_dcmple
 .text.__wrap___aeabi_dcmpge
                0x10003998       0x10 PWM/CMakeFiles/PWM.dir/C_/Users/59201/Desktop/NU/2024_Spring/ME433/Pico_examples_and_SDK/pico-sdk/src/rp2_common/pico_double/double_aeabi.S.obj
                0x10003998                __wrap___aeabi_dcmpge
 .text.__wrap___aeabi_dcmpgt
                0x100039a8        0xa PWM/CMakeFiles/PWM.dir/C_/Users/59201/Desktop/NU/2024_Spring/ME433/Pico_examples_and_SDK/pico-sdk/src/rp2_common/pico_double/double_aeabi.S.obj
                0x100039a8                __wrap___aeabi_dcmpgt
 .text.__wrap___aeabi_dcmpun
                0x100039b2       0x1c PWM/CMakeFiles/PWM.dir/C_/Users/59201/Desktop/NU/2024_Spring/ME433/Pico_examples_and_SDK/pico-sdk/src/rp2_common/pico_double/double_aeabi.S.obj
                0x100039b2                __wrap___aeabi_dcmpun
 *fill*         0x100039ce        0x2 
 .text.__wrap___aeabi_i2d
                0x100039d0       0x38 PWM/CMakeFiles/PWM.dir/C_/Users/59201/Desktop/NU/2024_Spring/ME433/Pico_examples_and_SDK/pico-sdk/src/rp2_common/pico_double/double_aeabi.S.obj
                0x100039d0                __wrap___aeabi_ui2d
                0x100039d8                __wrap___aeabi_i2d
 .text.__wrap___aeabi_d2iz
                0x10003a08       0x48 PWM/CMakeFiles/PWM.dir/C_/Users/59201/Desktop/NU/2024_Spring/ME433/Pico_examples_and_SDK/pico-sdk/src/rp2_common/pico_double/double_aeabi.S.obj
                0x10003a08                double2int_z
                0x10003a08                __wrap___aeabi_d2iz
 .text.__wrap___aeabi_d2uiz
                0x10003a50       0x18 PWM/CMakeFiles/PWM.dir/C_/Users/59201/Desktop/NU/2024_Spring/ME433/Pico_examples_and_SDK/pico-sdk/src/rp2_common/pico_double/double_aeabi.S.obj
                0x10003a50                __wrap___aeabi_d2uiz
                0x10003a50                double2uint
 .text.__aeabi_double_init
                0x10003a68       0xc8 PWM/CMakeFiles/PWM.dir/C_/Users/59201/Desktop/NU/2024_Spring/ME433/Pico_examples_and_SDK/pico-sdk/src/rp2_common/pico_double/double_init_rom.c.obj
                0x10003a68                __aeabi_double_init
 .text.double_table_shim_on_use_helper
                0x10003b30       0x34 PWM/CMakeFiles/PWM.dir/C_/Users/59201/Desktop/NU/2024_Spring/ME433/Pico_examples_and_SDK/pico-sdk/src/rp2_common/pico_double/double_v1_rom_shim.S.obj
                0x10003b30                double_table_shim_on_use_helper
 .text.__wrap___aeabi_dsub
                0x10003b64       0x10 PWM/CMakeFiles/PWM.dir/C_/Users/59201/Desktop/NU/2024_Spring/ME433/Pico_examples_and_SDK/pico-sdk/src/rp2_common/pico_double/double_v1_rom_shim.S.obj
                0x10003b64                drsub_shim
                0x10003b6a                dsub_shim
 .text.dadd_shim
                0x10003b74      0x15c PWM/CMakeFiles/PWM.dir/C_/Users/59201/Desktop/NU/2024_Spring/ME433/Pico_examples_and_SDK/pico-sdk/src/rp2_common/pico_double/double_v1_rom_shim.S.obj
                0x10003b74                dadd_shim
 .text.dmul_shim
                0x10003cd0      0x15c PWM/CMakeFiles/PWM.dir/C_/Users/59201/Desktop/NU/2024_Spring/ME433/Pico_examples_and_SDK/pico-sdk/src/rp2_common/pico_double/double_v1_rom_shim.S.obj
                0x10003cd0                dmul_shim
 .text.ddiv_shim
                0x10003e2c      0x1b0 PWM/CMakeFiles/PWM.dir/C_/Users/59201/Desktop/NU/2024_Spring/ME433/Pico_examples_and_SDK/pico-sdk/src/rp2_common/pico_double/double_v1_rom_shim.S.obj
                0x10003e2c                ddiv_shim
 .text.double2uint_shim
                0x10003fdc        0xe PWM/CMakeFiles/PWM.dir/C_/Users/59201/Desktop/NU/2024_Spring/ME433/Pico_examples_and_SDK/pico-sdk/src/rp2_common/pico_double/double_v1_rom_shim.S.obj
                0x10003fdc                double2uint_shim
                0x10003fde                double2ufix_shim
 *fill*         0x10003fea        0x2 
 .text.double2uint64_shim
                0x10003fec       0x70 PWM/CMakeFiles/PWM.dir/C_/Users/59201/Desktop/NU/2024_Spring/ME433/Pico_examples_and_SDK/pico-sdk/src/rp2_common/pico_double/double_v1_rom_shim.S.obj
                0x10003fec                double2uint64_shim
                0x10003fee                double2ufix64_shim
                0x1000400e                d2fix_a
 .text.dunpacks
                0x1000405c       0x3c PWM/CMakeFiles/PWM.dir/C_/Users/59201/Desktop/NU/2024_Spring/ME433/Pico_examples_and_SDK/pico-sdk/src/rp2_common/pico_double/double_v1_rom_shim.S.obj
                0x1000405c                dunpacks
 .text.__aeabi_lmul
                0x10004098       0x32 PWM/CMakeFiles/PWM.dir/C_/Users/59201/Desktop/NU/2024_Spring/ME433/Pico_examples_and_SDK/pico-sdk/src/rp2_common/pico_int64_ops/pico_int64_ops_aeabi.S.obj
                0x10004098                __wrap___aeabi_lmul
 *fill*         0x100040ca        0x2 
 .text.__aeabi_float_init
                0x100040cc       0xfc PWM/CMakeFiles/PWM.dir/C_/Users/59201/Desktop/NU/2024_Spring/ME433/Pico_examples_and_SDK/pico-sdk/src/rp2_common/pico_float/float_init_rom.c.obj
                0x100040cc                __aeabi_float_init
 .text.float_table_shim_on_use_helper
                0x100041c8       0x34 PWM/CMakeFiles/PWM.dir/C_/Users/59201/Desktop/NU/2024_Spring/ME433/Pico_examples_and_SDK/pico-sdk/src/rp2_common/pico_float/float_v1_rom_shim.S.obj
                0x100041c8                float_table_shim_on_use_helper
 .text          0x100041fc       0x10 PWM/CMakeFiles/PWM.dir/C_/Users/59201/Desktop/NU/2024_Spring/ME433/Pico_examples_and_SDK/pico-sdk/src/rp2_common/pico_mem_ops/mem_ops_aeabi.S.obj
                0x100041fc                __aeabi_mem_init
 .text.memcpy   0x1000420c        0xc PWM/CMakeFiles/PWM.dir/C_/Users/59201/Desktop/NU/2024_Spring/ME433/Pico_examples_and_SDK/pico-sdk/src/rp2_common/pico_mem_ops/mem_ops_aeabi.S.obj
                0x1000420c                __wrap_memcpy
                0x1000420c                __wrap___aeabi_memcpy
 .text.stdio_out_chars_no_crlf
                0x10004218        0xe PWM/CMakeFiles/PWM.dir/C_/Users/59201/Desktop/NU/2024_Spring/ME433/Pico_examples_and_SDK/pico-sdk/src/rp2_common/pico_stdio/stdio.c.obj
 *fill*         0x10004226        0x2 
 .text.stdio_out_chars_crlf
                0x10004228       0x80 PWM/CMakeFiles/PWM.dir/C_/Users/59201/Desktop/NU/2024_Spring/ME433/Pico_examples_and_SDK/pico-sdk/src/rp2_common/pico_stdio/stdio.c.obj
 .text.stdio_stack_buffer_flush
                0x100042a8       0x44 PWM/CMakeFiles/PWM.dir/C_/Users/59201/Desktop/NU/2024_Spring/ME433/Pico_examples_and_SDK/pico-sdk/src/rp2_common/pico_stdio/stdio.c.obj
 .text.stdio_buffered_printer
                0x100042ec       0x20 PWM/CMakeFiles/PWM.dir/C_/Users/59201/Desktop/NU/2024_Spring/ME433/Pico_examples_and_SDK/pico-sdk/src/rp2_common/pico_stdio/stdio.c.obj
 .text.stdout_serialize_begin
                0x1000430c       0x5c PWM/CMakeFiles/PWM.dir/C_/Users/59201/Desktop/NU/2024_Spring/ME433/Pico_examples_and_SDK/pico-sdk/src/rp2_common/pico_stdio/stdio.c.obj
                0x1000430c                stdout_serialize_begin
 .text.stdout_serialize_end
                0x10004368       0x10 PWM/CMakeFiles/PWM.dir/C_/Users/59201/Desktop/NU/2024_Spring/ME433/Pico_examples_and_SDK/pico-sdk/src/rp2_common/pico_stdio/stdio.c.obj
                0x10004368                stdout_serialize_end
 .text.stdio_put_string
                0x10004378       0x98 PWM/CMakeFiles/PWM.dir/C_/Users/59201/Desktop/NU/2024_Spring/ME433/Pico_examples_and_SDK/pico-sdk/src/rp2_common/pico_stdio/stdio.c.obj
 .text.stdio_set_driver_enabled
                0x10004410       0x2c PWM/CMakeFiles/PWM.dir/C_/Users/59201/Desktop/NU/2024_Spring/ME433/Pico_examples_and_SDK/pico-sdk/src/rp2_common/pico_stdio/stdio.c.obj
                0x10004410                stdio_set_driver_enabled
 .text.stdio_flush
                0x1000443c       0x20 PWM/CMakeFiles/PWM.dir/C_/Users/59201/Desktop/NU/2024_Spring/ME433/Pico_examples_and_SDK/pico-sdk/src/rp2_common/pico_stdio/stdio.c.obj
                0x1000443c                stdio_flush
 .text.__wrap_puts
                0x1000445c       0x1e PWM/CMakeFiles/PWM.dir/C_/Users/59201/Desktop/NU/2024_Spring/ME433/Pico_examples_and_SDK/pico-sdk/src/rp2_common/pico_stdio/stdio.c.obj
                0x1000445c                __wrap_puts
 *fill*         0x1000447a        0x2 
 .text.__wrap_vprintf
                0x1000447c       0x40 PWM/CMakeFiles/PWM.dir/C_/Users/59201/Desktop/NU/2024_Spring/ME433/Pico_examples_and_SDK/pico-sdk/src/rp2_common/pico_stdio/stdio.c.obj
                0x1000447c                __wrap_vprintf
 .text.__wrap_printf
                0x100044bc       0x18 PWM/CMakeFiles/PWM.dir/C_/Users/59201/Desktop/NU/2024_Spring/ME433/Pico_examples_and_SDK/pico-sdk/src/rp2_common/pico_stdio/stdio.c.obj
                0x100044bc                __wrap_printf
 .text.stdio_init_all
                0x100044d4        0xa PWM/CMakeFiles/PWM.dir/C_/Users/59201/Desktop/NU/2024_Spring/ME433/Pico_examples_and_SDK/pico-sdk/src/rp2_common/pico_stdio/stdio.c.obj
                0x100044d4                stdio_init_all
 *fill*         0x100044de        0x2 
 .text.stdio_uart_out_chars
                0x100044e0       0x74 PWM/CMakeFiles/PWM.dir/C_/Users/59201/Desktop/NU/2024_Spring/ME433/Pico_examples_and_SDK/pico-sdk/src/rp2_common/pico_stdio_uart/stdio_uart.c.obj
 .text.stdio_uart_in_chars
                0x10004554       0x80 PWM/CMakeFiles/PWM.dir/C_/Users/59201/Desktop/NU/2024_Spring/ME433/Pico_examples_and_SDK/pico-sdk/src/rp2_common/pico_stdio_uart/stdio_uart.c.obj
                0x10004554                stdio_uart_in_chars
 .text.on_uart_rx
                0x100045d4       0x28 PWM/CMakeFiles/PWM.dir/C_/Users/59201/Desktop/NU/2024_Spring/ME433/Pico_examples_and_SDK/pico-sdk/src/rp2_common/pico_stdio_uart/stdio_uart.c.obj
 .text.stdio_uart_set_chars_available_callback
                0x100045fc       0x8c PWM/CMakeFiles/PWM.dir/C_/Users/59201/Desktop/NU/2024_Spring/ME433/Pico_examples_and_SDK/pico-sdk/src/rp2_common/pico_stdio_uart/stdio_uart.c.obj
 .text.stdio_uart_init_full
                0x10004688       0x44 PWM/CMakeFiles/PWM.dir/C_/Users/59201/Desktop/NU/2024_Spring/ME433/Pico_examples_and_SDK/pico-sdk/src/rp2_common/pico_stdio_uart/stdio_uart.c.obj
                0x10004688                stdio_uart_init_full
 .text.stdio_uart_init
                0x100046cc       0x28 PWM/CMakeFiles/PWM.dir/C_/Users/59201/Desktop/NU/2024_Spring/ME433/Pico_examples_and_SDK/pico-sdk/src/rp2_common/pico_stdio_uart/stdio_uart.c.obj
                0x100046cc                stdio_uart_init
 .text.strlen   0x100046f4       0x5c c:/progra~1/raspbe~1/picosd~1.1/gcc-ar~1/bin/../lib/gcc/arm-none-eabi/10.3.1/../../../../arm-none-eabi/lib/thumb/v6-m/nofp\libg.a(lib_a-strlen-stub.o)
                0x100046f4                strlen
 *(.fini)
 .fini          0x10004750        0x4 c:/progra~1/raspbe~1/picosd~1.1/gcc-ar~1/bin/../lib/gcc/arm-none-eabi/10.3.1/thumb/v6-m/nofp/crti.o
                0x10004750                _fini
 *fill*         0x10004754        0x4 
 .fini.__stub   0x10004758       0x40 linker stubs
 *crtbegin.o(.ctors)
 *crtbegin?.o(.ctors)
 *(EXCLUDE_FILE(*crtend.o *crtend?.o) .ctors)
 *(SORT_BY_NAME(.ctors.*))
 *(.ctors)
 *crtbegin.o(.dtors)
 *crtbegin?.o(.dtors)
 *(EXCLUDE_FILE(*crtend.o *crtend?.o) .dtors)
 *(SORT_BY_NAME(.dtors.*))
 *(.dtors)
 *(.eh_frame*)
 .eh_frame      0x10004798        0x0 c:/progra~1/raspbe~1/picosd~1.1/gcc-ar~1/bin/../lib/gcc/arm-none-eabi/10.3.1/thumb/v6-m/nofp/crtbegin.o
                0x10004798                . = ALIGN (0x4)

.glue_7         0x10004798        0x0
 .glue_7        0x10004798        0x0 linker stubs

.glue_7t        0x10004798        0x0
 .glue_7t       0x10004798        0x0 linker stubs

.vfp11_veneer   0x10004798        0x0
 .vfp11_veneer  0x10004798        0x0 linker stubs

.v4_bx          0x10004798        0x0
 .v4_bx         0x10004798        0x0 linker stubs

.iplt           0x10004798        0x0
 .iplt          0x10004798        0x0 c:/progra~1/raspbe~1/picosd~1.1/gcc-ar~1/bin/../lib/gcc/arm-none-eabi/10.3.1/thumb/v6-m/nofp/crtbegin.o

.rodata         0x10004798     0x1178
 *(EXCLUDE_FILE(*libm.a: *libc.a:*lib_a-mem*.o *libgcc.a:) .rodata*)
 .rodata.make_branch.str1.4
                0x10004798       0x9d PWM/CMakeFiles/PWM.dir/C_/Users/59201/Desktop/NU/2024_Spring/ME433/Pico_examples_and_SDK/pico-sdk/src/rp2_common/hardware_irq/irq.c.obj
 *fill*         0x10004835        0x3 
 .rodata.insert_branch_and_link.str1.4
                0x10004838       0x10 PWM/CMakeFiles/PWM.dir/C_/Users/59201/Desktop/NU/2024_Spring/ME433/Pico_examples_and_SDK/pico-sdk/src/rp2_common/hardware_irq/irq.c.obj
 .rodata.irq_set_exclusive_handler.str1.4
                0x10004848       0x36 PWM/CMakeFiles/PWM.dir/C_/Users/59201/Desktop/NU/2024_Spring/ME433/Pico_examples_and_SDK/pico-sdk/src/rp2_common/hardware_irq/irq.c.obj
 *fill*         0x1000487e        0x2 
 .rodata.irq_add_shared_handler.str1.4
                0x10004880       0xd9 PWM/CMakeFiles/PWM.dir/C_/Users/59201/Desktop/NU/2024_Spring/ME433/Pico_examples_and_SDK/pico-sdk/src/rp2_common/hardware_irq/irq.c.obj
 *fill*         0x10004959        0x3 
 .rodata.irq_remove_handler.str1.4
                0x1000495c       0x3a PWM/CMakeFiles/PWM.dir/C_/Users/59201/Desktop/NU/2024_Spring/ME433/Pico_examples_and_SDK/pico-sdk/src/rp2_common/hardware_irq/irq.c.obj
 *fill*         0x10004996        0x2 
 .rodata.irq_add_tail_to_free_list.str1.4
                0x10004998       0x3a PWM/CMakeFiles/PWM.dir/C_/Users/59201/Desktop/NU/2024_Spring/ME433/Pico_examples_and_SDK/pico-sdk/src/rp2_common/hardware_irq/irq.c.obj
 *fill*         0x100049d2        0x2 
 .rodata.__func__.0
                0x100049d4       0x1a PWM/CMakeFiles/PWM.dir/C_/Users/59201/Desktop/NU/2024_Spring/ME433/Pico_examples_and_SDK/pico-sdk/src/rp2_common/hardware_irq/irq.c.obj
 *fill*         0x100049ee        0x2 
 .rodata.__func__.1
                0x100049f0       0x17 PWM/CMakeFiles/PWM.dir/C_/Users/59201/Desktop/NU/2024_Spring/ME433/Pico_examples_and_SDK/pico-sdk/src/rp2_common/hardware_irq/irq.c.obj
 *fill*         0x10004a07        0x1 
 .rodata.__func__.2
                0x10004a08       0x13 PWM/CMakeFiles/PWM.dir/C_/Users/59201/Desktop/NU/2024_Spring/ME433/Pico_examples_and_SDK/pico-sdk/src/rp2_common/hardware_irq/irq.c.obj
 *fill*         0x10004a1b        0x1 
 .rodata.__func__.3
                0x10004a1c        0xc PWM/CMakeFiles/PWM.dir/C_/Users/59201/Desktop/NU/2024_Spring/ME433/Pico_examples_and_SDK/pico-sdk/src/rp2_common/hardware_irq/irq.c.obj
 .rodata.__func__.4
                0x10004a28        0xf PWM/CMakeFiles/PWM.dir/C_/Users/59201/Desktop/NU/2024_Spring/ME433/Pico_examples_and_SDK/pico-sdk/src/rp2_common/hardware_irq/irq.c.obj
 *fill*         0x10004a37        0x1 
 .rodata.__func__.6
                0x10004a38       0x1a PWM/CMakeFiles/PWM.dir/C_/Users/59201/Desktop/NU/2024_Spring/ME433/Pico_examples_and_SDK/pico-sdk/src/rp2_common/hardware_irq/irq.c.obj
 *fill*         0x10004a52        0x2 
 .rodata.str1.4
                0x10004a54      0x14d PWM/CMakeFiles/PWM.dir/C_/Users/59201/Desktop/NU/2024_Spring/ME433/Pico_examples_and_SDK/pico-sdk/src/common/pico_sync/mutex.c.obj
 *fill*         0x10004ba1        0x3 
 .rodata.__func__.1
                0x10004ba4        0xb PWM/CMakeFiles/PWM.dir/C_/Users/59201/Desktop/NU/2024_Spring/ME433/Pico_examples_and_SDK/pico-sdk/src/common/pico_sync/mutex.c.obj
 *fill*         0x10004baf        0x1 
 .rodata.__func__.3
                0x10004bb0       0x18 PWM/CMakeFiles/PWM.dir/C_/Users/59201/Desktop/NU/2024_Spring/ME433/Pico_examples_and_SDK/pico-sdk/src/common/pico_sync/mutex.c.obj
 .rodata.repeating_timer_callback.str1.4
                0x10004bc8       0x7b PWM/CMakeFiles/PWM.dir/C_/Users/59201/Desktop/NU/2024_Spring/ME433/Pico_examples_and_SDK/pico-sdk/src/common/pico_time/time.c.obj
 *fill*         0x10004c43        0x1 
 .rodata.timer_pool_entry_comparator.str1.4
                0x10004c44       0x22 PWM/CMakeFiles/PWM.dir/C_/Users/59201/Desktop/NU/2024_Spring/ME433/Pico_examples_and_SDK/pico-sdk/src/common/pico_time/time.c.obj
 *fill*         0x10004c66        0x2 
 .rodata.ph_add_child_node.str1.4
                0x10004c68       0xc6 PWM/CMakeFiles/PWM.dir/C_/Users/59201/Desktop/NU/2024_Spring/ME433/Pico_examples_and_SDK/pico-sdk/src/common/pico_time/time.c.obj
 *fill*         0x10004d2e        0x2 
 .rodata.add_alarm_under_lock.str1.4
                0x10004d30       0x28 PWM/CMakeFiles/PWM.dir/C_/Users/59201/Desktop/NU/2024_Spring/ME433/Pico_examples_and_SDK/pico-sdk/src/common/pico_time/time.c.obj
                                 0x2b (size before relaxing)
 .rodata.alarm_pool_alarm_callback.str1.4
                0x10004d58       0x98 PWM/CMakeFiles/PWM.dir/C_/Users/59201/Desktop/NU/2024_Spring/ME433/Pico_examples_and_SDK/pico-sdk/src/common/pico_time/time.c.obj
                                0x12c (size before relaxing)
 .rodata.alarm_pool_get_default.str1.4
                0x10004df0       0x21 PWM/CMakeFiles/PWM.dir/C_/Users/59201/Desktop/NU/2024_Spring/ME433/Pico_examples_and_SDK/pico-sdk/src/common/pico_time/time.c.obj
 *fill*         0x10004e11        0x3 
 .rodata.alarm_pool_cancel_alarm.str1.4
                0x10004e14       0x27 PWM/CMakeFiles/PWM.dir/C_/Users/59201/Desktop/NU/2024_Spring/ME433/Pico_examples_and_SDK/pico-sdk/src/common/pico_time/time.c.obj
 *fill*         0x10004e3b        0x1 
 .rodata.sleep_until.str1.4
                0x10004e3c       0x4d PWM/CMakeFiles/PWM.dir/C_/Users/59201/Desktop/NU/2024_Spring/ME433/Pico_examples_and_SDK/pico-sdk/src/common/pico_time/time.c.obj
 *fill*         0x10004e89        0x3 
 .rodata.__func__.1
                0x10004e8c       0x18 PWM/CMakeFiles/PWM.dir/C_/Users/59201/Desktop/NU/2024_Spring/ME433/Pico_examples_and_SDK/pico-sdk/src/common/pico_time/time.c.obj
 .rodata.__func__.10
                0x10004ea4       0x15 PWM/CMakeFiles/PWM.dir/C_/Users/59201/Desktop/NU/2024_Spring/ME433/Pico_examples_and_SDK/pico-sdk/src/common/pico_time/time.c.obj
 *fill*         0x10004eb9        0x3 
 .rodata.__func__.11
                0x10004ebc       0x1a PWM/CMakeFiles/PWM.dir/C_/Users/59201/Desktop/NU/2024_Spring/ME433/Pico_examples_and_SDK/pico-sdk/src/common/pico_time/time.c.obj
 *fill*         0x10004ed6        0x2 
 .rodata.__func__.12
                0x10004ed8        0xa PWM/CMakeFiles/PWM.dir/C_/Users/59201/Desktop/NU/2024_Spring/ME433/Pico_examples_and_SDK/pico-sdk/src/common/pico_time/time.c.obj
 *fill*         0x10004ee2        0x2 
 .rodata.__func__.3
                0x10004ee4       0x17 PWM/CMakeFiles/PWM.dir/C_/Users/59201/Desktop/NU/2024_Spring/ME433/Pico_examples_and_SDK/pico-sdk/src/common/pico_time/time.c.obj
 *fill*         0x10004efb        0x1 
 .rodata.__func__.4
                0x10004efc       0x12 PWM/CMakeFiles/PWM.dir/C_/Users/59201/Desktop/NU/2024_Spring/ME433/Pico_examples_and_SDK/pico-sdk/src/common/pico_time/time.c.obj
 *fill*         0x10004f0e        0x2 
 .rodata.__func__.5
                0x10004f10        0xd PWM/CMakeFiles/PWM.dir/C_/Users/59201/Desktop/NU/2024_Spring/ME433/Pico_examples_and_SDK/pico-sdk/src/common/pico_time/time.c.obj
 *fill*         0x10004f1d        0x3 
 .rodata.__func__.6
                0x10004f20       0x12 PWM/CMakeFiles/PWM.dir/C_/Users/59201/Desktop/NU/2024_Spring/ME433/Pico_examples_and_SDK/pico-sdk/src/common/pico_time/time.c.obj
 *fill*         0x10004f32        0x2 
 .rodata.__func__.7
                0x10004f34        0xf PWM/CMakeFiles/PWM.dir/C_/Users/59201/Desktop/NU/2024_Spring/ME433/Pico_examples_and_SDK/pico-sdk/src/common/pico_time/time.c.obj
 *fill*         0x10004f43        0x1 
 .rodata.__func__.8
                0x10004f44        0xc PWM/CMakeFiles/PWM.dir/C_/Users/59201/Desktop/NU/2024_Spring/ME433/Pico_examples_and_SDK/pico-sdk/src/common/pico_time/time.c.obj
 .rodata.__func__.9
                0x10004f50       0x15 PWM/CMakeFiles/PWM.dir/C_/Users/59201/Desktop/NU/2024_Spring/ME433/Pico_examples_and_SDK/pico-sdk/src/common/pico_time/time.c.obj
 *fill*         0x10004f65        0x3 
 .rodata.hardware_alarm_claim.str1.4
                0x10004f68       0x22 PWM/CMakeFiles/PWM.dir/C_/Users/59201/Desktop/NU/2024_Spring/ME433/Pico_examples_and_SDK/pico-sdk/src/rp2_common/hardware_timer/timer.c.obj
 .rodata.busy_wait_us.str1.4
                0x10004f8a       0x91 PWM/CMakeFiles/PWM.dir/C_/Users/59201/Desktop/NU/2024_Spring/ME433/Pico_examples_and_SDK/pico-sdk/src/rp2_common/hardware_timer/timer.c.obj
 *fill*         0x10004f8a        0x2 
 .rodata.hardware_alarm_set_target.str1.4
                0x10004f8c       0x95 PWM/CMakeFiles/PWM.dir/C_/Users/59201/Desktop/NU/2024_Spring/ME433/Pico_examples_and_SDK/pico-sdk/src/rp2_common/hardware_timer/timer.c.obj
 *fill*         0x10005021        0x3 
 .rodata.__func__.0
                0x10005024       0x1a PWM/CMakeFiles/PWM.dir/C_/Users/59201/Desktop/NU/2024_Spring/ME433/Pico_examples_and_SDK/pico-sdk/src/rp2_common/hardware_timer/timer.c.obj
 *fill*         0x1000503e        0x2 
 .rodata.__func__.1
                0x10005040       0x15 PWM/CMakeFiles/PWM.dir/C_/Users/59201/Desktop/NU/2024_Spring/ME433/Pico_examples_and_SDK/pico-sdk/src/rp2_common/hardware_timer/timer.c.obj
 .rodata.ph_add_child_node.str1.4
                0x10005055       0xc6 PWM/CMakeFiles/PWM.dir/C_/Users/59201/Desktop/NU/2024_Spring/ME433/Pico_examples_and_SDK/pico-sdk/src/common/pico_util/pheap.c.obj
 *fill*         0x10005055        0x3 
 .rodata.ph_remove_any_head.str1.4
                0x10005058       0xbc PWM/CMakeFiles/PWM.dir/C_/Users/59201/Desktop/NU/2024_Spring/ME433/Pico_examples_and_SDK/pico-sdk/src/common/pico_util/pheap.c.obj
                                 0xd0 (size before relaxing)
 .rodata.ph_remove_and_free_node.str1.4
                0x10005114       0x1e PWM/CMakeFiles/PWM.dir/C_/Users/59201/Desktop/NU/2024_Spring/ME433/Pico_examples_and_SDK/pico-sdk/src/common/pico_util/pheap.c.obj
                                 0x26 (size before relaxing)
 *fill*         0x10005132        0x2 
 .rodata.__func__.0
                0x10005134       0x18 PWM/CMakeFiles/PWM.dir/C_/Users/59201/Desktop/NU/2024_Spring/ME433/Pico_examples_and_SDK/pico-sdk/src/common/pico_util/pheap.c.obj
 .rodata.__func__.1
                0x1000514c       0x13 PWM/CMakeFiles/PWM.dir/C_/Users/59201/Desktop/NU/2024_Spring/ME433/Pico_examples_and_SDK/pico-sdk/src/common/pico_util/pheap.c.obj
 *fill*         0x1000515f        0x1 
 .rodata.__func__.2
                0x10005160       0x12 PWM/CMakeFiles/PWM.dir/C_/Users/59201/Desktop/NU/2024_Spring/ME433/Pico_examples_and_SDK/pico-sdk/src/common/pico_util/pheap.c.obj
 *fill*         0x10005172        0x2 
 .rodata.__func__.3
                0x10005174        0xc PWM/CMakeFiles/PWM.dir/C_/Users/59201/Desktop/NU/2024_Spring/ME433/Pico_examples_and_SDK/pico-sdk/src/common/pico_util/pheap.c.obj
 .rodata.clock_configure.str1.4
                0x10005180       0x87 PWM/CMakeFiles/PWM.dir/C_/Users/59201/Desktop/NU/2024_Spring/ME433/Pico_examples_and_SDK/pico-sdk/src/rp2_common/hardware_clocks/clocks.c.obj
 *fill*         0x10005207        0x1 
 .rodata.__func__.1
                0x10005208       0x10 PWM/CMakeFiles/PWM.dir/C_/Users/59201/Desktop/NU/2024_Spring/ME433/Pico_examples_and_SDK/pico-sdk/src/rp2_common/hardware_clocks/clocks.c.obj
 .rodata.pll_init.str1.4
                0x10005218      0x154 PWM/CMakeFiles/PWM.dir/C_/Users/59201/Desktop/NU/2024_Spring/ME433/Pico_examples_and_SDK/pico-sdk/src/rp2_common/hardware_pll/pll.c.obj
 .rodata.__func__.0
                0x1000536c        0x9 PWM/CMakeFiles/PWM.dir/C_/Users/59201/Desktop/NU/2024_Spring/ME433/Pico_examples_and_SDK/pico-sdk/src/rp2_common/hardware_pll/pll.c.obj
 *fill*         0x10005375        0x3 
 .rodata.__assert_func.str1.4
                0x10005378       0x3f PWM/CMakeFiles/PWM.dir/C_/Users/59201/Desktop/NU/2024_Spring/ME433/Pico_examples_and_SDK/pico-sdk/src/rp2_common/pico_runtime/runtime.c.obj
                                 0x43 (size before relaxing)
 *fill*         0x100053b7        0x1 
 .rodata.runtime_init.str1.4
                0x100053b8       0x91 PWM/CMakeFiles/PWM.dir/C_/Users/59201/Desktop/NU/2024_Spring/ME433/Pico_examples_and_SDK/pico-sdk/src/rp2_common/pico_runtime/runtime.c.obj
 *fill*         0x10005449        0x3 
 .rodata.panic.str1.4
                0x1000544c       0x12 PWM/CMakeFiles/PWM.dir/C_/Users/59201/Desktop/NU/2024_Spring/ME433/Pico_examples_and_SDK/pico-sdk/src/rp2_common/pico_runtime/runtime.c.obj
 *fill*         0x1000545e        0x2 
 .rodata.__func__.2
                0x10005460        0xd PWM/CMakeFiles/PWM.dir/C_/Users/59201/Desktop/NU/2024_Spring/ME433/Pico_examples_and_SDK/pico-sdk/src/rp2_common/pico_runtime/runtime.c.obj
 *fill*         0x1000546d        0x3 
 .rodata._ftoa.str1.4
                0x10005470       0x15 PWM/CMakeFiles/PWM.dir/C_/Users/59201/Desktop/NU/2024_Spring/ME433/Pico_examples_and_SDK/pico-sdk/src/rp2_common/pico_printf/printf.c.obj
 *fill*         0x10005485        0x3 
 .rodata._vsnprintf
                0x10005488      0x1e0 PWM/CMakeFiles/PWM.dir/C_/Users/59201/Desktop/NU/2024_Spring/ME433/Pico_examples_and_SDK/pico-sdk/src/rp2_common/pico_printf/printf.c.obj
 .rodata.pow10.0
                0x10005668       0x50 PWM/CMakeFiles/PWM.dir/C_/Users/59201/Desktop/NU/2024_Spring/ME433/Pico_examples_and_SDK/pico-sdk/src/rp2_common/pico_printf/printf.c.obj
 .rodata.__aeabi_double_init.str1.4
                0x100056b8       0xcc PWM/CMakeFiles/PWM.dir/C_/Users/59201/Desktop/NU/2024_Spring/ME433/Pico_examples_and_SDK/pico-sdk/src/rp2_common/pico_double/double_init_rom.c.obj
 .rodata.__func__.0
                0x10005784       0x14 PWM/CMakeFiles/PWM.dir/C_/Users/59201/Desktop/NU/2024_Spring/ME433/Pico_examples_and_SDK/pico-sdk/src/rp2_common/pico_double/double_init_rom.c.obj
 .rodata.__aeabi_float_init.str1.4
                0x10005798       0xaa PWM/CMakeFiles/PWM.dir/C_/Users/59201/Desktop/NU/2024_Spring/ME433/Pico_examples_and_SDK/pico-sdk/src/rp2_common/pico_float/float_init_rom.c.obj
                                 0xae (size before relaxing)
 *fill*         0x10005842        0x2 
 .rodata.__func__.0
                0x10005844       0x13 PWM/CMakeFiles/PWM.dir/C_/Users/59201/Desktop/NU/2024_Spring/ME433/Pico_examples_and_SDK/pico-sdk/src/rp2_common/pico_float/float_init_rom.c.obj
 *fill*         0x10005857        0x1 
 .rodata.str1.4
                0x10005858       0x38 PWM/CMakeFiles/PWM.dir/C_/Users/59201/Desktop/NU/2024_Spring/ME433/Pico_examples_and_SDK/pico-sdk/src/rp2_common/pico_standard_link/binary_info.c.obj
 .rodata.__bi_44
                0x10005890        0xc PWM/CMakeFiles/PWM.dir/C_/Users/59201/Desktop/NU/2024_Spring/ME433/Pico_examples_and_SDK/pico-sdk/src/rp2_common/pico_standard_link/binary_info.c.obj
 .rodata.__bi_75
                0x1000589c        0xc PWM/CMakeFiles/PWM.dir/C_/Users/59201/Desktop/NU/2024_Spring/ME433/Pico_examples_and_SDK/pico-sdk/src/rp2_common/pico_standard_link/binary_info.c.obj
 .rodata.__bi_81
                0x100058a8        0xc PWM/CMakeFiles/PWM.dir/C_/Users/59201/Desktop/NU/2024_Spring/ME433/Pico_examples_and_SDK/pico-sdk/src/rp2_common/pico_standard_link/binary_info.c.obj
 .rodata.stdout_serialize_begin.str1.4
                0x100058b4       0x91 PWM/CMakeFiles/PWM.dir/C_/Users/59201/Desktop/NU/2024_Spring/ME433/Pico_examples_and_SDK/pico-sdk/src/rp2_common/pico_stdio/stdio.c.obj
 .rodata.__func__.3
                0x100058b4       0x15 PWM/CMakeFiles/PWM.dir/C_/Users/59201/Desktop/NU/2024_Spring/ME433/Pico_examples_and_SDK/pico-sdk/src/rp2_common/pico_stdio/stdio.c.obj
 *fill*         0x100058c9        0x3 
 .rodata.crlf_str.2
                0x100058cc        0x2 PWM/CMakeFiles/PWM.dir/C_/Users/59201/Desktop/NU/2024_Spring/ME433/Pico_examples_and_SDK/pico-sdk/src/rp2_common/pico_stdio/stdio.c.obj
 *fill*         0x100058ce        0x2 
 .rodata.str1.4
                0x100058d0       0x2c PWM/CMakeFiles/PWM.dir/C_/Users/59201/Desktop/NU/2024_Spring/ME433/Pico_examples_and_SDK/pico-sdk/src/rp2_common/pico_stdio_uart/stdio_uart.c.obj
 .rodata.__bi_33.4
                0x100058fc        0xc PWM/CMakeFiles/PWM.dir/C_/Users/59201/Desktop/NU/2024_Spring/ME433/Pico_examples_and_SDK/pico-sdk/src/rp2_common/pico_stdio_uart/stdio_uart.c.obj
 .rodata.__bi_34.5
                0x10005908        0x8 PWM/CMakeFiles/PWM.dir/C_/Users/59201/Desktop/NU/2024_Spring/ME433/Pico_examples_and_SDK/pico-sdk/src/rp2_common/pico_stdio_uart/stdio_uart.c.obj
                0x10005910                . = ALIGN (0x4)
 *(SORT_BY_ALIGNMENT(SORT_BY_NAME(.flashdata*)))
                0x10005910                . = ALIGN (0x4)

.ARM.extab
 *(.ARM.extab* .gnu.linkonce.armextab.*)
                0x10005910                __exidx_start = .

.ARM.exidx
 *(.ARM.exidx* .gnu.linkonce.armexidx.*)
                0x10005910                __exidx_end = .
                0x10005910                . = ALIGN (0x4)
                0x10005910                __binary_info_start = .

.binary_info    0x10005910       0x24
 *(.binary_info.keep.*)
 .binary_info.keep.__bi_ptr22
                0x10005910        0x4 PWM/CMakeFiles/PWM.dir/C_/Users/59201/Desktop/NU/2024_Spring/ME433/Pico_examples_and_SDK/pico-sdk/src/rp2_common/pico_standard_link/binary_info.c.obj
 .binary_info.keep.__bi_ptr30
                0x10005914        0x4 PWM/CMakeFiles/PWM.dir/C_/Users/59201/Desktop/NU/2024_Spring/ME433/Pico_examples_and_SDK/pico-sdk/src/rp2_common/pico_standard_link/binary_info.c.obj
 .binary_info.keep.__bi_ptr38
                0x10005918        0x4 PWM/CMakeFiles/PWM.dir/C_/Users/59201/Desktop/NU/2024_Spring/ME433/Pico_examples_and_SDK/pico-sdk/src/rp2_common/pico_standard_link/binary_info.c.obj
 .binary_info.keep.__bi_ptr44
                0x1000591c        0x4 PWM/CMakeFiles/PWM.dir/C_/Users/59201/Desktop/NU/2024_Spring/ME433/Pico_examples_and_SDK/pico-sdk/src/rp2_common/pico_standard_link/binary_info.c.obj
 .binary_info.keep.__bi_ptr50
                0x10005920        0x4 PWM/CMakeFiles/PWM.dir/C_/Users/59201/Desktop/NU/2024_Spring/ME433/Pico_examples_and_SDK/pico-sdk/src/rp2_common/pico_standard_link/binary_info.c.obj
 .binary_info.keep.__bi_ptr75
                0x10005924        0x4 PWM/CMakeFiles/PWM.dir/C_/Users/59201/Desktop/NU/2024_Spring/ME433/Pico_examples_and_SDK/pico-sdk/src/rp2_common/pico_standard_link/binary_info.c.obj
 .binary_info.keep.__bi_ptr81
                0x10005928        0x4 PWM/CMakeFiles/PWM.dir/C_/Users/59201/Desktop/NU/2024_Spring/ME433/Pico_examples_and_SDK/pico-sdk/src/rp2_common/pico_standard_link/binary_info.c.obj
 *(.binary_info.*)
 .binary_info.__bi_ptr33
                0x1000592c        0x4 PWM/CMakeFiles/PWM.dir/C_/Users/59201/Desktop/NU/2024_Spring/ME433/Pico_examples_and_SDK/pico-sdk/src/rp2_common/pico_stdio_uart/stdio_uart.c.obj
 .binary_info.__bi_ptr34
                0x10005930        0x4 PWM/CMakeFiles/PWM.dir/C_/Users/59201/Desktop/NU/2024_Spring/ME433/Pico_examples_and_SDK/pico-sdk/src/rp2_common/pico_stdio_uart/stdio_uart.c.obj
                0x10005934                __binary_info_end = .

.rel.dyn        0x10005934        0x0
 .rel.iplt      0x10005934        0x0 c:/progra~1/raspbe~1/picosd~1.1/gcc-ar~1/bin/../lib/gcc/arm-none-eabi/10.3.1/thumb/v6-m/nofp/crtbegin.o
                0x10005934                . = ALIGN (0x4)

.ram_vector_table
                0x20000000       0xc0
 *(.ram_vector_table)
 .ram_vector_table
                0x20000000       0xc0 PWM/CMakeFiles/PWM.dir/C_/Users/59201/Desktop/NU/2024_Spring/ME433/Pico_examples_and_SDK/pico-sdk/src/rp2_common/pico_runtime/runtime.c.obj
                0x20000000                ram_vector_table

.data           0x200000c0      0x244 load address 0x10005934
                0x200000c0                __data_start__ = .
 *(vtable)
 *(.time_critical*)
 .time_critical.mutex_try_enter
                0x200000c0       0x46 PWM/CMakeFiles/PWM.dir/C_/Users/59201/Desktop/NU/2024_Spring/ME433/Pico_examples_and_SDK/pico-sdk/src/common/pico_sync/mutex.c.obj
                0x200000c0                mutex_try_enter
 *fill*         0x20000106        0x2 
 .time_critical.mutex_enter_block_until
                0x20000108       0x8c PWM/CMakeFiles/PWM.dir/C_/Users/59201/Desktop/NU/2024_Spring/ME433/Pico_examples_and_SDK/pico-sdk/src/common/pico_sync/mutex.c.obj
                0x20000108                mutex_enter_block_until
 .time_critical.mutex_try_enter_block_until
                0x20000194       0x34 PWM/CMakeFiles/PWM.dir/C_/Users/59201/Desktop/NU/2024_Spring/ME433/Pico_examples_and_SDK/pico-sdk/src/common/pico_sync/mutex.c.obj
                0x20000194                mutex_try_enter_block_until
 .time_critical.mutex_exit
                0x200001c8       0x4c PWM/CMakeFiles/PWM.dir/C_/Users/59201/Desktop/NU/2024_Spring/ME433/Pico_examples_and_SDK/pico-sdk/src/common/pico_sync/mutex.c.obj
                0x200001c8                mutex_exit
 *(.text*)
 .text          0x20000214        0x4 c:/progra~1/raspbe~1/picosd~1.1/gcc-ar~1/bin/../lib/gcc/arm-none-eabi/10.3.1/thumb/v6-m/nofp\libgcc.a(_dvmd_tls.o)
                0x20000214                __aeabi_idiv0
                0x20000214                __aeabi_ldiv0
 .text.__stub   0x20000218       0x20 linker stubs
                0x20000238                . = ALIGN (0x4)
 *(.rodata*)
                0x20000238                . = ALIGN (0x4)
 *(.data*)
 .data.striped_spin_lock_num
                0x20000238        0x1 PWM/CMakeFiles/PWM.dir/C_/Users/59201/Desktop/NU/2024_Spring/ME433/Pico_examples_and_SDK/pico-sdk/src/rp2_common/hardware_sync/sync.c.obj
 *fill*         0x20000239        0x3 
 .data          0x2000023c       0x48 PWM/CMakeFiles/PWM.dir/C_/Users/59201/Desktop/NU/2024_Spring/ME433/Pico_examples_and_SDK/pico-sdk/src/rp2_common/hardware_irq/irq_handler_chain.S.obj
                0x2000023c                irq_handler_chain_slots
                0x2000026c                irq_handler_chain_first_slot
                0x20000276                irq_handler_chain_remove_tail
 .data.default_alarm_pool
                0x20000284       0x18 PWM/CMakeFiles/PWM.dir/C_/Users/59201/Desktop/NU/2024_Spring/ME433/Pico_examples_and_SDK/pico-sdk/src/common/pico_time/time.c.obj
 .data.default_alarm_pool_heap
                0x2000029c       0x10 PWM/CMakeFiles/PWM.dir/C_/Users/59201/Desktop/NU/2024_Spring/ME433/Pico_examples_and_SDK/pico-sdk/src/common/pico_time/time.c.obj
 *fill*         0x200002ac        0x4 
 .data.aeabi_bits_funcs
                0x200002b0       0x10 PWM/CMakeFiles/PWM.dir/C_/Users/59201/Desktop/NU/2024_Spring/ME433/Pico_examples_and_SDK/pico-sdk/src/rp2_common/pico_bit_ops/bit_ops_aeabi.S.obj
                0x200002b0                aeabi_bits_funcs
                0x200002c0                aeabi_bits_funcs_end
 .data.aeabi_mem_funcs
                0x200002c0       0x10 PWM/CMakeFiles/PWM.dir/C_/Users/59201/Desktop/NU/2024_Spring/ME433/Pico_examples_and_SDK/pico-sdk/src/rp2_common/pico_mem_ops/mem_ops_aeabi.S.obj
                0x200002c0                aeabi_mem_funcs
                0x200002d0                aeabi_mem_funcs_end
 .data.stdio_uart
                0x200002d0       0x18 PWM/CMakeFiles/PWM.dir/C_/Users/59201/Desktop/NU/2024_Spring/ME433/Pico_examples_and_SDK/pico-sdk/src/rp2_common/pico_stdio_uart/stdio_uart.c.obj
                0x200002d0                stdio_uart
                0x200002e8                . = ALIGN (0x4)
 *(.after_data.*)
                0x200002e8                . = ALIGN (0x4)
                0x200002e8                PROVIDE (__mutex_array_start = .)
 *(SORT_BY_NAME(.mutex_array.*))
 *(.mutex_array)
 .mutex_array   0x200002e8        0x8 PWM/CMakeFiles/PWM.dir/C_/Users/59201/Desktop/NU/2024_Spring/ME433/Pico_examples_and_SDK/pico-sdk/src/rp2_common/pico_stdio/stdio.c.obj
                0x200002f0                PROVIDE (__mutex_array_end = .)
                0x200002f0                . = ALIGN (0x4)
                0x200002f0                PROVIDE (__preinit_array_start = .)
 *(SORT_BY_NAME(.preinit_array.*))
 .preinit_array.00001
                0x200002f0        0x4 PWM/CMakeFiles/PWM.dir/C_/Users/59201/Desktop/NU/2024_Spring/ME433/Pico_examples_and_SDK/pico-sdk/src/rp2_common/pico_mem_ops/mem_ops_aeabi.S.obj
 .preinit_array.00010
                0x200002f4        0x4 PWM/CMakeFiles/PWM.dir/C_/Users/59201/Desktop/NU/2024_Spring/ME433/Pico_examples_and_SDK/pico-sdk/src/rp2_common/pico_bit_ops/bit_ops_aeabi.S.obj
 .preinit_array.00020
                0x200002f8        0x4 PWM/CMakeFiles/PWM.dir/C_/Users/59201/Desktop/NU/2024_Spring/ME433/Pico_examples_and_SDK/pico-sdk/src/rp2_common/pico_double/double_aeabi.S.obj
 .preinit_array.00020
                0x200002fc        0x4 PWM/CMakeFiles/PWM.dir/C_/Users/59201/Desktop/NU/2024_Spring/ME433/Pico_examples_and_SDK/pico-sdk/src/rp2_common/pico_float/float_aeabi.S.obj
 *(.preinit_array)
                0x20000300                PROVIDE (__preinit_array_end = .)
                0x20000300                . = ALIGN (0x4)
                0x20000300                PROVIDE (__init_array_start = .)
 *(SORT_BY_NAME(.init_array.*))
 *(.init_array)
 .init_array    0x20000300        0x4 c:/progra~1/raspbe~1/picosd~1.1/gcc-ar~1/bin/../lib/gcc/arm-none-eabi/10.3.1/thumb/v6-m/nofp/crtbegin.o
                0x20000304                PROVIDE (__init_array_end = .)
                0x20000304                . = ALIGN (0x4)
                [!provide]                PROVIDE (__fini_array_start = .)
 *(SORT_BY_NAME(.fini_array.*))
 *(.fini_array)
                [!provide]                PROVIDE (__fini_array_end = .)
 *(.jcr)
                0x20000304                . = ALIGN (0x4)
                0x20000304                __data_end__ = .
                0x10005934                __etext = LOADADDR (.data)

.igot.plt       0x20000304        0x0 load address 0x10005b78
 .igot.plt      0x20000304        0x0 c:/progra~1/raspbe~1/picosd~1.1/gcc-ar~1/bin/../lib/gcc/arm-none-eabi/10.3.1/thumb/v6-m/nofp/crtbegin.o

.uninitialized_data
                0x20000304        0x0 load address 0x10005b78
                0x20000304                . = ALIGN (0x4)
 *(.uninitialized_data*)

.scratch_x      0x20040000        0x0 load address 0x10005b78
                0x20040000                __scratch_x_start__ = .
 *(.scratch_x.*)
                0x20040000                . = ALIGN (0x4)
                0x20040000                __scratch_x_end__ = .
                0x10005b78                __scratch_x_source__ = LOADADDR (.scratch_x)

.scratch_y      0x20041000        0x0 load address 0x10005b78
                0x20041000                __scratch_y_start__ = .
 *(.scratch_y.*)
                0x20041000                . = ALIGN (0x4)
                0x20041000                __scratch_y_end__ = .
                0x10005b78                __scratch_y_source__ = LOADADDR (.scratch_y)

.bss            0x20000308      0x3d8
                0x20000308                . = ALIGN (0x4)
                0x20000308                __bss_start__ = .
 *(SORT_BY_ALIGNMENT(SORT_BY_NAME(.bss*)))
 .bss.default_alarm_pool_entries
                0x20000308      0x100 PWM/CMakeFiles/PWM.dir/C_/Users/59201/Desktop/NU/2024_Spring/ME433/Pico_examples_and_SDK/pico-sdk/src/common/pico_time/time.c.obj
 .bss           0x20000408       0x1c c:/progra~1/raspbe~1/picosd~1.1/gcc-ar~1/bin/../lib/gcc/arm-none-eabi/10.3.1/thumb/v6-m/nofp/crtbegin.o
 .bss.alarm_callbacks
                0x20000424       0x10 PWM/CMakeFiles/PWM.dir/C_/Users/59201/Desktop/NU/2024_Spring/ME433/Pico_examples_and_SDK/pico-sdk/src/rp2_common/hardware_timer/timer.c.obj
 .bss.chars_available_callback
                0x20000434        0x4 PWM/CMakeFiles/PWM.dir/C_/Users/59201/Desktop/NU/2024_Spring/ME433/Pico_examples_and_SDK/pico-sdk/src/rp2_common/pico_stdio_uart/stdio_uart.c.obj
 .bss.chars_available_param
                0x20000438        0x4 PWM/CMakeFiles/PWM.dir/C_/Users/59201/Desktop/NU/2024_Spring/ME433/Pico_examples_and_SDK/pico-sdk/src/rp2_common/pico_stdio_uart/stdio_uart.c.obj
 .bss.configured_freq
                0x2000043c       0x28 PWM/CMakeFiles/PWM.dir/C_/Users/59201/Desktop/NU/2024_Spring/ME433/Pico_examples_and_SDK/pico-sdk/src/rp2_common/hardware_clocks/clocks.c.obj
 .bss.default_alarm_pool_entry_ids_high
                0x20000464       0x10 PWM/CMakeFiles/PWM.dir/C_/Users/59201/Desktop/NU/2024_Spring/ME433/Pico_examples_and_SDK/pico-sdk/src/common/pico_time/time.c.obj
 .bss.default_alarm_pool_heap_nodes
                0x20000474       0x30 PWM/CMakeFiles/PWM.dir/C_/Users/59201/Desktop/NU/2024_Spring/ME433/Pico_examples_and_SDK/pico-sdk/src/common/pico_time/time.c.obj
 .bss.drivers   0x200004a4        0x4 PWM/CMakeFiles/PWM.dir/C_/Users/59201/Desktop/NU/2024_Spring/ME433/Pico_examples_and_SDK/pico-sdk/src/rp2_common/pico_stdio/stdio.c.obj
 .bss.filter    0x200004a8        0x4 PWM/CMakeFiles/PWM.dir/C_/Users/59201/Desktop/NU/2024_Spring/ME433/Pico_examples_and_SDK/pico-sdk/src/rp2_common/pico_stdio/stdio.c.obj
 .bss.pools     0x200004ac       0x10 PWM/CMakeFiles/PWM.dir/C_/Users/59201/Desktop/NU/2024_Spring/ME433/Pico_examples_and_SDK/pico-sdk/src/common/pico_time/time.c.obj
 .bss.sd_table  0x200004bc      0x100 PWM/CMakeFiles/PWM.dir/C_/Users/59201/Desktop/NU/2024_Spring/ME433/Pico_examples_and_SDK/pico-sdk/src/rp2_common/pico_double/double_init_rom.c.obj
                0x200004bc                sd_table
 .bss.sf_clz_func
                0x200005bc        0x4 PWM/CMakeFiles/PWM.dir/C_/Users/59201/Desktop/NU/2024_Spring/ME433/Pico_examples_and_SDK/pico-sdk/src/rp2_common/pico_double/double_init_rom.c.obj
                0x200005bc                sf_clz_func
 .bss.sf_table  0x200005c0      0x100 PWM/CMakeFiles/PWM.dir/C_/Users/59201/Desktop/NU/2024_Spring/ME433/Pico_examples_and_SDK/pico-sdk/src/rp2_common/pico_float/float_init_rom.c.obj
                0x200005c0                sf_table
 .bss.sleep_notifier
                0x200006c0        0x4 PWM/CMakeFiles/PWM.dir/C_/Users/59201/Desktop/NU/2024_Spring/ME433/Pico_examples_and_SDK/pico-sdk/src/common/pico_time/time.c.obj
 .bss.target_hi
                0x200006c4       0x10 PWM/CMakeFiles/PWM.dir/C_/Users/59201/Desktop/NU/2024_Spring/ME433/Pico_examples_and_SDK/pico-sdk/src/rp2_common/hardware_timer/timer.c.obj
 .bss.uart_char_to_line_feed
                0x200006d4        0x4 PWM/CMakeFiles/PWM.dir/C_/Users/59201/Desktop/NU/2024_Spring/ME433/Pico_examples_and_SDK/pico-sdk/src/rp2_common/hardware_uart/uart.c.obj
                0x200006d4                uart_char_to_line_feed
 .bss.uart_instance
                0x200006d8        0x4 PWM/CMakeFiles/PWM.dir/C_/Users/59201/Desktop/NU/2024_Spring/ME433/Pico_examples_and_SDK/pico-sdk/src/rp2_common/pico_stdio_uart/stdio_uart.c.obj
 .bss.claimed   0x200006dc        0x1 PWM/CMakeFiles/PWM.dir/C_/Users/59201/Desktop/NU/2024_Spring/ME433/Pico_examples_and_SDK/pico-sdk/src/rp2_common/hardware_timer/timer.c.obj
 .bss.irq_hander_chain_free_slot_head
                0x200006dd        0x1 PWM/CMakeFiles/PWM.dir/C_/Users/59201/Desktop/NU/2024_Spring/ME433/Pico_examples_and_SDK/pico-sdk/src/rp2_common/hardware_irq/irq.c.obj
 .bss.timer_callbacks_pending
                0x200006de        0x1 PWM/CMakeFiles/PWM.dir/C_/Users/59201/Desktop/NU/2024_Spring/ME433/Pico_examples_and_SDK/pico-sdk/src/rp2_common/hardware_timer/timer.c.obj
 *(COMMON)
                0x200006e0                . = ALIGN (0x4)
 *fill*         0x200006df        0x1 
                0x200006e0                __bss_end__ = .

.heap           0x200006e0      0x800
                0x200006e0                __end__ = .
                0x200006e0                end = __end__
 *(.heap*)
 .heap          0x200006e0      0x800 PWM/CMakeFiles/PWM.dir/C_/Users/59201/Desktop/NU/2024_Spring/ME433/Pico_examples_and_SDK/pico-sdk/src/rp2_common/pico_standard_link/crt0.S.obj
                0x20000ee0                __HeapLimit = .

.stack1_dummy   0x20040000        0x0
 *(.stack1*)

.stack_dummy    0x20041000      0x800
 *(.stack*)
 .stack         0x20041000      0x800 PWM/CMakeFiles/PWM.dir/C_/Users/59201/Desktop/NU/2024_Spring/ME433/Pico_examples_and_SDK/pico-sdk/src/rp2_common/pico_standard_link/crt0.S.obj

.flash_end      0x10005b78        0x0
                0x10005b78                PROVIDE (__flash_binary_end = .)
                0x20040000                __StackLimit = (ORIGIN (RAM) + LENGTH (RAM))
                0x20041000                __StackOneTop = (ORIGIN (SCRATCH_X) + LENGTH (SCRATCH_X))
                0x20042000                __StackTop = (ORIGIN (SCRATCH_Y) + LENGTH (SCRATCH_Y))
                0x20041000                __StackOneBottom = (__StackOneTop - SIZEOF (.stack1_dummy))
                0x20041800                __StackBottom = (__StackTop - SIZEOF (.stack_dummy))
                0x20042000                PROVIDE (__stack = __StackTop)
                0x00000001                ASSERT ((__StackLimit >= __HeapLimit), region RAM overflowed)
                0x00000001                ASSERT (((__binary_info_header_end - __logical_binary_start) <= 0x100), Binary info must be in first 256 bytes of the binary)
LOAD PWM/CMakeFiles/PWM.dir/PWM.c.obj
LOAD PWM/CMakeFiles/PWM.dir/C_/Users/59201/Desktop/NU/2024_Spring/ME433/Pico_examples_and_SDK/pico-sdk/src/rp2_common/pico_stdlib/stdlib.c.obj
LOAD PWM/CMakeFiles/PWM.dir/C_/Users/59201/Desktop/NU/2024_Spring/ME433/Pico_examples_and_SDK/pico-sdk/src/rp2_common/hardware_gpio/gpio.c.obj
LOAD PWM/CMakeFiles/PWM.dir/C_/Users/59201/Desktop/NU/2024_Spring/ME433/Pico_examples_and_SDK/pico-sdk/src/rp2_common/pico_platform/platform.c.obj
LOAD PWM/CMakeFiles/PWM.dir/C_/Users/59201/Desktop/NU/2024_Spring/ME433/Pico_examples_and_SDK/pico-sdk/src/rp2_common/hardware_claim/claim.c.obj
LOAD PWM/CMakeFiles/PWM.dir/C_/Users/59201/Desktop/NU/2024_Spring/ME433/Pico_examples_and_SDK/pico-sdk/src/rp2_common/hardware_sync/sync.c.obj
LOAD PWM/CMakeFiles/PWM.dir/C_/Users/59201/Desktop/NU/2024_Spring/ME433/Pico_examples_and_SDK/pico-sdk/src/rp2_common/hardware_irq/irq.c.obj
LOAD PWM/CMakeFiles/PWM.dir/C_/Users/59201/Desktop/NU/2024_Spring/ME433/Pico_examples_and_SDK/pico-sdk/src/rp2_common/hardware_irq/irq_handler_chain.S.obj
LOAD PWM/CMakeFiles/PWM.dir/C_/Users/59201/Desktop/NU/2024_Spring/ME433/Pico_examples_and_SDK/pico-sdk/src/common/pico_sync/sem.c.obj
LOAD PWM/CMakeFiles/PWM.dir/C_/Users/59201/Desktop/NU/2024_Spring/ME433/Pico_examples_and_SDK/pico-sdk/src/common/pico_sync/lock_core.c.obj
LOAD PWM/CMakeFiles/PWM.dir/C_/Users/59201/Desktop/NU/2024_Spring/ME433/Pico_examples_and_SDK/pico-sdk/src/common/pico_sync/mutex.c.obj
LOAD PWM/CMakeFiles/PWM.dir/C_/Users/59201/Desktop/NU/2024_Spring/ME433/Pico_examples_and_SDK/pico-sdk/src/common/pico_sync/critical_section.c.obj
LOAD PWM/CMakeFiles/PWM.dir/C_/Users/59201/Desktop/NU/2024_Spring/ME433/Pico_examples_and_SDK/pico-sdk/src/common/pico_time/time.c.obj
LOAD PWM/CMakeFiles/PWM.dir/C_/Users/59201/Desktop/NU/2024_Spring/ME433/Pico_examples_and_SDK/pico-sdk/src/common/pico_time/timeout_helper.c.obj
LOAD PWM/CMakeFiles/PWM.dir/C_/Users/59201/Desktop/NU/2024_Spring/ME433/Pico_examples_and_SDK/pico-sdk/src/rp2_common/hardware_timer/timer.c.obj
LOAD PWM/CMakeFiles/PWM.dir/C_/Users/59201/Desktop/NU/2024_Spring/ME433/Pico_examples_and_SDK/pico-sdk/src/common/pico_util/datetime.c.obj
LOAD PWM/CMakeFiles/PWM.dir/C_/Users/59201/Desktop/NU/2024_Spring/ME433/Pico_examples_and_SDK/pico-sdk/src/common/pico_util/pheap.c.obj
LOAD PWM/CMakeFiles/PWM.dir/C_/Users/59201/Desktop/NU/2024_Spring/ME433/Pico_examples_and_SDK/pico-sdk/src/common/pico_util/queue.c.obj
LOAD PWM/CMakeFiles/PWM.dir/C_/Users/59201/Desktop/NU/2024_Spring/ME433/Pico_examples_and_SDK/pico-sdk/src/rp2_common/hardware_uart/uart.c.obj
LOAD PWM/CMakeFiles/PWM.dir/C_/Users/59201/Desktop/NU/2024_Spring/ME433/Pico_examples_and_SDK/pico-sdk/src/rp2_common/hardware_clocks/clocks.c.obj
LOAD PWM/CMakeFiles/PWM.dir/C_/Users/59201/Desktop/NU/2024_Spring/ME433/Pico_examples_and_SDK/pico-sdk/src/rp2_common/hardware_pll/pll.c.obj
LOAD PWM/CMakeFiles/PWM.dir/C_/Users/59201/Desktop/NU/2024_Spring/ME433/Pico_examples_and_SDK/pico-sdk/src/rp2_common/hardware_vreg/vreg.c.obj
LOAD PWM/CMakeFiles/PWM.dir/C_/Users/59201/Desktop/NU/2024_Spring/ME433/Pico_examples_and_SDK/pico-sdk/src/rp2_common/hardware_watchdog/watchdog.c.obj
LOAD PWM/CMakeFiles/PWM.dir/C_/Users/59201/Desktop/NU/2024_Spring/ME433/Pico_examples_and_SDK/pico-sdk/src/rp2_common/hardware_xosc/xosc.c.obj
LOAD PWM/CMakeFiles/PWM.dir/C_/Users/59201/Desktop/NU/2024_Spring/ME433/Pico_examples_and_SDK/pico-sdk/src/rp2_common/hardware_divider/divider.S.obj
LOAD PWM/CMakeFiles/PWM.dir/C_/Users/59201/Desktop/NU/2024_Spring/ME433/Pico_examples_and_SDK/pico-sdk/src/rp2_common/pico_runtime/runtime.c.obj
LOAD PWM/CMakeFiles/PWM.dir/C_/Users/59201/Desktop/NU/2024_Spring/ME433/Pico_examples_and_SDK/pico-sdk/src/rp2_common/pico_printf/printf.c.obj
LOAD PWM/CMakeFiles/PWM.dir/C_/Users/59201/Desktop/NU/2024_Spring/ME433/Pico_examples_and_SDK/pico-sdk/src/rp2_common/pico_bit_ops/bit_ops_aeabi.S.obj
LOAD PWM/CMakeFiles/PWM.dir/C_/Users/59201/Desktop/NU/2024_Spring/ME433/Pico_examples_and_SDK/pico-sdk/src/rp2_common/pico_bootrom/bootrom.c.obj
LOAD PWM/CMakeFiles/PWM.dir/C_/Users/59201/Desktop/NU/2024_Spring/ME433/Pico_examples_and_SDK/pico-sdk/src/rp2_common/pico_divider/divider.S.obj
LOAD PWM/CMakeFiles/PWM.dir/C_/Users/59201/Desktop/NU/2024_Spring/ME433/Pico_examples_and_SDK/pico-sdk/src/rp2_common/pico_double/double_aeabi.S.obj
LOAD PWM/CMakeFiles/PWM.dir/C_/Users/59201/Desktop/NU/2024_Spring/ME433/Pico_examples_and_SDK/pico-sdk/src/rp2_common/pico_double/double_init_rom.c.obj
LOAD PWM/CMakeFiles/PWM.dir/C_/Users/59201/Desktop/NU/2024_Spring/ME433/Pico_examples_and_SDK/pico-sdk/src/rp2_common/pico_double/double_math.c.obj
LOAD PWM/CMakeFiles/PWM.dir/C_/Users/59201/Desktop/NU/2024_Spring/ME433/Pico_examples_and_SDK/pico-sdk/src/rp2_common/pico_double/double_v1_rom_shim.S.obj
LOAD PWM/CMakeFiles/PWM.dir/C_/Users/59201/Desktop/NU/2024_Spring/ME433/Pico_examples_and_SDK/pico-sdk/src/rp2_common/pico_int64_ops/pico_int64_ops_aeabi.S.obj
LOAD PWM/CMakeFiles/PWM.dir/C_/Users/59201/Desktop/NU/2024_Spring/ME433/Pico_examples_and_SDK/pico-sdk/src/rp2_common/pico_float/float_aeabi.S.obj
LOAD PWM/CMakeFiles/PWM.dir/C_/Users/59201/Desktop/NU/2024_Spring/ME433/Pico_examples_and_SDK/pico-sdk/src/rp2_common/pico_float/float_init_rom.c.obj
LOAD PWM/CMakeFiles/PWM.dir/C_/Users/59201/Desktop/NU/2024_Spring/ME433/Pico_examples_and_SDK/pico-sdk/src/rp2_common/pico_float/float_math.c.obj
LOAD PWM/CMakeFiles/PWM.dir/C_/Users/59201/Desktop/NU/2024_Spring/ME433/Pico_examples_and_SDK/pico-sdk/src/rp2_common/pico_float/float_v1_rom_shim.S.obj
LOAD PWM/CMakeFiles/PWM.dir/C_/Users/59201/Desktop/NU/2024_Spring/ME433/Pico_examples_and_SDK/pico-sdk/src/rp2_common/pico_malloc/pico_malloc.c.obj
LOAD PWM/CMakeFiles/PWM.dir/C_/Users/59201/Desktop/NU/2024_Spring/ME433/Pico_examples_and_SDK/pico-sdk/src/rp2_common/pico_mem_ops/mem_ops_aeabi.S.obj
LOAD PWM/CMakeFiles/PWM.dir/C_/Users/59201/Desktop/NU/2024_Spring/ME433/Pico_examples_and_SDK/pico-sdk/src/rp2_common/pico_standard_link/crt0.S.obj
LOAD PWM/CMakeFiles/PWM.dir/C_/Users/59201/Desktop/NU/2024_Spring/ME433/Pico_examples_and_SDK/pico-sdk/src/rp2_common/pico_standard_link/new_delete.cpp.obj
LOAD PWM/CMakeFiles/PWM.dir/C_/Users/59201/Desktop/NU/2024_Spring/ME433/Pico_examples_and_SDK/pico-sdk/src/rp2_common/pico_standard_link/binary_info.c.obj
LOAD PWM/CMakeFiles/PWM.dir/C_/Users/59201/Desktop/NU/2024_Spring/ME433/Pico_examples_and_SDK/pico-sdk/src/rp2_common/pico_stdio/stdio.c.obj
LOAD PWM/CMakeFiles/PWM.dir/C_/Users/59201/Desktop/NU/2024_Spring/ME433/Pico_examples_and_SDK/pico-sdk/src/rp2_common/pico_stdio_uart/stdio_uart.c.obj
LOAD C:\Users\59201\AppData\Local\Temp\ccG0NaIb.o
LOAD c:/progra~1/raspbe~1/picosd~1.1/gcc-ar~1/bin/../lib/gcc/arm-none-eabi/10.3.1/../../../../arm-none-eabi/lib/thumb/v6-m/nofp\libstdc++.a
LOAD c:/progra~1/raspbe~1/picosd~1.1/gcc-ar~1/bin/../lib/gcc/arm-none-eabi/10.3.1/../../../../arm-none-eabi/lib/thumb/v6-m/nofp\libm.a
START GROUP
LOAD c:/progra~1/raspbe~1/picosd~1.1/gcc-ar~1/bin/../lib/gcc/arm-none-eabi/10.3.1/thumb/v6-m/nofp\libgcc.a
LOAD c:/progra~1/raspbe~1/picosd~1.1/gcc-ar~1/bin/../lib/gcc/arm-none-eabi/10.3.1/../../../../arm-none-eabi/lib/thumb/v6-m/nofp\libg.a
LOAD c:/progra~1/raspbe~1/picosd~1.1/gcc-ar~1/bin/../lib/gcc/arm-none-eabi/10.3.1/../../../../arm-none-eabi/lib/thumb/v6-m/nofp\libc.a
END GROUP
START GROUP
LOAD c:/progra~1/raspbe~1/picosd~1.1/gcc-ar~1/bin/../lib/gcc/arm-none-eabi/10.3.1/thumb/v6-m/nofp\libgcc.a
LOAD c:/progra~1/raspbe~1/picosd~1.1/gcc-ar~1/bin/../lib/gcc/arm-none-eabi/10.3.1/../../../../arm-none-eabi/lib/thumb/v6-m/nofp\libc.a
LOAD c:/progra~1/raspbe~1/picosd~1.1/gcc-ar~1/bin/../lib/gcc/arm-none-eabi/10.3.1/../../../../arm-none-eabi/lib/thumb/v6-m/nofp\libnosys.a
END GROUP
LOAD c:/progra~1/raspbe~1/picosd~1.1/gcc-ar~1/bin/../lib/gcc/arm-none-eabi/10.3.1/thumb/v6-m/nofp/crtend.o
LOAD c:/progra~1/raspbe~1/picosd~1.1/gcc-ar~1/bin/../lib/gcc/arm-none-eabi/10.3.1/thumb/v6-m/nofp/crtn.o
OUTPUT(PWM\PWM.elf elf32-littlearm)
LOAD linker stubs

.ARM.attributes
                0x00000000       0x28
 .ARM.attributes
                0x00000000       0x1e c:/progra~1/raspbe~1/picosd~1.1/gcc-ar~1/bin/../lib/gcc/arm-none-eabi/10.3.1/thumb/v6-m/nofp/crti.o
 .ARM.attributes
                0x0000001e       0x2c c:/progra~1/raspbe~1/picosd~1.1/gcc-ar~1/bin/../lib/gcc/arm-none-eabi/10.3.1/thumb/v6-m/nofp/crtbegin.o
 .ARM.attributes
                0x0000004a       0x2c PWM/CMakeFiles/PWM.dir/PWM.c.obj
 .ARM.attributes
                0x00000076       0x2c PWM/CMakeFiles/PWM.dir/C_/Users/59201/Desktop/NU/2024_Spring/ME433/Pico_examples_and_SDK/pico-sdk/src/rp2_common/hardware_gpio/gpio.c.obj
 .ARM.attributes
                0x000000a2       0x2c PWM/CMakeFiles/PWM.dir/C_/Users/59201/Desktop/NU/2024_Spring/ME433/Pico_examples_and_SDK/pico-sdk/src/rp2_common/pico_platform/platform.c.obj
 .ARM.attributes
                0x000000ce       0x2c PWM/CMakeFiles/PWM.dir/C_/Users/59201/Desktop/NU/2024_Spring/ME433/Pico_examples_and_SDK/pico-sdk/src/rp2_common/hardware_claim/claim.c.obj
 .ARM.attributes
                0x000000fa       0x2c PWM/CMakeFiles/PWM.dir/C_/Users/59201/Desktop/NU/2024_Spring/ME433/Pico_examples_and_SDK/pico-sdk/src/rp2_common/hardware_sync/sync.c.obj
 .ARM.attributes
                0x00000126       0x2c PWM/CMakeFiles/PWM.dir/C_/Users/59201/Desktop/NU/2024_Spring/ME433/Pico_examples_and_SDK/pico-sdk/src/rp2_common/hardware_irq/irq.c.obj
 .ARM.attributes
                0x00000152       0x22 PWM/CMakeFiles/PWM.dir/C_/Users/59201/Desktop/NU/2024_Spring/ME433/Pico_examples_and_SDK/pico-sdk/src/rp2_common/hardware_irq/irq_handler_chain.S.obj
 .ARM.attributes
                0x00000174       0x2c PWM/CMakeFiles/PWM.dir/C_/Users/59201/Desktop/NU/2024_Spring/ME433/Pico_examples_and_SDK/pico-sdk/src/common/pico_sync/lock_core.c.obj
 .ARM.attributes
                0x000001a0       0x2c PWM/CMakeFiles/PWM.dir/C_/Users/59201/Desktop/NU/2024_Spring/ME433/Pico_examples_and_SDK/pico-sdk/src/common/pico_sync/mutex.c.obj
 .ARM.attributes
                0x000001cc       0x2c PWM/CMakeFiles/PWM.dir/C_/Users/59201/Desktop/NU/2024_Spring/ME433/Pico_examples_and_SDK/pico-sdk/src/common/pico_time/time.c.obj
 .ARM.attributes
                0x000001f8       0x2c PWM/CMakeFiles/PWM.dir/C_/Users/59201/Desktop/NU/2024_Spring/ME433/Pico_examples_and_SDK/pico-sdk/src/rp2_common/hardware_timer/timer.c.obj
 .ARM.attributes
                0x00000224       0x2c PWM/CMakeFiles/PWM.dir/C_/Users/59201/Desktop/NU/2024_Spring/ME433/Pico_examples_and_SDK/pico-sdk/src/common/pico_util/pheap.c.obj
 .ARM.attributes
                0x00000250       0x2c PWM/CMakeFiles/PWM.dir/C_/Users/59201/Desktop/NU/2024_Spring/ME433/Pico_examples_and_SDK/pico-sdk/src/rp2_common/hardware_uart/uart.c.obj
 .ARM.attributes
                0x0000027c       0x2c PWM/CMakeFiles/PWM.dir/C_/Users/59201/Desktop/NU/2024_Spring/ME433/Pico_examples_and_SDK/pico-sdk/src/rp2_common/hardware_clocks/clocks.c.obj
 .ARM.attributes
                0x000002a8       0x2c PWM/CMakeFiles/PWM.dir/C_/Users/59201/Desktop/NU/2024_Spring/ME433/Pico_examples_and_SDK/pico-sdk/src/rp2_common/hardware_pll/pll.c.obj
 .ARM.attributes
                0x000002d4       0x2c PWM/CMakeFiles/PWM.dir/C_/Users/59201/Desktop/NU/2024_Spring/ME433/Pico_examples_and_SDK/pico-sdk/src/rp2_common/hardware_watchdog/watchdog.c.obj
 .ARM.attributes
                0x00000300       0x2c PWM/CMakeFiles/PWM.dir/C_/Users/59201/Desktop/NU/2024_Spring/ME433/Pico_examples_and_SDK/pico-sdk/src/rp2_common/hardware_xosc/xosc.c.obj
 .ARM.attributes
                0x0000032c       0x2c PWM/CMakeFiles/PWM.dir/C_/Users/59201/Desktop/NU/2024_Spring/ME433/Pico_examples_and_SDK/pico-sdk/src/rp2_common/pico_runtime/runtime.c.obj
 .ARM.attributes
                0x00000358       0x2c PWM/CMakeFiles/PWM.dir/C_/Users/59201/Desktop/NU/2024_Spring/ME433/Pico_examples_and_SDK/pico-sdk/src/rp2_common/pico_printf/printf.c.obj
 .ARM.attributes
                0x00000384       0x22 PWM/CMakeFiles/PWM.dir/C_/Users/59201/Desktop/NU/2024_Spring/ME433/Pico_examples_and_SDK/pico-sdk/src/rp2_common/pico_bit_ops/bit_ops_aeabi.S.obj
 .ARM.attributes
                0x000003a6       0x2c PWM/CMakeFiles/PWM.dir/C_/Users/59201/Desktop/NU/2024_Spring/ME433/Pico_examples_and_SDK/pico-sdk/src/rp2_common/pico_bootrom/bootrom.c.obj
 .ARM.attributes
                0x000003d2       0x22 PWM/CMakeFiles/PWM.dir/C_/Users/59201/Desktop/NU/2024_Spring/ME433/Pico_examples_and_SDK/pico-sdk/src/rp2_common/pico_divider/divider.S.obj
 .ARM.attributes
                0x000003f4       0x22 PWM/CMakeFiles/PWM.dir/C_/Users/59201/Desktop/NU/2024_Spring/ME433/Pico_examples_and_SDK/pico-sdk/src/rp2_common/pico_double/double_aeabi.S.obj
 .ARM.attributes
                0x00000416       0x2c PWM/CMakeFiles/PWM.dir/C_/Users/59201/Desktop/NU/2024_Spring/ME433/Pico_examples_and_SDK/pico-sdk/src/rp2_common/pico_double/double_init_rom.c.obj
 .ARM.attributes
                0x00000442       0x22 PWM/CMakeFiles/PWM.dir/C_/Users/59201/Desktop/NU/2024_Spring/ME433/Pico_examples_and_SDK/pico-sdk/src/rp2_common/pico_double/double_v1_rom_shim.S.obj
 .ARM.attributes
                0x00000464       0x22 PWM/CMakeFiles/PWM.dir/C_/Users/59201/Desktop/NU/2024_Spring/ME433/Pico_examples_and_SDK/pico-sdk/src/rp2_common/pico_int64_ops/pico_int64_ops_aeabi.S.obj
 .ARM.attributes
                0x00000486       0x22 PWM/CMakeFiles/PWM.dir/C_/Users/59201/Desktop/NU/2024_Spring/ME433/Pico_examples_and_SDK/pico-sdk/src/rp2_common/pico_float/float_aeabi.S.obj
 .ARM.attributes
                0x000004a8       0x2c PWM/CMakeFiles/PWM.dir/C_/Users/59201/Desktop/NU/2024_Spring/ME433/Pico_examples_and_SDK/pico-sdk/src/rp2_common/pico_float/float_init_rom.c.obj
 .ARM.attributes
                0x000004d4       0x22 PWM/CMakeFiles/PWM.dir/C_/Users/59201/Desktop/NU/2024_Spring/ME433/Pico_examples_and_SDK/pico-sdk/src/rp2_common/pico_float/float_v1_rom_shim.S.obj
 .ARM.attributes
                0x000004f6       0x22 PWM/CMakeFiles/PWM.dir/C_/Users/59201/Desktop/NU/2024_Spring/ME433/Pico_examples_and_SDK/pico-sdk/src/rp2_common/pico_mem_ops/mem_ops_aeabi.S.obj
 .ARM.attributes
                0x00000518       0x22 PWM/CMakeFiles/PWM.dir/C_/Users/59201/Desktop/NU/2024_Spring/ME433/Pico_examples_and_SDK/pico-sdk/src/rp2_common/pico_standard_link/crt0.S.obj
 .ARM.attributes
                0x0000053a       0x2c PWM/CMakeFiles/PWM.dir/C_/Users/59201/Desktop/NU/2024_Spring/ME433/Pico_examples_and_SDK/pico-sdk/src/rp2_common/pico_standard_link/binary_info.c.obj
 .ARM.attributes
                0x00000566       0x2c PWM/CMakeFiles/PWM.dir/C_/Users/59201/Desktop/NU/2024_Spring/ME433/Pico_examples_and_SDK/pico-sdk/src/rp2_common/pico_stdio/stdio.c.obj
 .ARM.attributes
                0x00000592       0x2c PWM/CMakeFiles/PWM.dir/C_/Users/59201/Desktop/NU/2024_Spring/ME433/Pico_examples_and_SDK/pico-sdk/src/rp2_common/pico_stdio_uart/stdio_uart.c.obj
 .ARM.attributes
                0x000005be       0x22 C:\Users\59201\AppData\Local\Temp\ccG0NaIb.o
 .ARM.attributes
                0x000005e0       0x1e c:/progra~1/raspbe~1/picosd~1.1/gcc-ar~1/bin/../lib/gcc/arm-none-eabi/10.3.1/thumb/v6-m/nofp\libgcc.a(_dvmd_tls.o)
 .ARM.attributes
                0x000005fe       0x2c c:/progra~1/raspbe~1/picosd~1.1/gcc-ar~1/bin/../lib/gcc/arm-none-eabi/10.3.1/../../../../arm-none-eabi/lib/thumb/v6-m/nofp\libg.a(lib_a-strlen-stub.o)

.comment        0x00000000       0x49
 .comment       0x00000000       0x49 PWM/CMakeFiles/PWM.dir/PWM.c.obj
                                 0x4a (size before relaxing)
 .comment       0x00000049       0x4a PWM/CMakeFiles/PWM.dir/C_/Users/59201/Desktop/NU/2024_Spring/ME433/Pico_examples_and_SDK/pico-sdk/src/rp2_common/hardware_gpio/gpio.c.obj
 .comment       0x00000049       0x4a PWM/CMakeFiles/PWM.dir/C_/Users/59201/Desktop/NU/2024_Spring/ME433/Pico_examples_and_SDK/pico-sdk/src/rp2_common/pico_platform/platform.c.obj
 .comment       0x00000049       0x4a PWM/CMakeFiles/PWM.dir/C_/Users/59201/Desktop/NU/2024_Spring/ME433/Pico_examples_and_SDK/pico-sdk/src/rp2_common/hardware_claim/claim.c.obj
 .comment       0x00000049       0x4a PWM/CMakeFiles/PWM.dir/C_/Users/59201/Desktop/NU/2024_Spring/ME433/Pico_examples_and_SDK/pico-sdk/src/rp2_common/hardware_sync/sync.c.obj
 .comment       0x00000049       0x4a PWM/CMakeFiles/PWM.dir/C_/Users/59201/Desktop/NU/2024_Spring/ME433/Pico_examples_and_SDK/pico-sdk/src/rp2_common/hardware_irq/irq.c.obj
 .comment       0x00000049       0x4a PWM/CMakeFiles/PWM.dir/C_/Users/59201/Desktop/NU/2024_Spring/ME433/Pico_examples_and_SDK/pico-sdk/src/common/pico_sync/lock_core.c.obj
 .comment       0x00000049       0x4a PWM/CMakeFiles/PWM.dir/C_/Users/59201/Desktop/NU/2024_Spring/ME433/Pico_examples_and_SDK/pico-sdk/src/common/pico_sync/mutex.c.obj
 .comment       0x00000049       0x4a PWM/CMakeFiles/PWM.dir/C_/Users/59201/Desktop/NU/2024_Spring/ME433/Pico_examples_and_SDK/pico-sdk/src/common/pico_time/time.c.obj
 .comment       0x00000049       0x4a PWM/CMakeFiles/PWM.dir/C_/Users/59201/Desktop/NU/2024_Spring/ME433/Pico_examples_and_SDK/pico-sdk/src/rp2_common/hardware_timer/timer.c.obj
 .comment       0x00000049       0x4a PWM/CMakeFiles/PWM.dir/C_/Users/59201/Desktop/NU/2024_Spring/ME433/Pico_examples_and_SDK/pico-sdk/src/common/pico_util/pheap.c.obj
 .comment       0x00000049       0x4a PWM/CMakeFiles/PWM.dir/C_/Users/59201/Desktop/NU/2024_Spring/ME433/Pico_examples_and_SDK/pico-sdk/src/rp2_common/hardware_uart/uart.c.obj
 .comment       0x00000049       0x4a PWM/CMakeFiles/PWM.dir/C_/Users/59201/Desktop/NU/2024_Spring/ME433/Pico_examples_and_SDK/pico-sdk/src/rp2_common/hardware_clocks/clocks.c.obj
 .comment       0x00000049       0x4a PWM/CMakeFiles/PWM.dir/C_/Users/59201/Desktop/NU/2024_Spring/ME433/Pico_examples_and_SDK/pico-sdk/src/rp2_common/hardware_pll/pll.c.obj
 .comment       0x00000049       0x4a PWM/CMakeFiles/PWM.dir/C_/Users/59201/Desktop/NU/2024_Spring/ME433/Pico_examples_and_SDK/pico-sdk/src/rp2_common/hardware_watchdog/watchdog.c.obj
 .comment       0x00000049       0x4a PWM/CMakeFiles/PWM.dir/C_/Users/59201/Desktop/NU/2024_Spring/ME433/Pico_examples_and_SDK/pico-sdk/src/rp2_common/hardware_xosc/xosc.c.obj
 .comment       0x00000049       0x4a PWM/CMakeFiles/PWM.dir/C_/Users/59201/Desktop/NU/2024_Spring/ME433/Pico_examples_and_SDK/pico-sdk/src/rp2_common/pico_runtime/runtime.c.obj
 .comment       0x00000049       0x4a PWM/CMakeFiles/PWM.dir/C_/Users/59201/Desktop/NU/2024_Spring/ME433/Pico_examples_and_SDK/pico-sdk/src/rp2_common/pico_printf/printf.c.obj
 .comment       0x00000049       0x4a PWM/CMakeFiles/PWM.dir/C_/Users/59201/Desktop/NU/2024_Spring/ME433/Pico_examples_and_SDK/pico-sdk/src/rp2_common/pico_bootrom/bootrom.c.obj
 .comment       0x00000049       0x4a PWM/CMakeFiles/PWM.dir/C_/Users/59201/Desktop/NU/2024_Spring/ME433/Pico_examples_and_SDK/pico-sdk/src/rp2_common/pico_double/double_init_rom.c.obj
 .comment       0x00000049       0x4a PWM/CMakeFiles/PWM.dir/C_/Users/59201/Desktop/NU/2024_Spring/ME433/Pico_examples_and_SDK/pico-sdk/src/rp2_common/pico_float/float_init_rom.c.obj
 .comment       0x00000049       0x4a PWM/CMakeFiles/PWM.dir/C_/Users/59201/Desktop/NU/2024_Spring/ME433/Pico_examples_and_SDK/pico-sdk/src/rp2_common/pico_standard_link/binary_info.c.obj
 .comment       0x00000049       0x4a PWM/CMakeFiles/PWM.dir/C_/Users/59201/Desktop/NU/2024_Spring/ME433/Pico_examples_and_SDK/pico-sdk/src/rp2_common/pico_stdio/stdio.c.obj
 .comment       0x00000049       0x4a PWM/CMakeFiles/PWM.dir/C_/Users/59201/Desktop/NU/2024_Spring/ME433/Pico_examples_and_SDK/pico-sdk/src/rp2_common/pico_stdio_uart/stdio_uart.c.obj

.debug_info     0x00000000    0x16285
 .debug_info    0x00000000      0xd1b PWM/CMakeFiles/PWM.dir/PWM.c.obj
 .debug_info    0x00000d1b     0x187e PWM/CMakeFiles/PWM.dir/C_/Users/59201/Desktop/NU/2024_Spring/ME433/Pico_examples_and_SDK/pico-sdk/src/rp2_common/hardware_gpio/gpio.c.obj
 .debug_info    0x00002599      0x1e3 PWM/CMakeFiles/PWM.dir/C_/Users/59201/Desktop/NU/2024_Spring/ME433/Pico_examples_and_SDK/pico-sdk/src/rp2_common/pico_platform/platform.c.obj
 .debug_info    0x0000277c      0x6be PWM/CMakeFiles/PWM.dir/C_/Users/59201/Desktop/NU/2024_Spring/ME433/Pico_examples_and_SDK/pico-sdk/src/rp2_common/hardware_claim/claim.c.obj