Archive member included to satisfy reference by file (symbol)

c:/progra~1/raspbe~1/picosd~1.1/gcc-ar~1/bin/../lib/gcc/arm-none-eabi/10.3.1/thumb/v6-m/nofp\libgcc.a(_dvmd_tls.o)
                              I2C/CMakeFiles/I2C.dir/C_/Users/59201/Desktop/NU/2024_Spring/ME433/Pico_examples_and_SDK/pico-sdk/src/rp2_common/pico_divider/divider.S.obj (__aeabi_idiv0)
c:/progra~1/raspbe~1/picosd~1.1/gcc-ar~1/bin/../lib/gcc/arm-none-eabi/10.3.1/../../../../arm-none-eabi/lib/thumb/v6-m/nofp\libg.a(lib_a-calloc.o)
                              I2C/CMakeFiles/I2C.dir/C_/Users/59201/Desktop/NU/2024_Spring/ME433/Pico_examples_and_SDK/pico-sdk/src/rp2_common/pico_malloc/pico_malloc.c.obj (calloc)
c:/progra~1/raspbe~1/picosd~1.1/gcc-ar~1/bin/../lib/gcc/arm-none-eabi/10.3.1/../../../../arm-none-eabi/lib/thumb/v6-m/nofp\libg.a(lib_a-callocr.o)
                              c:/progra~1/raspbe~1/picosd~1.1/gcc-ar~1/bin/../lib/gcc/arm-none-eabi/10.3.1/../../../../arm-none-eabi/lib/thumb/v6-m/nofp\libg.a(lib_a-calloc.o) (_calloc_r)
c:/progra~1/raspbe~1/picosd~1.1/gcc-ar~1/bin/../lib/gcc/arm-none-eabi/10.3.1/../../../../arm-none-eabi/lib/thumb/v6-m/nofp\libg.a(lib_a-errno.o)
                              c:/progra~1/raspbe~1/picosd~1.1/gcc-ar~1/bin/../lib/gcc/arm-none-eabi/10.3.1/../../../../arm-none-eabi/lib/thumb/v6-m/nofp\libg.a(lib_a-callocr.o) (__errno)
c:/progra~1/raspbe~1/picosd~1.1/gcc-ar~1/bin/../lib/gcc/arm-none-eabi/10.3.1/../../../../arm-none-eabi/lib/thumb/v6-m/nofp\libg.a(lib_a-impure.o)
                              c:/progra~1/raspbe~1/picosd~1.1/gcc-ar~1/bin/../lib/gcc/arm-none-eabi/10.3.1/../../../../arm-none-eabi/lib/thumb/v6-m/nofp\libg.a(lib_a-calloc.o) (_impure_ptr)
c:/progra~1/raspbe~1/picosd~1.1/gcc-ar~1/bin/../lib/gcc/arm-none-eabi/10.3.1/../../../../arm-none-eabi/lib/thumb/v6-m/nofp\libg.a(lib_a-init.o)
                              c:/progra~1/raspbe~1/picosd~1.1/gcc-ar~1/bin/../lib/gcc/arm-none-eabi/10.3.1/../../../../arm-none-eabi/lib/thumb/v6-m/nofp/crt0.o (__libc_init_array)
c:/progra~1/raspbe~1/picosd~1.1/gcc-ar~1/bin/../lib/gcc/arm-none-eabi/10.3.1/../../../../arm-none-eabi/lib/thumb/v6-m/nofp\libg.a(lib_a-malloc.o)
                              I2C/CMakeFiles/I2C.dir/C_/Users/59201/Desktop/NU/2024_Spring/ME433/Pico_examples_and_SDK/pico-sdk/src/rp2_common/pico_malloc/pico_malloc.c.obj (malloc)
c:/progra~1/raspbe~1/picosd~1.1/gcc-ar~1/bin/../lib/gcc/arm-none-eabi/10.3.1/../../../../arm-none-eabi/lib/thumb/v6-m/nofp\libg.a(lib_a-mallocr.o)
                              c:/progra~1/raspbe~1/picosd~1.1/gcc-ar~1/bin/../lib/gcc/arm-none-eabi/10.3.1/../../../../arm-none-eabi/lib/thumb/v6-m/nofp\libg.a(lib_a-callocr.o) (_malloc_r)
c:/progra~1/raspbe~1/picosd~1.1/gcc-ar~1/bin/../lib/gcc/arm-none-eabi/10.3.1/../../../../arm-none-eabi/lib/thumb/v6-m/nofp\libg.a(lib_a-mlock.o)
                              c:/progra~1/raspbe~1/picosd~1.1/gcc-ar~1/bin/../lib/gcc/arm-none-eabi/10.3.1/../../../../arm-none-eabi/lib/thumb/v6-m/nofp\libg.a(lib_a-mallocr.o) (__malloc_lock)
c:/progra~1/raspbe~1/picosd~1.1/gcc-ar~1/bin/../lib/gcc/arm-none-eabi/10.3.1/../../../../arm-none-eabi/lib/thumb/v6-m/nofp\libg.a(lib_a-realloc.o)
                              I2C/CMakeFiles/I2C.dir/C_/Users/59201/Desktop/NU/2024_Spring/ME433/Pico_examples_and_SDK/pico-sdk/src/rp2_common/pico_malloc/pico_malloc.c.obj (realloc)
c:/progra~1/raspbe~1/picosd~1.1/gcc-ar~1/bin/../lib/gcc/arm-none-eabi/10.3.1/../../../../arm-none-eabi/lib/thumb/v6-m/nofp\libg.a(lib_a-reallocr.o)
                              c:/progra~1/raspbe~1/picosd~1.1/gcc-ar~1/bin/../lib/gcc/arm-none-eabi/10.3.1/../../../../arm-none-eabi/lib/thumb/v6-m/nofp\libg.a(lib_a-realloc.o) (_realloc_r)
c:/progra~1/raspbe~1/picosd~1.1/gcc-ar~1/bin/../lib/gcc/arm-none-eabi/10.3.1/../../../../arm-none-eabi/lib/thumb/v6-m/nofp\libg.a(lib_a-sbrkr.o)
                              c:/progra~1/raspbe~1/picosd~1.1/gcc-ar~1/bin/../lib/gcc/arm-none-eabi/10.3.1/../../../../arm-none-eabi/lib/thumb/v6-m/nofp\libg.a(lib_a-mallocr.o) (_sbrk_r)
c:/progra~1/raspbe~1/picosd~1.1/gcc-ar~1/bin/../lib/gcc/arm-none-eabi/10.3.1/../../../../arm-none-eabi/lib/thumb/v6-m/nofp\libg.a(lib_a-strlen-stub.o)
                              I2C/CMakeFiles/I2C.dir/C_/Users/59201/Desktop/NU/2024_Spring/ME433/Pico_examples_and_SDK/pico-sdk/src/rp2_common/pico_stdio/stdio.c.obj (strlen)
c:/progra~1/raspbe~1/picosd~1.1/gcc-ar~1/bin/../lib/gcc/arm-none-eabi/10.3.1/../../../../arm-none-eabi/lib/thumb/v6-m/nofp\libg.a(lib_a-freer.o)
                              c:/progra~1/raspbe~1/picosd~1.1/gcc-ar~1/bin/../lib/gcc/arm-none-eabi/10.3.1/../../../../arm-none-eabi/lib/thumb/v6-m/nofp\libg.a(lib_a-malloc.o) (_free_r)
c:/progra~1/raspbe~1/picosd~1.1/gcc-ar~1/bin/../lib/gcc/arm-none-eabi/10.3.1/../../../../arm-none-eabi/lib/thumb/v6-m/nofp\libg.a(lib_a-lock.o)
[...]
Memory Configuration

Name             Origin             Length             Attributes
FLASH            0x10000000         0x00200000         xr
RAM              0x20000000         0x00040000         xrw
SCRATCH_X        0x20040000         0x00001000         xrw
SCRATCH_Y        0x20041000         0x00001000         xrw
*default*        0x00000000         0xffffffff

Linker script and memory map

LOAD c:/progra~1/raspbe~1/picosd~1.1/gcc-ar~1/bin/../lib/gcc/arm-none-eabi/10.3.1/thumb/v6-m/nofp/crti.o
LOAD c:/progra~1/raspbe~1/picosd~1.1/gcc-ar~1/bin/../lib/gcc/arm-none-eabi/10.3.1/thumb/v6-m/nofp/crtbegin.o
LOAD c:/progra~1/raspbe~1/picosd~1.1/gcc-ar~1/bin/../lib/gcc/arm-none-eabi/10.3.1/../../../../arm-none-eabi/lib/thumb/v6-m/nofp/crt0.o

.flash_begin    0x10000000        0x0
                0x10000000                __flash_binary_start = .

.boot2          0x10000000      0x100
                0x10000000                __boot2_start__ = .
 *(.boot2)
 .boot2         0x10000000      0x100 C:\Users\59201\AppData\Local\Temp\cce90VI7.o
                0x10000100                __boot2_end__ = .
                0x00000001                ASSERT (((__boot2_end__ - __boot2_start__) == 0x100), ERROR: Pico second stage bootloader must be 256 bytes in size)

.text           0x10000100     0x4a58
                0x10000100                __logical_binary_start = .
 *(.vectors)
 .vectors       0x10000100       0xd4 I2C/CMakeFiles/I2C.dir/C_/Users/59201/Desktop/NU/2024_Spring/ME433/Pico_examples_and_SDK/pico-sdk/src/rp2_common/pico_standard_link/crt0.S.obj
                0x10000100                __VECTOR_TABLE
                0x10000100                __vectors
                0x100001c0                isr_invalid
                0x100001c0                __default_isrs_start
                0x100001c2                isr_nmi
                0x100001c4                isr_hardfault
                0x100001c6                isr_svcall
                0x100001c8                isr_pendsv
                0x100001ca                isr_systick
                0x100001cc                isr_irq23
                0x100001cc                isr_irq18
                0x100001cc                isr_irq11
                0x100001cc                isr_irq28
                0x100001cc                isr_irq19
                0x100001cc                isr_irq0
                0x100001cc                isr_irq6
                0x100001cc                isr_irq5
                0x100001cc                isr_irq12
                0x100001cc                isr_irq22
                0x100001cc                isr_irq31
                0x100001cc                isr_irq17
                0x100001cc                isr_irq27
                0x100001cc                isr_irq30
                0x100001cc                isr_irq2
                0x100001cc                isr_irq10
                0x100001cc                isr_irq8
                0x100001cc                isr_irq24
                0x100001cc                isr_irq1
                0x100001cc                isr_irq7
                0x100001cc                isr_irq21
                0x100001cc                isr_irq20
                0x100001cc                isr_irq15
                0x100001cc                isr_irq25
                0x100001cc                isr_irq13
                0x100001cc                __unhandled_user_irq
                0x100001cc                isr_irq4
                0x100001cc                isr_irq16
                0x100001cc                isr_irq29
                0x100001cc                isr_irq26
                0x100001cc                __default_isrs_end
                0x100001cc                isr_irq3
                0x100001cc                isr_irq14
                0x100001cc                isr_irq9
                0x100001d2                unhandled_user_irq_num_in_r0
 *(.binary_info_header)
 .binary_info_header
                0x100001d4       0x14 I2C/CMakeFiles/I2C.dir/C_/Users/59201/Desktop/NU/2024_Spring/ME433/Pico_examples_and_SDK/pico-sdk/src/rp2_common/pico_standard_link/crt0.S.obj
                0x100001e8                __binary_info_header_end = .
 *(.reset)
 .reset         0x100001e8       0xa0 I2C/CMakeFiles/I2C.dir/C_/Users/59201/Desktop/NU/2024_Spring/ME433/Pico_examples_and_SDK/pico-sdk/src/rp2_common/pico_standard_link/crt0.S.obj
                0x100001e8                _entry_point
 .reset         0x10000288       0x30 I2C/CMakeFiles/I2C.dir/C_/Users/59201/Desktop/NU/2024_Spring/ME433/Pico_examples_and_SDK/pico-sdk/src/rp2_common/pico_standard_link/binary_info.c.obj
 *(.init)
 .init          0x100002b8        0x4 c:/progra~1/raspbe~1/picosd~1.1/gcc-ar~1/bin/../lib/gcc/arm-none-eabi/10.3.1/thumb/v6-m/nofp/crti.o
                0x100002b8                _init
 *(EXCLUDE_FILE(*libm.a: *libc.a:*lib_a-mem*.o *libgcc.a:) .text*)
 .text          0x100002bc       0x48 c:/progra~1/raspbe~1/picosd~1.1/gcc-ar~1/bin/../lib/gcc/arm-none-eabi/10.3.1/thumb/v6-m/nofp/crtbegin.o
 .text.init_mcp23008
                0x10000304       0x24 I2C/CMakeFiles/I2C.dir/I2C.c.obj
                0x10000304                init_mcp23008
 .text.set_led  0x10000328       0x28 I2C/CMakeFiles/I2C.dir/I2C.c.obj
                0x10000328                set_led
 .text.read_button
                0x10000350       0x3c I2C/CMakeFiles/I2C.dir/I2C.c.obj
                0x10000350                read_button
 .text.main     0x1000038c       0x68 I2C/CMakeFiles/I2C.dir/I2C.c.obj
                0x1000038c                main
 .text.gpio_set_function
                0x100003f4       0x30 I2C/CMakeFiles/I2C.dir/C_/Users/59201/Desktop/NU/2024_Spring/ME433/Pico_examples_and_SDK/pico-sdk/src/rp2_common/hardware_gpio/gpio.c.obj
                0x100003f4                gpio_set_function
 .text.gpio_init
                0x10000424       0x16 I2C/CMakeFiles/I2C.dir/C_/Users/59201/Desktop/NU/2024_Spring/ME433/Pico_examples_and_SDK/pico-sdk/src/rp2_common/hardware_gpio/gpio.c.obj
                0x10000424                gpio_init
 *fill*         0x1000043a        0x2 
 .text.running_on_fpga
                0x1000043c       0x14 I2C/CMakeFiles/I2C.dir/C_/Users/59201/Desktop/NU/2024_Spring/ME433/Pico_examples_and_SDK/pico-sdk/src/rp2_common/pico_platform/platform.c.obj
                0x1000043c                running_on_fpga
 .text.hw_claim_lock
                0x10000450       0x18 I2C/CMakeFiles/I2C.dir/C_/Users/59201/Desktop/NU/2024_Spring/ME433/Pico_examples_and_SDK/pico-sdk/src/rp2_common/hardware_claim/claim.c.obj
                0x10000450                hw_claim_lock
 .text.hw_claim_unlock
                0x10000468       0x14 I2C/CMakeFiles/I2C.dir/C_/Users/59201/Desktop/NU/2024_Spring/ME433/Pico_examples_and_SDK/pico-sdk/src/rp2_common/hardware_claim/claim.c.obj
                0x10000468                hw_claim_unlock
 .text.hw_claim_or_assert
                0x1000047c       0x32 I2C/CMakeFiles/I2C.dir/C_/Users/59201/Desktop/NU/2024_Spring/ME433/Pico_examples_and_SDK/pico-sdk/src/rp2_common/hardware_claim/claim.c.obj
                0x1000047c                hw_claim_or_assert
 *fill*         0x100004ae        0x2 
 .text.spin_locks_reset
                0x100004b0       0x20 I2C/CMakeFiles/I2C.dir/C_/Users/59201/Desktop/NU/2024_Spring/ME433/Pico_examples_and_SDK/pico-sdk/src/rp2_common/hardware_sync/sync.c.obj
                0x100004b0                spin_locks_reset
 .text.next_striped_spin_lock_num
                0x100004d0       0x1c I2C/CMakeFiles/I2C.dir/C_/Users/59201/Desktop/NU/2024_Spring/ME433/Pico_examples_and_SDK/pico-sdk/src/rp2_common/hardware_sync/sync.c.obj
                0x100004d0                next_striped_spin_lock_num
 .text.set_raw_irq_handler_and_unlock
                0x100004ec       0x28 I2C/CMakeFiles/I2C.dir/C_/Users/59201/Desktop/NU/2024_Spring/ME433/Pico_examples_and_SDK/pico-sdk/src/rp2_common/hardware_irq/irq.c.obj
 .text.make_branch
                0x10000514       0x48 I2C/CMakeFiles/I2C.dir/C_/Users/59201/Desktop/NU/2024_Spring/ME433/Pico_examples_and_SDK/pico-sdk/src/rp2_common/hardware_irq/irq.c.obj
 .text.insert_branch_and_link
                0x1000055c       0x40 I2C/CMakeFiles/I2C.dir/C_/Users/59201/Desktop/NU/2024_Spring/ME433/Pico_examples_and_SDK/pico-sdk/src/rp2_common/hardware_irq/irq.c.obj
 .text.irq_is_enabled
                0x1000059c       0x18 I2C/CMakeFiles/I2C.dir/C_/Users/59201/Desktop/NU/2024_Spring/ME433/Pico_examples_and_SDK/pico-sdk/src/rp2_common/hardware_irq/irq.c.obj
                0x1000059c                irq_is_enabled
 .text.irq_set_mask_enabled
                0x100005b4       0x20 I2C/CMakeFiles/I2C.dir/C_/Users/59201/Desktop/NU/2024_Spring/ME433/Pico_examples_and_SDK/pico-sdk/src/rp2_common/hardware_irq/irq.c.obj
                0x100005b4                irq_set_mask_enabled
 .text.irq_set_enabled
                0x100005d4        0xe I2C/CMakeFiles/I2C.dir/C_/Users/59201/Desktop/NU/2024_Spring/ME433/Pico_examples_and_SDK/pico-sdk/src/rp2_common/hardware_irq/irq.c.obj
                0x100005d4                irq_set_enabled
 *fill*         0x100005e2        0x2 
 .text.irq_get_vtable_handler
                0x100005e4       0x10 I2C/CMakeFiles/I2C.dir/C_/Users/59201/Desktop/NU/2024_Spring/ME433/Pico_examples_and_SDK/pico-sdk/src/rp2_common/hardware_irq/irq.c.obj
                0x100005e4                irq_get_vtable_handler
 .text.irq_set_exclusive_handler
                0x100005f4       0x54 I2C/CMakeFiles/I2C.dir/C_/Users/59201/Desktop/NU/2024_Spring/ME433/Pico_examples_and_SDK/pico-sdk/src/rp2_common/hardware_irq/irq.c.obj
                0x100005f4                irq_set_exclusive_handler
 .text.irq_remove_handler
                0x10000648      0x1ac I2C/CMakeFiles/I2C.dir/C_/Users/59201/Desktop/NU/2024_Spring/ME433/Pico_examples_and_SDK/pico-sdk/src/rp2_common/hardware_irq/irq.c.obj
                0x10000648                irq_remove_handler
 .text.irq_add_tail_to_free_list
                0x100007f4       0xf0 I2C/CMakeFiles/I2C.dir/C_/Users/59201/Desktop/NU/2024_Spring/ME433/Pico_examples_and_SDK/pico-sdk/src/rp2_common/hardware_irq/irq.c.obj
                0x100007f4                irq_add_tail_to_free_list
 .text.irq_init_priorities
                0x100008e4       0x1c I2C/CMakeFiles/I2C.dir/C_/Users/59201/Desktop/NU/2024_Spring/ME433/Pico_examples_and_SDK/pico-sdk/src/rp2_common/hardware_irq/irq.c.obj
                0x100008e4                irq_init_priorities
 .text.lock_init
                0x10000900       0x10 I2C/CMakeFiles/I2C.dir/C_/Users/59201/Desktop/NU/2024_Spring/ME433/Pico_examples_and_SDK/pico-sdk/src/common/pico_sync/lock_core.c.obj
                0x10000900                lock_init
 .text.mutex_init
                0x10000910       0x1a I2C/CMakeFiles/I2C.dir/C_/Users/59201/Desktop/NU/2024_Spring/ME433/Pico_examples_and_SDK/pico-sdk/src/common/pico_sync/mutex.c.obj
                0x10000910                mutex_init
 .text.recursive_mutex_init
                0x1000092a       0x1e I2C/CMakeFiles/I2C.dir/C_/Users/59201/Desktop/NU/2024_Spring/ME433/Pico_examples_and_SDK/pico-sdk/src/common/pico_sync/mutex.c.obj
                0x1000092a                recursive_mutex_init
 .text.alarm_pool_post_alloc_init
                0x10000948       0x40 I2C/CMakeFiles/I2C.dir/C_/Users/59201/Desktop/NU/2024_Spring/ME433/Pico_examples_and_SDK/pico-sdk/src/common/pico_time/time.c.obj
 .text.sleep_until_callback
                0x10000988       0x30 I2C/CMakeFiles/I2C.dir/C_/Users/59201/Desktop/NU/2024_Spring/ME433/Pico_examples_and_SDK/pico-sdk/src/common/pico_time/time.c.obj
 .text.timer_pool_entry_comparator
                0x100009b8       0x7c I2C/CMakeFiles/I2C.dir/C_/Users/59201/Desktop/NU/2024_Spring/ME433/Pico_examples_and_SDK/pico-sdk/src/common/pico_time/time.c.obj
                0x100009b8                timer_pool_entry_comparator
 .text.ph_add_child_node
                0x10000a34       0xa4 I2C/CMakeFiles/I2C.dir/C_/Users/59201/Desktop/NU/2024_Spring/ME433/Pico_examples_and_SDK/pico-sdk/src/common/pico_time/time.c.obj
 .text.ph_merge_nodes
                0x10000ad8       0x3e I2C/CMakeFiles/I2C.dir/C_/Users/59201/Desktop/NU/2024_Spring/ME433/Pico_examples_and_SDK/pico-sdk/src/common/pico_time/time.c.obj
 *fill*         0x10000b16        0x2 
 .text.add_alarm_under_lock
                0x10000b18      0x174 I2C/CMakeFiles/I2C.dir/C_/Users/59201/Desktop/NU/2024_Spring/ME433/Pico_examples_and_SDK/pico-sdk/src/common/pico_time/time.c.obj
 .text.alarm_pool_alarm_callback
                0x10000c8c      0x33c I2C/CMakeFiles/I2C.dir/C_/Users/59201/Desktop/NU/2024_Spring/ME433/Pico_examples_and_SDK/pico-sdk/src/common/pico_time/time.c.obj
 .text.alarm_pool_init_default
                0x10000fc8       0x40 I2C/CMakeFiles/I2C.dir/C_/Users/59201/Desktop/NU/2024_Spring/ME433/Pico_examples_and_SDK/pico-sdk/src/common/pico_time/time.c.obj
                0x10000fc8                alarm_pool_init_default
 .text.alarm_pool_get_default
                0x10001008       0x2c I2C/CMakeFiles/I2C.dir/C_/Users/59201/Desktop/NU/2024_Spring/ME433/Pico_examples_and_SDK/pico-sdk/src/common/pico_time/time.c.obj
                0x10001008                alarm_pool_get_default
 .text.alarm_pool_add_alarm_at
                0x10001034      0x168 I2C/CMakeFiles/I2C.dir/C_/Users/59201/Desktop/NU/2024_Spring/ME433/Pico_examples_and_SDK/pico-sdk/src/common/pico_time/time.c.obj
                0x10001034                alarm_pool_add_alarm_at
 .text.alarm_pool_cancel_alarm
                0x1000119c       0xf8 I2C/CMakeFiles/I2C.dir/C_/Users/59201/Desktop/NU/2024_Spring/ME433/Pico_examples_and_SDK/pico-sdk/src/common/pico_time/time.c.obj
                0x1000119c                alarm_pool_cancel_alarm
 .text.sleep_until
                0x10001294       0xfc I2C/CMakeFiles/I2C.dir/C_/Users/59201/Desktop/NU/2024_Spring/ME433/Pico_examples_and_SDK/pico-sdk/src/common/pico_time/time.c.obj
                0x10001294                sleep_until
 .text.sleep_us
                0x10001390       0x58 I2C/CMakeFiles/I2C.dir/C_/Users/59201/Desktop/NU/2024_Spring/ME433/Pico_examples_and_SDK/pico-sdk/src/common/pico_time/time.c.obj
                0x10001390                sleep_us
 .text.sleep_ms
                0x100013e8       0x14 I2C/CMakeFiles/I2C.dir/C_/Users/59201/Desktop/NU/2024_Spring/ME433/Pico_examples_and_SDK/pico-sdk/src/common/pico_time/time.c.obj
                0x100013e8                sleep_ms
 .text.best_effort_wfe_or_timeout
                0x100013fc       0xac I2C/CMakeFiles/I2C.dir/C_/Users/59201/Desktop/NU/2024_Spring/ME433/Pico_examples_and_SDK/pico-sdk/src/common/pico_time/time.c.obj
                0x100013fc                best_effort_wfe_or_timeout
 .text.hardware_alarm_irq_handler
                0x100014a8       0x90 I2C/CMakeFiles/I2C.dir/C_/Users/59201/Desktop/NU/2024_Spring/ME433/Pico_examples_and_SDK/pico-sdk/src/rp2_common/hardware_timer/timer.c.obj
 .text.hardware_alarm_claim
                0x10001538       0x18 I2C/CMakeFiles/I2C.dir/C_/Users/59201/Desktop/NU/2024_Spring/ME433/Pico_examples_and_SDK/pico-sdk/src/rp2_common/hardware_timer/timer.c.obj
                0x10001538                hardware_alarm_claim
 .text.time_us_64
                0x10001550       0x18 I2C/CMakeFiles/I2C.dir/C_/Users/59201/Desktop/NU/2024_Spring/ME433/Pico_examples_and_SDK/pico-sdk/src/rp2_common/hardware_timer/timer.c.obj
                0x10001550                time_us_64
 .text.busy_wait_until
                0x10001568       0x28 I2C/CMakeFiles/I2C.dir/C_/Users/59201/Desktop/NU/2024_Spring/ME433/Pico_examples_and_SDK/pico-sdk/src/rp2_common/hardware_timer/timer.c.obj
                0x10001568                busy_wait_until
 .text.busy_wait_us
                0x10001590       0x48 I2C/CMakeFiles/I2C.dir/C_/Users/59201/Desktop/NU/2024_Spring/ME433/Pico_examples_and_SDK/pico-sdk/src/rp2_common/hardware_timer/timer.c.obj
                0x10001590                busy_wait_us
 .text.hardware_alarm_set_callback
                0x100015d8       0x90 I2C/CMakeFiles/I2C.dir/C_/Users/59201/Desktop/NU/2024_Spring/ME433/Pico_examples_and_SDK/pico-sdk/src/rp2_common/hardware_timer/timer.c.obj
                0x100015d8                hardware_alarm_set_callback
 .text.hardware_alarm_set_target
                0x10001668       0xe8 I2C/CMakeFiles/I2C.dir/C_/Users/59201/Desktop/NU/2024_Spring/ME433/Pico_examples_and_SDK/pico-sdk/src/rp2_common/hardware_timer/timer.c.obj
                0x10001668                hardware_alarm_set_target
 .text.hardware_alarm_cancel
                0x10001750       0x40 I2C/CMakeFiles/I2C.dir/C_/Users/59201/Desktop/NU/2024_Spring/ME433/Pico_examples_and_SDK/pico-sdk/src/rp2_common/hardware_timer/timer.c.obj
                0x10001750                hardware_alarm_cancel
 .text.ph_add_child_node
                0x10001790       0xa4 I2C/CMakeFiles/I2C.dir/C_/Users/59201/Desktop/NU/2024_Spring/ME433/Pico_examples_and_SDK/pico-sdk/src/common/pico_util/pheap.c.obj
 .text.ph_merge_nodes
                0x10001834       0x3e I2C/CMakeFiles/I2C.dir/C_/Users/59201/Desktop/NU/2024_Spring/ME433/Pico_examples_and_SDK/pico-sdk/src/common/pico_util/pheap.c.obj
 *fill*         0x10001872        0x2 
 .text.ph_clear
                0x10001874       0x70 I2C/CMakeFiles/I2C.dir/C_/Users/59201/Desktop/NU/2024_Spring/ME433/Pico_examples_and_SDK/pico-sdk/src/common/pico_util/pheap.c.obj
                0x10001874                ph_clear
 .text.ph_post_alloc_init
                0x100018e4        0xe I2C/CMakeFiles/I2C.dir/C_/Users/59201/Desktop/NU/2024_Spring/ME433/Pico_examples_and_SDK/pico-sdk/src/common/pico_util/pheap.c.obj
                0x100018e4                ph_post_alloc_init
 *fill*         0x100018f2        0x2 
 .text.ph_merge_two_pass
                0x100018f4       0xa8 I2C/CMakeFiles/I2C.dir/C_/Users/59201/Desktop/NU/2024_Spring/ME433/Pico_examples_and_SDK/pico-sdk/src/common/pico_util/pheap.c.obj
                0x100018f4                ph_merge_two_pass
 .text.ph_remove_any_head
                0x1000199c      0x128 I2C/CMakeFiles/I2C.dir/C_/Users/59201/Desktop/NU/2024_Spring/ME433/Pico_examples_and_SDK/pico-sdk/src/common/pico_util/pheap.c.obj
 .text.ph_remove_head
                0x10001ac4       0x14 I2C/CMakeFiles/I2C.dir/C_/Users/59201/Desktop/NU/2024_Spring/ME433/Pico_examples_and_SDK/pico-sdk/src/common/pico_util/pheap.c.obj
                0x10001ac4                ph_remove_head
 .text.ph_remove_and_free_node
                0x10001ad8       0xf8 I2C/CMakeFiles/I2C.dir/C_/Users/59201/Desktop/NU/2024_Spring/ME433/Pico_examples_and_SDK/pico-sdk/src/common/pico_util/pheap.c.obj
                0x10001ad8                ph_remove_and_free_node
 .text.uart_disable_before_lcr_write
                0x10001bd0       0x48 I2C/CMakeFiles/I2C.dir/C_/Users/59201/Desktop/NU/2024_Spring/ME433/Pico_examples_and_SDK/pico-sdk/src/rp2_common/hardware_uart/uart.c.obj
 .text.uart_write_lcr_bits_masked
                0x10001c18       0x22 I2C/CMakeFiles/I2C.dir/C_/Users/59201/Desktop/NU/2024_Spring/ME433/Pico_examples_and_SDK/pico-sdk/src/rp2_common/hardware_uart/uart.c.obj
 *fill*         0x10001c3a        0x2 
 .text.uart_set_baudrate
                0x10001c3c       0x5c I2C/CMakeFiles/I2C.dir/C_/Users/59201/Desktop/NU/2024_Spring/ME433/Pico_examples_and_SDK/pico-sdk/src/rp2_common/hardware_uart/uart.c.obj
                0x10001c3c                uart_set_baudrate
 .text.uart_set_format
                0x10001c98       0x2c I2C/CMakeFiles/I2C.dir/C_/Users/59201/Desktop/NU/2024_Spring/ME433/Pico_examples_and_SDK/pico-sdk/src/rp2_common/hardware_uart/uart.c.obj
                0x10001c98                uart_set_format
 .text.uart_set_translate_crlf
                0x10001cc4       0x28 I2C/CMakeFiles/I2C.dir/C_/Users/59201/Desktop/NU/2024_Spring/ME433/Pico_examples_and_SDK/pico-sdk/src/rp2_common/hardware_uart/uart.c.obj
                0x10001cc4                uart_set_translate_crlf
 .text.uart_init
                0x10001cec       0x80 I2C/CMakeFiles/I2C.dir/C_/Users/59201/Desktop/NU/2024_Spring/ME433/Pico_examples_and_SDK/pico-sdk/src/rp2_common/hardware_uart/uart.c.obj
                0x10001cec                uart_init
 .text.clock_configure
                0x10001d6c      0x108 I2C/CMakeFiles/I2C.dir/C_/Users/59201/Desktop/NU/2024_Spring/ME433/Pico_examples_and_SDK/pico-sdk/src/rp2_common/hardware_clocks/clocks.c.obj
                0x10001d6c                clock_configure
 .text.clocks_init
                0x10001e74      0x100 I2C/CMakeFiles/I2C.dir/C_/Users/59201/Desktop/NU/2024_Spring/ME433/Pico_examples_and_SDK/pico-sdk/src/rp2_common/hardware_clocks/clocks.c.obj
                0x10001e74                clocks_init
 .text.clock_get_hz
                0x10001f74        0xc I2C/CMakeFiles/I2C.dir/C_/Users/59201/Desktop/NU/2024_Spring/ME433/Pico_examples_and_SDK/pico-sdk/src/rp2_common/hardware_clocks/clocks.c.obj
                0x10001f74                clock_get_hz
 .text.pll_init
                0x10001f80      0x120 I2C/CMakeFiles/I2C.dir/C_/Users/59201/Desktop/NU/2024_Spring/ME433/Pico_examples_and_SDK/pico-sdk/src/rp2_common/hardware_pll/pll.c.obj
                0x10001f80                pll_init
 .text.watchdog_start_tick
                0x100020a0       0x10 I2C/CMakeFiles/I2C.dir/C_/Users/59201/Desktop/NU/2024_Spring/ME433/Pico_examples_and_SDK/pico-sdk/src/rp2_common/hardware_watchdog/watchdog.c.obj
                0x100020a0                watchdog_start_tick
 .text.xosc_init
                0x100020b0       0x28 I2C/CMakeFiles/I2C.dir/C_/Users/59201/Desktop/NU/2024_Spring/ME433/Pico_examples_and_SDK/pico-sdk/src/rp2_common/hardware_xosc/xosc.c.obj
                0x100020b0                xosc_init
 .text._exit    0x100020d8        0x4 I2C/CMakeFiles/I2C.dir/C_/Users/59201/Desktop/NU/2024_Spring/ME433/Pico_examples_and_SDK/pico-sdk/src/rp2_common/pico_runtime/runtime.c.obj
                0x100020d8                _exit
 .text.exit     0x100020dc        0x6 I2C/CMakeFiles/I2C.dir/C_/Users/59201/Desktop/NU/2024_Spring/ME433/Pico_examples_and_SDK/pico-sdk/src/rp2_common/pico_runtime/runtime.c.obj
                0x100020dc                exit
 *fill*         0x100020e2        0x2 
 .text.__assert_func
                0x100020e4       0x3c I2C/CMakeFiles/I2C.dir/C_/Users/59201/Desktop/NU/2024_Spring/ME433/Pico_examples_and_SDK/pico-sdk/src/rp2_common/pico_runtime/runtime.c.obj
                0x100020e4                __assert_func
 .text.runtime_init
                0x10002120       0xf8 I2C/CMakeFiles/I2C.dir/C_/Users/59201/Desktop/NU/2024_Spring/ME433/Pico_examples_and_SDK/pico-sdk/src/rp2_common/pico_runtime/runtime.c.obj
                0x10002120                runtime_init
 .text.panic    0x10002218       0x30 I2C/CMakeFiles/I2C.dir/C_/Users/59201/Desktop/NU/2024_Spring/ME433/Pico_examples_and_SDK/pico-sdk/src/rp2_common/pico_runtime/runtime.c.obj
                0x10002218                panic
 .text._out_null
                0x10002248        0x2 I2C/CMakeFiles/I2C.dir/C_/Users/59201/Desktop/NU/2024_Spring/ME433/Pico_examples_and_SDK/pico-sdk/src/rp2_common/pico_printf/printf.c.obj
 .text._out_fct
                0x1000224a        0xe I2C/CMakeFiles/I2C.dir/C_/Users/59201/Desktop/NU/2024_Spring/ME433/Pico_examples_and_SDK/pico-sdk/src/rp2_common/pico_printf/printf.c.obj
 .text._atoi    0x10002258       0x24 I2C/CMakeFiles/I2C.dir/C_/Users/59201/Desktop/NU/2024_Spring/ME433/Pico_examples_and_SDK/pico-sdk/src/rp2_common/pico_printf/printf.c.obj
 .text._out_rev
                0x1000227c       0xae I2C/CMakeFiles/I2C.dir/C_/Users/59201/Desktop/NU/2024_Spring/ME433/Pico_examples_and_SDK/pico-sdk/src/rp2_common/pico_printf/printf.c.obj
 .text._ntoa_format
                0x1000232a      0x112 I2C/CMakeFiles/I2C.dir/C_/Users/59201/Desktop/NU/2024_Spring/ME433/Pico_examples_and_SDK/pico-sdk/src/rp2_common/pico_printf/printf.c.obj
 .text._ntoa_long
                0x1000243c       0xbc I2C/CMakeFiles/I2C.dir/C_/Users/59201/Desktop/NU/2024_Spring/ME433/Pico_examples_and_SDK/pico-sdk/src/rp2_common/pico_printf/printf.c.obj
 .text._ntoa_long_long
                0x100024f8       0xe2 I2C/CMakeFiles/I2C.dir/C_/Users/59201/Desktop/NU/2024_Spring/ME433/Pico_examples_and_SDK/pico-sdk/src/rp2_common/pico_printf/printf.c.obj
 *fill*         0x100025da        0x2 
 .text._etoa    0x100025dc      0x414 I2C/CMakeFiles/I2C.dir/C_/Users/59201/Desktop/NU/2024_Spring/ME433/Pico_examples_and_SDK/pico-sdk/src/rp2_common/pico_printf/printf.c.obj
 .text._ftoa    0x100029f0      0x354 I2C/CMakeFiles/I2C.dir/C_/Users/59201/Desktop/NU/2024_Spring/ME433/Pico_examples_and_SDK/pico-sdk/src/rp2_common/pico_printf/printf.c.obj
 .text._vsnprintf
                0x10002d44      0x624 I2C/CMakeFiles/I2C.dir/C_/Users/59201/Desktop/NU/2024_Spring/ME433/Pico_examples_and_SDK/pico-sdk/src/rp2_common/pico_printf/printf.c.obj
 .text.vfctprintf
                0x10003368       0x20 I2C/CMakeFiles/I2C.dir/C_/Users/59201/Desktop/NU/2024_Spring/ME433/Pico_examples_and_SDK/pico-sdk/src/rp2_common/pico_printf/printf.c.obj
                0x10003368                vfctprintf
 .text          0x10003388       0x10 I2C/CMakeFiles/I2C.dir/C_/Users/59201/Desktop/NU/2024_Spring/ME433/Pico_examples_and_SDK/pico-sdk/src/rp2_common/pico_bit_ops/bit_ops_aeabi.S.obj
 .text.rom_func_lookup
                0x10003398       0x10 I2C/CMakeFiles/I2C.dir/C_/Users/59201/Desktop/NU/2024_Spring/ME433/Pico_examples_and_SDK/pico-sdk/src/rp2_common/pico_bootrom/bootrom.c.obj
                0x10003398                rom_func_lookup
 .text.rom_data_lookup
                0x100033a8       0x10 I2C/CMakeFiles/I2C.dir/C_/Users/59201/Desktop/NU/2024_Spring/ME433/Pico_examples_and_SDK/pico-sdk/src/rp2_common/pico_bootrom/bootrom.c.obj
                0x100033a8                rom_data_lookup
 .text.rom_funcs_lookup
                0x100033b8       0x36 I2C/CMakeFiles/I2C.dir/C_/Users/59201/Desktop/NU/2024_Spring/ME433/Pico_examples_and_SDK/pico-sdk/src/rp2_common/pico_bootrom/bootrom.c.obj
                0x100033b8                rom_funcs_lookup
 *fill*         0x100033ee        0x2 
 .text.__wrap___aeabi_idiv
                0x100033f0       0x50 I2C/CMakeFiles/I2C.dir/C_/Users/59201/Desktop/NU/2024_Spring/ME433/Pico_examples_and_SDK/pico-sdk/src/rp2_common/pico_divider/divider.S.obj
                0x100033f0                __wrap___aeabi_idivmod
                0x100033f0                divmod_s32s32
                0x100033f0                div_s32s32
                0x100033f0                __wrap___aeabi_idiv
                0x100033f8                divmod_s32s32_unsafe
                0x10003424                divmod_s32s32_savestate
 .text.__wrap___aeabi_uidiv
                0x10003440       0x4c I2C/CMakeFiles/I2C.dir/C_/Users/59201/Desktop/NU/2024_Spring/ME433/Pico_examples_and_SDK/pico-sdk/src/rp2_common/pico_divider/divider.S.obj
                0x10003440                __wrap___aeabi_uidiv
                0x10003440                __wrap___aeabi_uidivmod
                0x10003440                div_u32u32
                0x10003440                divmod_u32u32
                0x10003448                divmod_u32u32_unsafe
                0x10003470                divmod_u32u32_savestate
 .text.__wrap___aeabi_ldiv
                0x1000348c      0x424 I2C/CMakeFiles/I2C.dir/C_/Users/59201/Desktop/NU/2024_Spring/ME433/Pico_examples_and_SDK/pico-sdk/src/rp2_common/pico_divider/divider.S.obj
                0x1000348c                div_s64s64
                0x1000348c                divmod_s64s64
                0x1000348c                __wrap___aeabi_ldivmod
                0x100034bc                divmod_u64u64
                0x100034bc                div_u64u64
                0x100034bc                __wrap___aeabi_uldivmod
                0x100034cc                divmod_u64u64_savestate
                0x100034ec                divmod_s64s64_unsafe
                0x10003574                divmod_u64u64_unsafe
 .text.__wrap___aeabi_darithmetic
                0x100038b0       0x80 I2C/CMakeFiles/I2C.dir/C_/Users/59201/Desktop/NU/2024_Spring/ME433/Pico_examples_and_SDK/pico-sdk/src/rp2_common/pico_double/double_aeabi.S.obj
                0x100038b0                __wrap___aeabi_drsub
                0x100038b6                __wrap___aeabi_dsub
                0x100038c8                __wrap___aeabi_dadd
                0x100038da                __wrap___aeabi_ddiv
                0x10003916                __wrap___aeabi_dmul
 .text.__wrap___aeabi_cdcmple
                0x10003930       0x6c I2C/CMakeFiles/I2C.dir/C_/Users/59201/Desktop/NU/2024_Spring/ME433/Pico_examples_and_SDK/pico-sdk/src/rp2_common/pico_double/double_aeabi.S.obj
                0x10003930                __wrap___aeabi_cdrcmple
                0x10003940                __wrap___aeabi_cdcmpeq
                0x10003940                __wrap___aeabi_cdcmple
 .text.__wrap___aeabi_dcmplt
                0x1000399c        0xc I2C/CMakeFiles/I2C.dir/C_/Users/59201/Desktop/NU/2024_Spring/ME433/Pico_examples_and_SDK/pico-sdk/src/rp2_common/pico_double/double_aeabi.S.obj
                0x1000399c                __wrap___aeabi_dcmplt
 .text.__wrap___aeabi_dcmple
                0x100039a8       0x10 I2C/CMakeFiles/I2C.dir/C_/Users/59201/Desktop/NU/2024_Spring/ME433/Pico_examples_and_SDK/pico-sdk/src/rp2_common/pico_double/double_aeabi.S.obj
                0x100039a8                __wrap___aeabi_dcmple
 .text.__wrap___aeabi_dcmpge
                0x100039b8       0x10 I2C/CMakeFiles/I2C.dir/C_/Users/59201/Desktop/NU/2024_Spring/ME433/Pico_examples_and_SDK/pico-sdk/src/rp2_common/pico_double/double_aeabi.S.obj
                0x100039b8                __wrap___aeabi_dcmpge
 .text.__wrap___aeabi_dcmpgt
                0x100039c8        0xa I2C/CMakeFiles/I2C.dir/C_/Users/59201/Desktop/NU/2024_Spring/ME433/Pico_examples_and_SDK/pico-sdk/src/rp2_common/pico_double/double_aeabi.S.obj
                0x100039c8                __wrap___aeabi_dcmpgt
 .text.__wrap___aeabi_dcmpun
                0x100039d2       0x1c I2C/CMakeFiles/I2C.dir/C_/Users/59201/Desktop/NU/2024_Spring/ME433/Pico_examples_and_SDK/pico-sdk/src/rp2_common/pico_double/double_aeabi.S.obj
                0x100039d2                __wrap___aeabi_dcmpun
 *fill*         0x100039ee        0x2 
 .text.__wrap___aeabi_i2d
                0x100039f0       0x38 I2C/CMakeFiles/I2C.dir/C_/Users/59201/Desktop/NU/2024_Spring/ME433/Pico_examples_and_SDK/pico-sdk/src/rp2_common/pico_double/double_aeabi.S.obj
                0x100039f0                __wrap___aeabi_ui2d
                0x100039f8                __wrap___aeabi_i2d
 .text.__wrap___aeabi_d2iz
                0x10003a28       0x48 I2C/CMakeFiles/I2C.dir/C_/Users/59201/Desktop/NU/2024_Spring/ME433/Pico_examples_and_SDK/pico-sdk/src/rp2_common/pico_double/double_aeabi.S.obj
                0x10003a28                double2int_z
                0x10003a28                __wrap___aeabi_d2iz
 .text.__wrap___aeabi_d2uiz
                0x10003a70       0x18 I2C/CMakeFiles/I2C.dir/C_/Users/59201/Desktop/NU/2024_Spring/ME433/Pico_examples_and_SDK/pico-sdk/src/rp2_common/pico_double/double_aeabi.S.obj
                0x10003a70                __wrap___aeabi_d2uiz
                0x10003a70                double2uint
 .text.__aeabi_double_init
                0x10003a88       0xc8 I2C/CMakeFiles/I2C.dir/C_/Users/59201/Desktop/NU/2024_Spring/ME433/Pico_examples_and_SDK/pico-sdk/src/rp2_common/pico_double/double_init_rom.c.obj
                0x10003a88                __aeabi_double_init
 .text.double_table_shim_on_use_helper
                0x10003b50       0x34 I2C/CMakeFiles/I2C.dir/C_/Users/59201/Desktop/NU/2024_Spring/ME433/Pico_examples_and_SDK/pico-sdk/src/rp2_common/pico_double/double_v1_rom_shim.S.obj
                0x10003b50                double_table_shim_on_use_helper
 .text.__wrap___aeabi_dsub
                0x10003b84       0x10 I2C/CMakeFiles/I2C.dir/C_/Users/59201/Desktop/NU/2024_Spring/ME433/Pico_examples_and_SDK/pico-sdk/src/rp2_common/pico_double/double_v1_rom_shim.S.obj
                0x10003b84                drsub_shim
                0x10003b8a                dsub_shim
 .text.dadd_shim
                0x10003b94      0x15c I2C/CMakeFiles/I2C.dir/C_/Users/59201/Desktop/NU/2024_Spring/ME433/Pico_examples_and_SDK/pico-sdk/src/rp2_common/pico_double/double_v1_rom_shim.S.obj
                0x10003b94                dadd_shim
 .text.dmul_shim
                0x10003cf0      0x15c I2C/CMakeFiles/I2C.dir/C_/Users/59201/Desktop/NU/2024_Spring/ME433/Pico_examples_and_SDK/pico-sdk/src/rp2_common/pico_double/double_v1_rom_shim.S.obj
                0x10003cf0                dmul_shim
 .text.ddiv_shim
                0x10003e4c      0x1b0 I2C/CMakeFiles/I2C.dir/C_/Users/59201/Desktop/NU/2024_Spring/ME433/Pico_examples_and_SDK/pico-sdk/src/rp2_common/pico_double/double_v1_rom_shim.S.obj
                0x10003e4c                ddiv_shim
 .text.double2uint_shim
                0x10003ffc        0xe I2C/CMakeFiles/I2C.dir/C_/Users/59201/Desktop/NU/2024_Spring/ME433/Pico_examples_and_SDK/pico-sdk/src/rp2_common/pico_double/double_v1_rom_shim.S.obj
                0x10003ffc                double2uint_shim
                0x10003ffe                double2ufix_shim
 *fill*         0x1000400a        0x2 
 .text.double2uint64_shim
                0x1000400c       0x70 I2C/CMakeFiles/I2C.dir/C_/Users/59201/Desktop/NU/2024_Spring/ME433/Pico_examples_and_SDK/pico-sdk/src/rp2_common/pico_double/double_v1_rom_shim.S.obj
                0x1000400c                double2uint64_shim
                0x1000400e                double2ufix64_shim
                0x1000402e                d2fix_a
 .text.dunpacks
                0x1000407c       0x3c I2C/CMakeFiles/I2C.dir/C_/Users/59201/Desktop/NU/2024_Spring/ME433/Pico_examples_and_SDK/pico-sdk/src/rp2_common/pico_double/double_v1_rom_shim.S.obj
                0x1000407c                dunpacks
 .text.__aeabi_lmul
                0x100040b8       0x32 I2C/CMakeFiles/I2C.dir/C_/Users/59201/Desktop/NU/2024_Spring/ME433/Pico_examples_and_SDK/pico-sdk/src/rp2_common/pico_int64_ops/pico_int64_ops_aeabi.S.obj
                0x100040b8                __wrap___aeabi_lmul
 *fill*         0x100040ea        0x2 
 .text.__aeabi_float_init
                0x100040ec       0xfc I2C/CMakeFiles/I2C.dir/C_/Users/59201/Desktop/NU/2024_Spring/ME433/Pico_examples_and_SDK/pico-sdk/src/rp2_common/pico_float/float_init_rom.c.obj
                0x100040ec                __aeabi_float_init
 .text.float_table_shim_on_use_helper
                0x100041e8       0x34 I2C/CMakeFiles/I2C.dir/C_/Users/59201/Desktop/NU/2024_Spring/ME433/Pico_examples_and_SDK/pico-sdk/src/rp2_common/pico_float/float_v1_rom_shim.S.obj
                0x100041e8                float_table_shim_on_use_helper
 .text          0x1000421c       0x10 I2C/CMakeFiles/I2C.dir/C_/Users/59201/Desktop/NU/2024_Spring/ME433/Pico_examples_and_SDK/pico-sdk/src/rp2_common/pico_mem_ops/mem_ops_aeabi.S.obj
                0x1000421c                __aeabi_mem_init
 .text.memcpy   0x1000422c        0xc I2C/CMakeFiles/I2C.dir/C_/Users/59201/Desktop/NU/2024_Spring/ME433/Pico_examples_and_SDK/pico-sdk/src/rp2_common/pico_mem_ops/mem_ops_aeabi.S.obj
                0x1000422c                __wrap_memcpy
                0x1000422c                __wrap___aeabi_memcpy
 .text.stdio_out_chars_no_crlf
                0x10004238        0xe I2C/CMakeFiles/I2C.dir/C_/Users/59201/Desktop/NU/2024_Spring/ME433/Pico_examples_and_SDK/pico-sdk/src/rp2_common/pico_stdio/stdio.c.obj
 *fill*         0x10004246        0x2 
 .text.stdio_out_chars_crlf
                0x10004248       0x80 I2C/CMakeFiles/I2C.dir/C_/Users/59201/Desktop/NU/2024_Spring/ME433/Pico_examples_and_SDK/pico-sdk/src/rp2_common/pico_stdio/stdio.c.obj
 .text.stdio_stack_buffer_flush
                0x100042c8       0x44 I2C/CMakeFiles/I2C.dir/C_/Users/59201/Desktop/NU/2024_Spring/ME433/Pico_examples_and_SDK/pico-sdk/src/rp2_common/pico_stdio/stdio.c.obj
 .text.stdio_buffered_printer
                0x1000430c       0x20 I2C/CMakeFiles/I2C.dir/C_/Users/59201/Desktop/NU/2024_Spring/ME433/Pico_examples_and_SDK/pico-sdk/src/rp2_common/pico_stdio/stdio.c.obj
 .text.stdout_serialize_begin
                0x1000432c       0x5c I2C/CMakeFiles/I2C.dir/C_/Users/59201/Desktop/NU/2024_Spring/ME433/Pico_examples_and_SDK/pico-sdk/src/rp2_common/pico_stdio/stdio.c.obj
                0x1000432c                stdout_serialize_begin
 .text.stdout_serialize_end
                0x10004388       0x10 I2C/CMakeFiles/I2C.dir/C_/Users/59201/Desktop/NU/2024_Spring/ME433/Pico_examples_and_SDK/pico-sdk/src/rp2_common/pico_stdio/stdio.c.obj
                0x10004388                stdout_serialize_end
 .text.stdio_put_string
                0x10004398       0x98 I2C/CMakeFiles/I2C.dir/C_/Users/59201/Desktop/NU/2024_Spring/ME433/Pico_examples_and_SDK/pico-sdk/src/rp2_common/pico_stdio/stdio.c.obj
 .text.stdio_set_driver_enabled
                0x10004430       0x2c I2C/CMakeFiles/I2C.dir/C_/Users/59201/Desktop/NU/2024_Spring/ME433/Pico_examples_and_SDK/pico-sdk/src/rp2_common/pico_stdio/stdio.c.obj
                0x10004430                stdio_set_driver_enabled
 .text.stdio_flush
                0x1000445c       0x20 I2C/CMakeFiles/I2C.dir/C_/Users/59201/Desktop/NU/2024_Spring/ME433/Pico_examples_and_SDK/pico-sdk/src/rp2_common/pico_stdio/stdio.c.obj
                0x1000445c                stdio_flush
 .text.__wrap_puts
                0x1000447c       0x1e I2C/CMakeFiles/I2C.dir/C_/Users/59201/Desktop/NU/2024_Spring/ME433/Pico_examples_and_SDK/pico-sdk/src/rp2_common/pico_stdio/stdio.c.obj
                0x1000447c                __wrap_puts
 *fill*         0x1000449a        0x2 
 .text.__wrap_vprintf
                0x1000449c       0x40 I2C/CMakeFiles/I2C.dir/C_/Users/59201/Desktop/NU/2024_Spring/ME433/Pico_examples_and_SDK/pico-sdk/src/rp2_common/pico_stdio/stdio.c.obj
                0x1000449c                __wrap_vprintf
 .text.__wrap_printf
                0x100044dc       0x18 I2C/CMakeFiles/I2C.dir/C_/Users/59201/Desktop/NU/2024_Spring/ME433/Pico_examples_and_SDK/pico-sdk/src/rp2_common/pico_stdio/stdio.c.obj
                0x100044dc                __wrap_printf
 .text.stdio_init_all
                0x100044f4        0xa I2C/CMakeFiles/I2C.dir/C_/Users/59201/Desktop/NU/2024_Spring/ME433/Pico_examples_and_SDK/pico-sdk/src/rp2_common/pico_stdio/stdio.c.obj
                0x100044f4                stdio_init_all
 *fill*         0x100044fe        0x2 
 .text.stdio_uart_out_chars
                0x10004500       0x74 I2C/CMakeFiles/I2C.dir/C_/Users/59201/Desktop/NU/2024_Spring/ME433/Pico_examples_and_SDK/pico-sdk/src/rp2_common/pico_stdio_uart/stdio_uart.c.obj
 .text.stdio_uart_in_chars
                0x10004574       0x80 I2C/CMakeFiles/I2C.dir/C_/Users/59201/Desktop/NU/2024_Spring/ME433/Pico_examples_and_SDK/pico-sdk/src/rp2_common/pico_stdio_uart/stdio_uart.c.obj
                0x10004574                stdio_uart_in_chars
 .text.on_uart_rx
                0x100045f4       0x28 I2C/CMakeFiles/I2C.dir/C_/Users/59201/Desktop/NU/2024_Spring/ME433/Pico_examples_and_SDK/pico-sdk/src/rp2_common/pico_stdio_uart/stdio_uart.c.obj
 .text.stdio_uart_set_chars_available_callback
                0x1000461c       0x8c I2C/CMakeFiles/I2C.dir/C_/Users/59201/Desktop/NU/2024_Spring/ME433/Pico_examples_and_SDK/pico-sdk/src/rp2_common/pico_stdio_uart/stdio_uart.c.obj
 .text.stdio_uart_init_full
                0x100046a8       0x44 I2C/CMakeFiles/I2C.dir/C_/Users/59201/Desktop/NU/2024_Spring/ME433/Pico_examples_and_SDK/pico-sdk/src/rp2_common/pico_stdio_uart/stdio_uart.c.obj
                0x100046a8                stdio_uart_init_full
 .text.stdio_uart_init
                0x100046ec       0x28 I2C/CMakeFiles/I2C.dir/C_/Users/59201/Desktop/NU/2024_Spring/ME433/Pico_examples_and_SDK/pico-sdk/src/rp2_common/pico_stdio_uart/stdio_uart.c.obj
                0x100046ec                stdio_uart_init
 .text.i2c_write_blocking_internal
                0x10004714      0x140 I2C/CMakeFiles/I2C.dir/C_/Users/59201/Desktop/NU/2024_Spring/ME433/Pico_examples_and_SDK/pico-sdk/src/rp2_common/hardware_i2c/i2c.c.obj
 .text.i2c_read_blocking_internal
                0x10004854       0xe6 I2C/CMakeFiles/I2C.dir/C_/Users/59201/Desktop/NU/2024_Spring/ME433/Pico_examples_and_SDK/pico-sdk/src/rp2_common/hardware_i2c/i2c.c.obj
 *fill*         0x1000493a        0x2 
 .text.i2c_set_baudrate
                0x1000493c       0xf0 I2C/CMakeFiles/I2C.dir/C_/Users/59201/Desktop/NU/2024_Spring/ME433/Pico_examples_and_SDK/pico-sdk/src/rp2_common/hardware_i2c/i2c.c.obj
                0x1000493c                i2c_set_baudrate
 .text.i2c_init
                0x10004a2c       0x58 I2C/CMakeFiles/I2C.dir/C_/Users/59201/Desktop/NU/2024_Spring/ME433/Pico_examples_and_SDK/pico-sdk/src/rp2_common/hardware_i2c/i2c.c.obj
                0x10004a2c                i2c_init
 .text.i2c_write_blocking
                0x10004a84       0x18 I2C/CMakeFiles/I2C.dir/C_/Users/59201/Desktop/NU/2024_Spring/ME433/Pico_examples_and_SDK/pico-sdk/src/rp2_common/hardware_i2c/i2c.c.obj
                0x10004a84                i2c_write_blocking
 .text.i2c_read_blocking
                0x10004a9c       0x18 I2C/CMakeFiles/I2C.dir/C_/Users/59201/Desktop/NU/2024_Spring/ME433/Pico_examples_and_SDK/pico-sdk/src/rp2_common/hardware_i2c/i2c.c.obj
                0x10004a9c                i2c_read_blocking
 .text.strlen   0x10004ab4       0x5c c:/progra~1/raspbe~1/picosd~1.1/gcc-ar~1/bin/../lib/gcc/arm-none-eabi/10.3.1/../../../../arm-none-eabi/lib/thumb/v6-m/nofp\libg.a(lib_a-strlen-stub.o)
                0x10004ab4                strlen
 *(.fini)
 .fini          0x10004b10        0x4 c:/progra~1/raspbe~1/picosd~1.1/gcc-ar~1/bin/../lib/gcc/arm-none-eabi/10.3.1/thumb/v6-m/nofp/crti.o
                0x10004b10                _fini
 *fill*         0x10004b14        0x4 
 .fini.__stub   0x10004b18       0x40 linker stubs
 *crtbegin.o(.ctors)
 *crtbegin?.o(.ctors)
 *(EXCLUDE_FILE(*crtend.o *crtend?.o) .ctors)
 *(SORT_BY_NAME(.ctors.*))
 *(.ctors)
 *crtbegin.o(.dtors)
 *crtbegin?.o(.dtors)
 *(EXCLUDE_FILE(*crtend.o *crtend?.o) .dtors)
 *(SORT_BY_NAME(.dtors.*))
 *(.dtors)
 *(.eh_frame*)
 .eh_frame      0x10004b58        0x0 c:/progra~1/raspbe~1/picosd~1.1/gcc-ar~1/bin/../lib/gcc/arm-none-eabi/10.3.1/thumb/v6-m/nofp/crtbegin.o
                0x10004b58                . = ALIGN (0x4)

.glue_7         0x10004b58        0x0
 .glue_7        0x10004b58        0x0 linker stubs

.glue_7t        0x10004b58        0x0
 .glue_7t       0x10004b58        0x0 linker stubs

.vfp11_veneer   0x10004b58        0x0
 .vfp11_veneer  0x10004b58        0x0 linker stubs

.v4_bx          0x10004b58        0x0
 .v4_bx         0x10004b58        0x0 linker stubs

.iplt           0x10004b58        0x0
 .iplt          0x10004b58        0x0 c:/progra~1/raspbe~1/picosd~1.1/gcc-ar~1/bin/../lib/gcc/arm-none-eabi/10.3.1/thumb/v6-m/nofp/crtbegin.o

.rodata         0x10004b58     0x121c
 *(EXCLUDE_FILE(*libm.a: *libc.a:*lib_a-mem*.o *libgcc.a:) .rodata*)
 .rodata.make_branch.str1.4
                0x10004b58       0x9d I2C/CMakeFiles/I2C.dir/C_/Users/59201/Desktop/NU/2024_Spring/ME433/Pico_examples_and_SDK/pico-sdk/src/rp2_common/hardware_irq/irq.c.obj
 *fill*         0x10004bf5        0x3 
 .rodata.insert_branch_and_link.str1.4
                0x10004bf8       0x10 I2C/CMakeFiles/I2C.dir/C_/Users/59201/Desktop/NU/2024_Spring/ME433/Pico_examples_and_SDK/pico-sdk/src/rp2_common/hardware_irq/irq.c.obj
 .rodata.irq_set_exclusive_handler.str1.4
                0x10004c08       0x36 I2C/CMakeFiles/I2C.dir/C_/Users/59201/Desktop/NU/2024_Spring/ME433/Pico_examples_and_SDK/pico-sdk/src/rp2_common/hardware_irq/irq.c.obj
 *fill*         0x10004c3e        0x2 
 .rodata.irq_add_shared_handler.str1.4
                0x10004c40       0xd9 I2C/CMakeFiles/I2C.dir/C_/Users/59201/Desktop/NU/2024_Spring/ME433/Pico_examples_and_SDK/pico-sdk/src/rp2_common/hardware_irq/irq.c.obj
 *fill*         0x10004d19        0x3 
 .rodata.irq_remove_handler.str1.4
                0x10004d1c       0x3a I2C/CMakeFiles/I2C.dir/C_/Users/59201/Desktop/NU/2024_Spring/ME433/Pico_examples_and_SDK/pico-sdk/src/rp2_common/hardware_irq/irq.c.obj
 *fill*         0x10004d56        0x2 
 .rodata.irq_add_tail_to_free_list.str1.4
                0x10004d58       0x3a I2C/CMakeFiles/I2C.dir/C_/Users/59201/Desktop/NU/2024_Spring/ME433/Pico_examples_and_SDK/pico-sdk/src/rp2_common/hardware_irq/irq.c.obj
 *fill*         0x10004d92        0x2 
 .rodata.__func__.0
                0x10004d94       0x1a I2C/CMakeFiles/I2C.dir/C_/Users/59201/Desktop/NU/2024_Spring/ME433/Pico_examples_and_SDK/pico-sdk/src/rp2_common/hardware_irq/irq.c.obj
 *fill*         0x10004dae        0x2 
 .rodata.__func__.1
                0x10004db0       0x17 I2C/CMakeFiles/I2C.dir/C_/Users/59201/Desktop/NU/2024_Spring/ME433/Pico_examples_and_SDK/pico-sdk/src/rp2_common/hardware_irq/irq.c.obj
 *fill*         0x10004dc7        0x1 
 .rodata.__func__.2
                0x10004dc8       0x13 I2C/CMakeFiles/I2C.dir/C_/Users/59201/Desktop/NU/2024_Spring/ME433/Pico_examples_and_SDK/pico-sdk/src/rp2_common/hardware_irq/irq.c.obj
 *fill*         0x10004ddb        0x1 
 .rodata.__func__.3
                0x10004ddc        0xc I2C/CMakeFiles/I2C.dir/C_/Users/59201/Desktop/NU/2024_Spring/ME433/Pico_examples_and_SDK/pico-sdk/src/rp2_common/hardware_irq/irq.c.obj
 .rodata.__func__.4
                0x10004de8        0xf I2C/CMakeFiles/I2C.dir/C_/Users/59201/Desktop/NU/2024_Spring/ME433/Pico_examples_and_SDK/pico-sdk/src/rp2_common/hardware_irq/irq.c.obj
 *fill*         0x10004df7        0x1 
 .rodata.__func__.6
                0x10004df8       0x1a I2C/CMakeFiles/I2C.dir/C_/Users/59201/Desktop/NU/2024_Spring/ME433/Pico_examples_and_SDK/pico-sdk/src/rp2_common/hardware_irq/irq.c.obj
 *fill*         0x10004e12        0x2 
 .rodata.str1.4
                0x10004e14      0x14d I2C/CMakeFiles/I2C.dir/C_/Users/59201/Desktop/NU/2024_Spring/ME433/Pico_examples_and_SDK/pico-sdk/src/common/pico_sync/mutex.c.obj
 *fill*         0x10004f61        0x3 
 .rodata.__func__.1
                0x10004f64        0xb I2C/CMakeFiles/I2C.dir/C_/Users/59201/Desktop/NU/2024_Spring/ME433/Pico_examples_and_SDK/pico-sdk/src/common/pico_sync/mutex.c.obj
 *fill*         0x10004f6f        0x1 
 .rodata.__func__.3
                0x10004f70       0x18 I2C/CMakeFiles/I2C.dir/C_/Users/59201/Desktop/NU/2024_Spring/ME433/Pico_examples_and_SDK/pico-sdk/src/common/pico_sync/mutex.c.obj
 .rodata.repeating_timer_callback.str1.4
                0x10004f88       0x7b I2C/CMakeFiles/I2C.dir/C_/Users/59201/Desktop/NU/2024_Spring/ME433/Pico_examples_and_SDK/pico-sdk/src/common/pico_time/time.c.obj
 *fill*         0x10005003        0x1 
 .rodata.timer_pool_entry_comparator.str1.4
                0x10005004       0x22 I2C/CMakeFiles/I2C.dir/C_/Users/59201/Desktop/NU/2024_Spring/ME433/Pico_examples_and_SDK/pico-sdk/src/common/pico_time/time.c.obj
 *fill*         0x10005026        0x2 
 .rodata.ph_add_child_node.str1.4
                0x10005028       0xc6 I2C/CMakeFiles/I2C.dir/C_/Users/59201/Desktop/NU/2024_Spring/ME433/Pico_examples_and_SDK/pico-sdk/src/common/pico_time/time.c.obj
 *fill*         0x100050ee        0x2 
 .rodata.add_alarm_under_lock.str1.4
                0x100050f0       0x28 I2C/CMakeFiles/I2C.dir/C_/Users/59201/Desktop/NU/2024_Spring/ME433/Pico_examples_and_SDK/pico-sdk/src/common/pico_time/time.c.obj
                                 0x2b (size before relaxing)
 .rodata.alarm_pool_alarm_callback.str1.4
                0x10005118       0x98 I2C/CMakeFiles/I2C.dir/C_/Users/59201/Desktop/NU/2024_Spring/ME433/Pico_examples_and_SDK/pico-sdk/src/common/pico_time/time.c.obj
                                0x12c (size before relaxing)
 .rodata.alarm_pool_get_default.str1.4
                0x100051b0       0x21 I2C/CMakeFiles/I2C.dir/C_/Users/59201/Desktop/NU/2024_Spring/ME433/Pico_examples_and_SDK/pico-sdk/src/common/pico_time/time.c.obj
 *fill*         0x100051d1        0x3 
 .rodata.alarm_pool_cancel_alarm.str1.4
                0x100051d4       0x27 I2C/CMakeFiles/I2C.dir/C_/Users/59201/Desktop/NU/2024_Spring/ME433/Pico_examples_and_SDK/pico-sdk/src/common/pico_time/time.c.obj
 *fill*         0x100051fb        0x1 
 .rodata.sleep_until.str1.4
                0x100051fc       0x4d I2C/CMakeFiles/I2C.dir/C_/Users/59201/Desktop/NU/2024_Spring/ME433/Pico_examples_and_SDK/pico-sdk/src/common/pico_time/time.c.obj
 *fill*         0x10005249        0x3 
 .rodata.__func__.1
                0x1000524c       0x18 I2C/CMakeFiles/I2C.dir/C_/Users/59201/Desktop/NU/2024_Spring/ME433/Pico_examples_and_SDK/pico-sdk/src/common/pico_time/time.c.obj
 .rodata.__func__.10
                0x10005264       0x15 I2C/CMakeFiles/I2C.dir/C_/Users/59201/Desktop/NU/2024_Spring/ME433/Pico_examples_and_SDK/pico-sdk/src/common/pico_time/time.c.obj
 *fill*         0x10005279        0x3 
 .rodata.__func__.11
                0x1000527c       0x1a I2C/CMakeFiles/I2C.dir/C_/Users/59201/Desktop/NU/2024_Spring/ME433/Pico_examples_and_SDK/pico-sdk/src/common/pico_time/time.c.obj
 *fill*         0x10005296        0x2 
 .rodata.__func__.12
                0x10005298        0xa I2C/CMakeFiles/I2C.dir/C_/Users/59201/Desktop/NU/2024_Spring/ME433/Pico_examples_and_SDK/pico-sdk/src/common/pico_time/time.c.obj
 *fill*         0x100052a2        0x2 
 .rodata.__func__.3
                0x100052a4       0x17 I2C/CMakeFiles/I2C.dir/C_/Users/59201/Desktop/NU/2024_Spring/ME433/Pico_examples_and_SDK/pico-sdk/src/common/pico_time/time.c.obj
 *fill*         0x100052bb        0x1 
 .rodata.__func__.4
                0x100052bc       0x12 I2C/CMakeFiles/I2C.dir/C_/Users/59201/Desktop/NU/2024_Spring/ME433/Pico_examples_and_SDK/pico-sdk/src/common/pico_time/time.c.obj
 *fill*         0x100052ce        0x2 
 .rodata.__func__.5
                0x100052d0        0xd I2C/CMakeFiles/I2C.dir/C_/Users/59201/Desktop/NU/2024_Spring/ME433/Pico_examples_and_SDK/pico-sdk/src/common/pico_time/time.c.obj
 *fill*         0x100052dd        0x3 
 .rodata.__func__.6
                0x100052e0       0x12 I2C/CMakeFiles/I2C.dir/C_/Users/59201/Desktop/NU/2024_Spring/ME433/Pico_examples_and_SDK/pico-sdk/src/common/pico_time/time.c.obj
 *fill*         0x100052f2        0x2 
 .rodata.__func__.7
                0x100052f4        0xf I2C/CMakeFiles/I2C.dir/C_/Users/59201/Desktop/NU/2024_Spring/ME433/Pico_examples_and_SDK/pico-sdk/src/common/pico_time/time.c.obj
 *fill*         0x10005303        0x1 
 .rodata.__func__.8
                0x10005304        0xc I2C/CMakeFiles/I2C.dir/C_/Users/59201/Desktop/NU/2024_Spring/ME433/Pico_examples_and_SDK/pico-sdk/src/common/pico_time/time.c.obj
 .rodata.__func__.9
                0x10005310       0x15 I2C/CMakeFiles/I2C.dir/C_/Users/59201/Desktop/NU/2024_Spring/ME433/Pico_examples_and_SDK/pico-sdk/src/common/pico_time/time.c.obj
 *fill*         0x10005325        0x3 
 .rodata.hardware_alarm_claim.str1.4
                0x10005328       0x22 I2C/CMakeFiles/I2C.dir/C_/Users/59201/Desktop/NU/2024_Spring/ME433/Pico_examples_and_SDK/pico-sdk/src/rp2_common/hardware_timer/timer.c.obj
 .rodata.busy_wait_us.str1.4
                0x1000534a       0x91 I2C/CMakeFiles/I2C.dir/C_/Users/59201/Desktop/NU/2024_Spring/ME433/Pico_examples_and_SDK/pico-sdk/src/rp2_common/hardware_timer/timer.c.obj
 *fill*         0x1000534a        0x2 
 .rodata.hardware_alarm_set_target.str1.4
                0x1000534c       0x95 I2C/CMakeFiles/I2C.dir/C_/Users/59201/Desktop/NU/2024_Spring/ME433/Pico_examples_and_SDK/pico-sdk/src/rp2_common/hardware_timer/timer.c.obj
 *fill*         0x100053e1        0x3 
 .rodata.__func__.0
                0x100053e4       0x1a I2C/CMakeFiles/I2C.dir/C_/Users/59201/Desktop/NU/2024_Spring/ME433/Pico_examples_and_SDK/pico-sdk/src/rp2_common/hardware_timer/timer.c.obj
 *fill*         0x100053fe        0x2 
 .rodata.__func__.1
                0x10005400       0x15 I2C/CMakeFiles/I2C.dir/C_/Users/59201/Desktop/NU/2024_Spring/ME433/Pico_examples_and_SDK/pico-sdk/src/rp2_common/hardware_timer/timer.c.obj
 .rodata.ph_add_child_node.str1.4
                0x10005415       0xc6 I2C/CMakeFiles/I2C.dir/C_/Users/59201/Desktop/NU/2024_Spring/ME433/Pico_examples_and_SDK/pico-sdk/src/common/pico_util/pheap.c.obj
 *fill*         0x10005415        0x3 
 .rodata.ph_remove_any_head.str1.4
                0x10005418       0xbc I2C/CMakeFiles/I2C.dir/C_/Users/59201/Desktop/NU/2024_Spring/ME433/Pico_examples_and_SDK/pico-sdk/src/common/pico_util/pheap.c.obj
                                 0xd0 (size before relaxing)
 .rodata.ph_remove_and_free_node.str1.4
                0x100054d4       0x1e I2C/CMakeFiles/I2C.dir/C_/Users/59201/Desktop/NU/2024_Spring/ME433/Pico_examples_and_SDK/pico-sdk/src/common/pico_util/pheap.c.obj
                                 0x26 (size before relaxing)
 *fill*         0x100054f2        0x2 
 .rodata.__func__.0
                0x100054f4       0x18 I2C/CMakeFiles/I2C.dir/C_/Users/59201/Desktop/NU/2024_Spring/ME433/Pico_examples_and_SDK/pico-sdk/src/common/pico_util/pheap.c.obj
 .rodata.__func__.1
                0x1000550c       0x13 I2C/CMakeFiles/I2C.dir/C_/Users/59201/Desktop/NU/2024_Spring/ME433/Pico_examples_and_SDK/pico-sdk/src/common/pico_util/pheap.c.obj
 *fill*         0x1000551f        0x1 
 .rodata.__func__.2
                0x10005520       0x12 I2C/CMakeFiles/I2C.dir/C_/Users/59201/Desktop/NU/2024_Spring/ME433/Pico_examples_and_SDK/pico-sdk/src/common/pico_util/pheap.c.obj
 *fill*         0x10005532        0x2 
 .rodata.__func__.3
                0x10005534        0xc I2C/CMakeFiles/I2C.dir/C_/Users/59201/Desktop/NU/2024_Spring/ME433/Pico_examples_and_SDK/pico-sdk/src/common/pico_util/pheap.c.obj
 .rodata.clock_configure.str1.4
                0x10005540       0x87 I2C/CMakeFiles/I2C.dir/C_/Users/59201/Desktop/NU/2024_Spring/ME433/Pico_examples_and_SDK/pico-sdk/src/rp2_common/hardware_clocks/clocks.c.obj
 *fill*         0x100055c7        0x1 
 .rodata.__func__.1
                0x100055c8       0x10 I2C/CMakeFiles/I2C.dir/C_/Users/59201/Desktop/NU/2024_Spring/ME433/Pico_examples_and_SDK/pico-sdk/src/rp2_common/hardware_clocks/clocks.c.obj
 .rodata.pll_init.str1.4
                0x100055d8      0x154 I2C/CMakeFiles/I2C.dir/C_/Users/59201/Desktop/NU/2024_Spring/ME433/Pico_examples_and_SDK/pico-sdk/src/rp2_common/hardware_pll/pll.c.obj
 .rodata.__func__.0
                0x1000572c        0x9 I2C/CMakeFiles/I2C.dir/C_/Users/59201/Desktop/NU/2024_Spring/ME433/Pico_examples_and_SDK/pico-sdk/src/rp2_common/hardware_pll/pll.c.obj
 *fill*         0x10005735        0x3 
 .rodata.__assert_func.str1.4
                0x10005738       0x3f I2C/CMakeFiles/I2C.dir/C_/Users/59201/Desktop/NU/2024_Spring/ME433/Pico_examples_and_SDK/pico-sdk/src/rp2_common/pico_runtime/runtime.c.obj
                                 0x43 (size before relaxing)
 *fill*         0x10005777        0x1 
 .rodata.runtime_init.str1.4
                0x10005778       0x91 I2C/CMakeFiles/I2C.dir/C_/Users/59201/Desktop/NU/2024_Spring/ME433/Pico_examples_and_SDK/pico-sdk/src/rp2_common/pico_runtime/runtime.c.obj
 *fill*         0x10005809        0x3 
 .rodata.panic.str1.4
                0x1000580c       0x12 I2C/CMakeFiles/I2C.dir/C_/Users/59201/Desktop/NU/2024_Spring/ME433/Pico_examples_and_SDK/pico-sdk/src/rp2_common/pico_runtime/runtime.c.obj
 *fill*         0x1000581e        0x2 
 .rodata.__func__.2
                0x10005820        0xd I2C/CMakeFiles/I2C.dir/C_/Users/59201/Desktop/NU/2024_Spring/ME433/Pico_examples_and_SDK/pico-sdk/src/rp2_common/pico_runtime/runtime.c.obj
 *fill*         0x1000582d        0x3 
 .rodata._ftoa.str1.4
                0x10005830       0x15 I2C/CMakeFiles/I2C.dir/C_/Users/59201/Desktop/NU/2024_Spring/ME433/Pico_examples_and_SDK/pico-sdk/src/rp2_common/pico_printf/printf.c.obj
 *fill*         0x10005845        0x3 
 .rodata._vsnprintf
                0x10005848      0x1e0 I2C/CMakeFiles/I2C.dir/C_/Users/59201/Desktop/NU/2024_Spring/ME433/Pico_examples_and_SDK/pico-sdk/src/rp2_common/pico_printf/printf.c.obj
 .rodata.pow10.0
                0x10005a28       0x50 I2C/CMakeFiles/I2C.dir/C_/Users/59201/Desktop/NU/2024_Spring/ME433/Pico_examples_and_SDK/pico-sdk/src/rp2_common/pico_printf/printf.c.obj
 .rodata.__aeabi_double_init.str1.4
                0x10005a78       0xcc I2C/CMakeFiles/I2C.dir/C_/Users/59201/Desktop/NU/2024_Spring/ME433/Pico_examples_and_SDK/pico-sdk/src/rp2_common/pico_double/double_init_rom.c.obj
 .rodata.__func__.0
                0x10005b44       0x14 I2C/CMakeFiles/I2C.dir/C_/Users/59201/Desktop/NU/2024_Spring/ME433/Pico_examples_and_SDK/pico-sdk/src/rp2_common/pico_double/double_init_rom.c.obj
 .rodata.__aeabi_float_init.str1.4
                0x10005b58       0xaa I2C/CMakeFiles/I2C.dir/C_/Users/59201/Desktop/NU/2024_Spring/ME433/Pico_examples_and_SDK/pico-sdk/src/rp2_common/pico_float/float_init_rom.c.obj
                                 0xae (size before relaxing)
 *fill*         0x10005c02        0x2 
 .rodata.__func__.0
                0x10005c04       0x13 I2C/CMakeFiles/I2C.dir/C_/Users/59201/Desktop/NU/2024_Spring/ME433/Pico_examples_and_SDK/pico-sdk/src/rp2_common/pico_float/float_init_rom.c.obj
 *fill*         0x10005c17        0x1 
 .rodata.str1.4
                0x10005c18       0x38 I2C/CMakeFiles/I2C.dir/C_/Users/59201/Desktop/NU/2024_Spring/ME433/Pico_examples_and_SDK/pico-sdk/src/rp2_common/pico_standard_link/binary_info.c.obj
 .rodata.__bi_44
                0x10005c50        0xc I2C/CMakeFiles/I2C.dir/C_/Users/59201/Desktop/NU/2024_Spring/ME433/Pico_examples_and_SDK/pico-sdk/src/rp2_common/pico_standard_link/binary_info.c.obj
 .rodata.__bi_75
                0x10005c5c        0xc I2C/CMakeFiles/I2C.dir/C_/Users/59201/Desktop/NU/2024_Spring/ME433/Pico_examples_and_SDK/pico-sdk/src/rp2_common/pico_standard_link/binary_info.c.obj
 .rodata.__bi_81
                0x10005c68        0xc I2C/CMakeFiles/I2C.dir/C_/Users/59201/Desktop/NU/2024_Spring/ME433/Pico_examples_and_SDK/pico-sdk/src/rp2_common/pico_standard_link/binary_info.c.obj
 .rodata.stdout_serialize_begin.str1.4
                0x10005c74       0x91 I2C/CMakeFiles/I2C.dir/C_/Users/59201/Desktop/NU/2024_Spring/ME433/Pico_examples_and_SDK/pico-sdk/src/rp2_common/pico_stdio/stdio.c.obj
 .rodata.__func__.3
                0x10005c74       0x15 I2C/CMakeFiles/I2C.dir/C_/Users/59201/Desktop/NU/2024_Spring/ME433/Pico_examples_and_SDK/pico-sdk/src/rp2_common/pico_stdio/stdio.c.obj
 *fill*         0x10005c89        0x3 
 .rodata.crlf_str.2
                0x10005c8c        0x2 I2C/CMakeFiles/I2C.dir/C_/Users/59201/Desktop/NU/2024_Spring/ME433/Pico_examples_and_SDK/pico-sdk/src/rp2_common/pico_stdio/stdio.c.obj
 *fill*         0x10005c8e        0x2 
 .rodata.str1.4
                0x10005c90       0x2c I2C/CMakeFiles/I2C.dir/C_/Users/59201/Desktop/NU/2024_Spring/ME433/Pico_examples_and_SDK/pico-sdk/src/rp2_common/pico_stdio_uart/stdio_uart.c.obj
 .rodata.__bi_33.4
                0x10005cbc        0xc I2C/CMakeFiles/I2C.dir/C_/Users/59201/Desktop/NU/2024_Spring/ME433/Pico_examples_and_SDK/pico-sdk/src/rp2_common/pico_stdio_uart/stdio_uart.c.obj
 .rodata.__bi_34.5
                0x10005cc8        0x8 I2C/CMakeFiles/I2C.dir/C_/Users/59201/Desktop/NU/2024_Spring/ME433/Pico_examples_and_SDK/pico-sdk/src/rp2_common/pico_stdio_uart/stdio_uart.c.obj
 .rodata.i2c_set_baudrate.str1.4
                0x10005cd0       0x8d I2C/CMakeFiles/I2C.dir/C_/Users/59201/Desktop/NU/2024_Spring/ME433/Pico_examples_and_SDK/pico-sdk/src/rp2_common/hardware_i2c/i2c.c.obj
 *fill*         0x10005d5d        0x3 
 .rodata.__func__.0
                0x10005d60       0x11 I2C/CMakeFiles/I2C.dir/C_/Users/59201/Desktop/NU/2024_Spring/ME433/Pico_examples_and_SDK/pico-sdk/src/rp2_common/hardware_i2c/i2c.c.obj
                0x10005d74                . = ALIGN (0x4)
 *fill*         0x10005d71        0x3 
 *(SORT_BY_ALIGNMENT(SORT_BY_NAME(.flashdata*)))
                0x10005d74                . = ALIGN (0x4)

.ARM.extab
 *(.ARM.extab* .gnu.linkonce.armextab.*)
                0x10005d74                __exidx_start = .

.ARM.exidx
 *(.ARM.exidx* .gnu.linkonce.armexidx.*)
                0x10005d74                __exidx_end = .
                0x10005d74                . = ALIGN (0x4)
                0x10005d74                __binary_info_start = .

.binary_info    0x10005d74       0x24
 *(.binary_info.keep.*)
 .binary_info.keep.__bi_ptr22
                0x10005d74        0x4 I2C/CMakeFiles/I2C.dir/C_/Users/59201/Desktop/NU/2024_Spring/ME433/Pico_examples_and_SDK/pico-sdk/src/rp2_common/pico_standard_link/binary_info.c.obj
 .binary_info.keep.__bi_ptr30
                0x10005d78        0x4 I2C/CMakeFiles/I2C.dir/C_/Users/59201/Desktop/NU/2024_Spring/ME433/Pico_examples_and_SDK/pico-sdk/src/rp2_common/pico_standard_link/binary_info.c.obj
 .binary_info.keep.__bi_ptr38
                0x10005d7c        0x4 I2C/CMakeFiles/I2C.dir/C_/Users/59201/Desktop/NU/2024_Spring/ME433/Pico_examples_and_SDK/pico-sdk/src/rp2_common/pico_standard_link/binary_info.c.obj
 .binary_info.keep.__bi_ptr44
                0x10005d80        0x4 I2C/CMakeFiles/I2C.dir/C_/Users/59201/Desktop/NU/2024_Spring/ME433/Pico_examples_and_SDK/pico-sdk/src/rp2_common/pico_standard_link/binary_info.c.obj
 .binary_info.keep.__bi_ptr50
                0x10005d84        0x4 I2C/CMakeFiles/I2C.dir/C_/Users/59201/Desktop/NU/2024_Spring/ME433/Pico_examples_and_SDK/pico-sdk/src/rp2_common/pico_standard_link/binary_info.c.obj
 .binary_info.keep.__bi_ptr75
                0x10005d88        0x4 I2C/CMakeFiles/I2C.dir/C_/Users/59201/Desktop/NU/2024_Spring/ME433/Pico_examples_and_SDK/pico-sdk/src/rp2_common/pico_standard_link/binary_info.c.obj
 .binary_info.keep.__bi_ptr81
                0x10005d8c        0x4 I2C/CMakeFiles/I2C.dir/C_/Users/59201/Desktop/NU/2024_Spring/ME433/Pico_examples_and_SDK/pico-sdk/src/rp2_common/pico_standard_link/binary_info.c.obj
 *(.binary_info.*)
 .binary_info.__bi_ptr33
                0x10005d90        0x4 I2C/CMakeFiles/I2C.dir/C_/Users/59201/Desktop/NU/2024_Spring/ME433/Pico_examples_and_SDK/pico-sdk/src/rp2_common/pico_stdio_uart/stdio_uart.c.obj
 .binary_info.__bi_ptr34
                0x10005d94        0x4 I2C/CMakeFiles/I2C.dir/C_/Users/59201/Desktop/NU/2024_Spring/ME433/Pico_examples_and_SDK/pico-sdk/src/rp2_common/pico_stdio_uart/stdio_uart.c.obj
                0x10005d98                __binary_info_end = .

.rel.dyn        0x10005d98        0x0
 .rel.iplt      0x10005d98        0x0 c:/progra~1/raspbe~1/picosd~1.1/gcc-ar~1/bin/../lib/gcc/arm-none-eabi/10.3.1/thumb/v6-m/nofp/crtbegin.o
                0x10005d98                . = ALIGN (0x4)

.ram_vector_table
                0x20000000       0xc0
 *(.ram_vector_table)
 .ram_vector_table
                0x20000000       0xc0 I2C/CMakeFiles/I2C.dir/C_/Users/59201/Desktop/NU/2024_Spring/ME433/Pico_examples_and_SDK/pico-sdk/src/rp2_common/pico_runtime/runtime.c.obj
                0x20000000                ram_vector_table

.data           0x200000c0      0x24c load address 0x10005d98
                0x200000c0                __data_start__ = .
 *(vtable)
 *(.time_critical*)
 .time_critical.mutex_try_enter
                0x200000c0       0x46 I2C/CMakeFiles/I2C.dir/C_/Users/59201/Desktop/NU/2024_Spring/ME433/Pico_examples_and_SDK/pico-sdk/src/common/pico_sync/mutex.c.obj
                0x200000c0                mutex_try_enter
 *fill*         0x20000106        0x2 
 .time_critical.mutex_enter_block_until
                0x20000108       0x8c I2C/CMakeFiles/I2C.dir/C_/Users/59201/Desktop/NU/2024_Spring/ME433/Pico_examples_and_SDK/pico-sdk/src/common/pico_sync/mutex.c.obj
                0x20000108                mutex_enter_block_until
 .time_critical.mutex_try_enter_block_until
                0x20000194       0x34 I2C/CMakeFiles/I2C.dir/C_/Users/59201/Desktop/NU/2024_Spring/ME433/Pico_examples_and_SDK/pico-sdk/src/common/pico_sync/mutex.c.obj
                0x20000194                mutex_try_enter_block_until
 .time_critical.mutex_exit
                0x200001c8       0x4c I2C/CMakeFiles/I2C.dir/C_/Users/59201/Desktop/NU/2024_Spring/ME433/Pico_examples_and_SDK/pico-sdk/src/common/pico_sync/mutex.c.obj
                0x200001c8                mutex_exit
 *(.text*)
 .text          0x20000214        0x4 c:/progra~1/raspbe~1/picosd~1.1/gcc-ar~1/bin/../lib/gcc/arm-none-eabi/10.3.1/thumb/v6-m/nofp\libgcc.a(_dvmd_tls.o)
                0x20000214                __aeabi_idiv0
                0x20000214                __aeabi_ldiv0
 .text.__stub   0x20000218       0x20 linker stubs
                0x20000238                . = ALIGN (0x4)
 *(.rodata*)
                0x20000238                . = ALIGN (0x4)
 *(.data*)
 .data.striped_spin_lock_num
                0x20000238        0x1 I2C/CMakeFiles/I2C.dir/C_/Users/59201/Desktop/NU/2024_Spring/ME433/Pico_examples_and_SDK/pico-sdk/src/rp2_common/hardware_sync/sync.c.obj
 *fill*         0x20000239        0x3 
 .data          0x2000023c       0x48 I2C/CMakeFiles/I2C.dir/C_/Users/59201/Desktop/NU/2024_Spring/ME433/Pico_examples_and_SDK/pico-sdk/src/rp2_common/hardware_irq/irq_handler_chain.S.obj
                0x2000023c                irq_handler_chain_slots
                0x2000026c                irq_handler_chain_first_slot
                0x20000276                irq_handler_chain_remove_tail
 .data.default_alarm_pool
                0x20000284       0x18 I2C/CMakeFiles/I2C.dir/C_/Users/59201/Desktop/NU/2024_Spring/ME433/Pico_examples_and_SDK/pico-sdk/src/common/pico_time/time.c.obj
 .data.default_alarm_pool_heap
                0x2000029c       0x10 I2C/CMakeFiles/I2C.dir/C_/Users/59201/Desktop/NU/2024_Spring/ME433/Pico_examples_and_SDK/pico-sdk/src/common/pico_time/time.c.obj
 *fill*         0x200002ac        0x4 
 .data.aeabi_bits_funcs
                0x200002b0       0x10 I2C/CMakeFiles/I2C.dir/C_/Users/59201/Desktop/NU/2024_Spring/ME433/Pico_examples_and_SDK/pico-sdk/src/rp2_common/pico_bit_ops/bit_ops_aeabi.S.obj
                0x200002b0                aeabi_bits_funcs
                0x200002c0                aeabi_bits_funcs_end
 .data.aeabi_mem_funcs
                0x200002c0       0x10 I2C/CMakeFiles/I2C.dir/C_/Users/59201/Desktop/NU/2024_Spring/ME433/Pico_examples_and_SDK/pico-sdk/src/rp2_common/pico_mem_ops/mem_ops_aeabi.S.obj
                0x200002c0                aeabi_mem_funcs
                0x200002d0                aeabi_mem_funcs_end
 .data.stdio_uart
                0x200002d0       0x18 I2C/CMakeFiles/I2C.dir/C_/Users/59201/Desktop/NU/2024_Spring/ME433/Pico_examples_and_SDK/pico-sdk/src/rp2_common/pico_stdio_uart/stdio_uart.c.obj
                0x200002d0                stdio_uart
 .data.i2c0_inst
                0x200002e8        0x8 I2C/CMakeFiles/I2C.dir/C_/Users/59201/Desktop/NU/2024_Spring/ME433/Pico_examples_and_SDK/pico-sdk/src/rp2_common/hardware_i2c/i2c.c.obj
                0x200002e8                i2c0_inst
                0x200002f0                . = ALIGN (0x4)
 *(.after_data.*)
                0x200002f0                . = ALIGN (0x4)
                0x200002f0                PROVIDE (__mutex_array_start = .)
 *(SORT_BY_NAME(.mutex_array.*))
 *(.mutex_array)
 .mutex_array   0x200002f0        0x8 I2C/CMakeFiles/I2C.dir/C_/Users/59201/Desktop/NU/2024_Spring/ME433/Pico_examples_and_SDK/pico-sdk/src/rp2_common/pico_stdio/stdio.c.obj
                0x200002f8                PROVIDE (__mutex_array_end = .)
                0x200002f8                . = ALIGN (0x4)
                0x200002f8                PROVIDE (__preinit_array_start = .)
 *(SORT_BY_NAME(.preinit_array.*))
 .preinit_array.00001
                0x200002f8        0x4 I2C/CMakeFiles/I2C.dir/C_/Users/59201/Desktop/NU/2024_Spring/ME433/Pico_examples_and_SDK/pico-sdk/src/rp2_common/pico_mem_ops/mem_ops_aeabi.S.obj
 .preinit_array.00010
                0x200002fc        0x4 I2C/CMakeFiles/I2C.dir/C_/Users/59201/Desktop/NU/2024_Spring/ME433/Pico_examples_and_SDK/pico-sdk/src/rp2_common/pico_bit_ops/bit_ops_aeabi.S.obj
 .preinit_array.00020
                0x20000300        0x4 I2C/CMakeFiles/I2C.dir/C_/Users/59201/Desktop/NU/2024_Spring/ME433/Pico_examples_and_SDK/pico-sdk/src/rp2_common/pico_double/double_aeabi.S.obj
 .preinit_array.00020
                0x20000304        0x4 I2C/CMakeFiles/I2C.dir/C_/Users/59201/Desktop/NU/2024_Spring/ME433/Pico_examples_and_SDK/pico-sdk/src/rp2_common/pico_float/float_aeabi.S.obj
 *(.preinit_array)
                0x20000308                PROVIDE (__preinit_array_end = .)
                0x20000308                . = ALIGN (0x4)
                0x20000308                PROVIDE (__init_array_start = .)
 *(SORT_BY_NAME(.init_array.*))
 *(.init_array)
 .init_array    0x20000308        0x4 c:/progra~1/raspbe~1/picosd~1.1/gcc-ar~1/bin/../lib/gcc/arm-none-eabi/10.3.1/thumb/v6-m/nofp/crtbegin.o
                0x2000030c                PROVIDE (__init_array_end = .)
                0x2000030c                . = ALIGN (0x4)
                [!provide]                PROVIDE (__fini_array_start = .)
 *(SORT_BY_NAME(.fini_array.*))
 *(.fini_array)
                [!provide]                PROVIDE (__fini_array_end = .)
 *(.jcr)
                0x2000030c                . = ALIGN (0x4)
                0x2000030c                __data_end__ = .
                0x10005d98                __etext = LOADADDR (.data)

.igot.plt       0x2000030c        0x0 load address 0x10005fe4
 .igot.plt      0x2000030c        0x0 c:/progra~1/raspbe~1/picosd~1.1/gcc-ar~1/bin/../lib/gcc/arm-none-eabi/10.3.1/thumb/v6-m/nofp/crtbegin.o

.uninitialized_data
                0x2000030c        0x0 load address 0x10005fe4
                0x2000030c                . = ALIGN (0x4)
 *(.uninitialized_data*)

.scratch_x      0x20040000        0x0 load address 0x10005fe4
                0x20040000                __scratch_x_start__ = .
 *(.scratch_x.*)
                0x20040000                . = ALIGN (0x4)
                0x20040000                __scratch_x_end__ = .
                0x10005fe4                __scratch_x_source__ = LOADADDR (.scratch_x)

.scratch_y      0x20041000        0x0 load address 0x10005fe4
                0x20041000                __scratch_y_start__ = .
 *(.scratch_y.*)
                0x20041000                . = ALIGN (0x4)
                0x20041000                __scratch_y_end__ = .
                0x10005fe4                __scratch_y_source__ = LOADADDR (.scratch_y)

.bss            0x20000310      0x3d8
                0x20000310                . = ALIGN (0x4)
                0x20000310                __bss_start__ = .
 *(SORT_BY_ALIGNMENT(SORT_BY_NAME(.bss*)))
 .bss.default_alarm_pool_entries
                0x20000310      0x100 I2C/CMakeFiles/I2C.dir/C_/Users/59201/Desktop/NU/2024_Spring/ME433/Pico_examples_and_SDK/pico-sdk/src/common/pico_time/time.c.obj
 .bss           0x20000410       0x1c c:/progra~1/raspbe~1/picosd~1.1/gcc-ar~1/bin/../lib/gcc/arm-none-eabi/10.3.1/thumb/v6-m/nofp/crtbegin.o
 .bss.alarm_callbacks
                0x2000042c       0x10 I2C/CMakeFiles/I2C.dir/C_/Users/59201/Desktop/NU/2024_Spring/ME433/Pico_examples_and_SDK/pico-sdk/src/rp2_common/hardware_timer/timer.c.obj
 .bss.chars_available_callback
                0x2000043c        0x4 I2C/CMakeFiles/I2C.dir/C_/Users/59201/Desktop/NU/2024_Spring/ME433/Pico_examples_and_SDK/pico-sdk/src/rp2_common/pico_stdio_uart/stdio_uart.c.obj
 .bss.chars_available_param
                0x20000440        0x4 I2C/CMakeFiles/I2C.dir/C_/Users/59201/Desktop/NU/2024_Spring/ME433/Pico_examples_and_SDK/pico-sdk/src/rp2_common/pico_stdio_uart/stdio_uart.c.obj
 .bss.configured_freq
                0x20000444       0x28 I2C/CMakeFiles/I2C.dir/C_/Users/59201/Desktop/NU/2024_Spring/ME433/Pico_examples_and_SDK/pico-sdk/src/rp2_common/hardware_clocks/clocks.c.obj
 .bss.default_alarm_pool_entry_ids_high
                0x2000046c       0x10 I2C/CMakeFiles/I2C.dir/C_/Users/59201/Desktop/NU/2024_Spring/ME433/Pico_examples_and_SDK/pico-sdk/src/common/pico_time/time.c.obj
 .bss.default_alarm_pool_heap_nodes
                0x2000047c       0x30 I2C/CMakeFiles/I2C.dir/C_/Users/59201/Desktop/NU/2024_Spring/ME433/Pico_examples_and_SDK/pico-sdk/src/common/pico_time/time.c.obj
 .bss.drivers   0x200004ac        0x4 I2C/CMakeFiles/I2C.dir/C_/Users/59201/Desktop/NU/2024_Spring/ME433/Pico_examples_and_SDK/pico-sdk/src/rp2_common/pico_stdio/stdio.c.obj
 .bss.filter    0x200004b0        0x4 I2C/CMakeFiles/I2C.dir/C_/Users/59201/Desktop/NU/2024_Spring/ME433/Pico_examples_and_SDK/pico-sdk/src/rp2_common/pico_stdio/stdio.c.obj
 .bss.pools     0x200004b4       0x10 I2C/CMakeFiles/I2C.dir/C_/Users/59201/Desktop/NU/2024_Spring/ME433/Pico_examples_and_SDK/pico-sdk/src/common/pico_time/time.c.obj
 .bss.sd_table  0x200004c4      0x100 I2C/CMakeFiles/I2C.dir/C_/Users/59201/Desktop/NU/2024_Spring/ME433/Pico_examples_and_SDK/pico-sdk/src/rp2_common/pico_double/double_init_rom.c.obj
                0x200004c4                sd_table
 .bss.sf_clz_func
                0x200005c4        0x4 I2C/CMakeFiles/I2C.dir/C_/Users/59201/Desktop/NU/2024_Spring/ME433/Pico_examples_and_SDK/pico-sdk/src/rp2_common/pico_double/double_init_rom.c.obj
                0x200005c4                sf_clz_func
 .bss.sf_table  0x200005c8      0x100 I2C/CMakeFiles/I2C.dir/C_/Users/59201/Desktop/NU/2024_Spring/ME433/Pico_examples_and_SDK/pico-sdk/src/rp2_common/pico_float/float_init_rom.c.obj
                0x200005c8                sf_table
 .bss.sleep_notifier
                0x200006c8        0x4 I2C/CMakeFiles/I2C.dir/C_/Users/59201/Desktop/NU/2024_Spring/ME433/Pico_examples_and_SDK/pico-sdk/src/common/pico_time/time.c.obj
 .bss.target_hi
                0x200006cc       0x10 I2C/CMakeFiles/I2C.dir/C_/Users/59201/Desktop/NU/2024_Spring/ME433/Pico_examples_and_SDK/pico-sdk/src/rp2_common/hardware_timer/timer.c.obj
 .bss.uart_char_to_line_feed
                0x200006dc        0x4 I2C/CMakeFiles/I2C.dir/C_/Users/59201/Desktop/NU/2024_Spring/ME433/Pico_examples_and_SDK/pico-sdk/src/rp2_common/hardware_uart/uart.c.obj
                0x200006dc                uart_char_to_line_feed
 .bss.uart_instance
                0x200006e0        0x4 I2C/CMakeFiles/I2C.dir/C_/Users/59201/Desktop/NU/2024_Spring/ME433/Pico_examples_and_SDK/pico-sdk/src/rp2_common/pico_stdio_uart/stdio_uart.c.obj
 .bss.claimed   0x200006e4        0x1 I2C/CMakeFiles/I2C.dir/C_/Users/59201/Desktop/NU/2024_Spring/ME433/Pico_examples_and_SDK/pico-sdk/src/rp2_common/hardware_timer/timer.c.obj
 .bss.irq_hander_chain_free_slot_head
                0x200006e5        0x1 I2C/CMakeFiles/I2C.dir/C_/Users/59201/Desktop/NU/2024_Spring/ME433/Pico_examples_and_SDK/pico-sdk/src/rp2_common/hardware_irq/irq.c.obj
 .bss.timer_callbacks_pending
                0x200006e6        0x1 I2C/CMakeFiles/I2C.dir/C_/Users/59201/Desktop/NU/2024_Spring/ME433/Pico_examples_and_SDK/pico-sdk/src/rp2_common/hardware_timer/timer.c.obj
 *(COMMON)
                0x200006e8                . = ALIGN (0x4)
 *fill*         0x200006e7        0x1 
                0x200006e8                __bss_end__ = .

.heap           0x200006e8      0x800
                0x200006e8                __end__ = .
                0x200006e8                end = __end__
 *(.heap*)
 .heap          0x200006e8      0x800 I2C/CMakeFiles/I2C.dir/C_/Users/59201/Desktop/NU/2024_Spring/ME433/Pico_examples_and_SDK/pico-sdk/src/rp2_common/pico_standard_link/crt0.S.obj
                0x20000ee8                __HeapLimit = .

.stack1_dummy   0x20040000        0x0
 *(.stack1*)

.stack_dummy    0x20041000      0x800
 *(.stack*)
 .stack         0x20041000      0x800 I2C/CMakeFiles/I2C.dir/C_/Users/59201/Desktop/NU/2024_Spring/ME433/Pico_examples_and_SDK/pico-sdk/src/rp2_common/pico_standard_link/crt0.S.obj

.flash_end      0x10005fe4        0x0
                0x10005fe4                PROVIDE (__flash_binary_end = .)
                0x20040000                __StackLimit = (ORIGIN (RAM) + LENGTH (RAM))
                0x20041000                __StackOneTop = (ORIGIN (SCRATCH_X) + LENGTH (SCRATCH_X))
                0x20042000                __StackTop = (ORIGIN (SCRATCH_Y) + LENGTH (SCRATCH_Y))
                0x20041000                __StackOneBottom = (__StackOneTop - SIZEOF (.stack1_dummy))
                0x20041800                __StackBottom = (__StackTop - SIZEOF (.stack_dummy))
                0x20042000                PROVIDE (__stack = __StackTop)
                0x00000001                ASSERT ((__StackLimit >= __HeapLimit), region RAM overflowed)
                0x00000001                ASSERT (((__binary_info_header_end - __logical_binary_start) <= 0x100), Binary info must be in first 256 bytes of the binary)
LOAD I2C/CMakeFiles/I2C.dir/I2C.c.obj
LOAD I2C/CMakeFiles/I2C.dir/C_/Users/59201/Desktop/NU/2024_Spring/ME433/Pico_examples_and_SDK/pico-sdk/src/rp2_common/pico_stdlib/stdlib.c.obj
LOAD I2C/CMakeFiles/I2C.dir/C_/Users/59201/Desktop/NU/2024_Spring/ME433/Pico_examples_and_SDK/pico-sdk/src/rp2_common/hardware_gpio/gpio.c.obj
LOAD I2C/CMakeFiles/I2C.dir/C_/Users/59201/Desktop/NU/2024_Spring/ME433/Pico_examples_and_SDK/pico-sdk/src/rp2_common/pico_platform/platform.c.obj
LOAD I2C/CMakeFiles/I2C.dir/C_/Users/59201/Desktop/NU/2024_Spring/ME433/Pico_examples_and_SDK/pico-sdk/src/rp2_common/hardware_claim/claim.c.obj
LOAD I2C/CMakeFiles/I2C.dir/C_/Users/59201/Desktop/NU/2024_Spring/ME433/Pico_examples_and_SDK/pico-sdk/src/rp2_common/hardware_sync/sync.c.obj
LOAD I2C/CMakeFiles/I2C.dir/C_/Users/59201/Desktop/NU/2024_Spring/ME433/Pico_examples_and_SDK/pico-sdk/src/rp2_common/hardware_irq/irq.c.obj
LOAD I2C/CMakeFiles/I2C.dir/C_/Users/59201/Desktop/NU/2024_Spring/ME433/Pico_examples_and_SDK/pico-sdk/src/rp2_common/hardware_irq/irq_handler_chain.S.obj
LOAD I2C/CMakeFiles/I2C.dir/C_/Users/59201/Desktop/NU/2024_Spring/ME433/Pico_examples_and_SDK/pico-sdk/src/common/pico_sync/sem.c.obj
LOAD I2C/CMakeFiles/I2C.dir/C_/Users/59201/Desktop/NU/2024_Spring/ME433/Pico_examples_and_SDK/pico-sdk/src/common/pico_sync/lock_core.c.obj
LOAD I2C/CMakeFiles/I2C.dir/C_/Users/59201/Desktop/NU/2024_Spring/ME433/Pico_examples_and_SDK/pico-sdk/src/common/pico_sync/mutex.c.obj
LOAD I2C/CMakeFiles/I2C.dir/C_/Users/59201/Desktop/NU/2024_Spring/ME433/Pico_examples_and_SDK/pico-sdk/src/common/pico_sync/critical_section.c.obj
LOAD I2C/CMakeFiles/I2C.dir/C_/Users/59201/Desktop/NU/2024_Spring/ME433/Pico_examples_and_SDK/pico-sdk/src/common/pico_time/time.c.obj
LOAD I2C/CMakeFiles/I2C.dir/C_/Users/59201/Desktop/NU/2024_Spring/ME433/Pico_examples_and_SDK/pico-sdk/src/common/pico_time/timeout_helper.c.obj
LOAD I2C/CMakeFiles/I2C.dir/C_/Users/59201/Desktop/NU/2024_Spring/ME433/Pico_examples_and_SDK/pico-sdk/src/rp2_common/hardware_timer/timer.c.obj
LOAD I2C/CMakeFiles/I2C.dir/C_/Users/59201/Desktop/NU/2024_Spring/ME433/Pico_examples_and_SDK/pico-sdk/src/common/pico_util/datetime.c.obj
LOAD I2C/CMakeFiles/I2C.dir/C_/Users/59201/Desktop/NU/2024_Spring/ME433/Pico_examples_and_SDK/pico-sdk/src/common/pico_util/pheap.c.obj
LOAD I2C/CMakeFiles/I2C.dir/C_/Users/59201/Desktop/NU/2024_Spring/ME433/Pico_examples_and_SDK/pico-sdk/src/common/pico_util/queue.c.obj
LOAD I2C/CMakeFiles/I2C.dir/C_/Users/59201/Desktop/NU/2024_Spring/ME433/Pico_examples_and_SDK/pico-sdk/src/rp2_common/hardware_uart/uart.c.obj
LOAD I2C/CMakeFiles/I2C.dir/C_/Users/59201/Desktop/NU/2024_Spring/ME433/Pico_examples_and_SDK/pico-sdk/src/rp2_common/hardware_clocks/clocks.c.obj
LOAD I2C/CMakeFiles/I2C.dir/C_/Users/59201/Desktop/NU/2024_Spring/ME433/Pico_examples_and_SDK/pico-sdk/src/rp2_common/hardware_pll/pll.c.obj
LOAD I2C/CMakeFiles/I2C.dir/C_/Users/59201/Desktop/NU/2024_Spring/ME433/Pico_examples_and_SDK/pico-sdk/src/rp2_common/hardware_vreg/vreg.c.obj
LOAD I2C/CMakeFiles/I2C.dir/C_/Users/59201/Desktop/NU/2024_Spring/ME433/Pico_examples_and_SDK/pico-sdk/src/rp2_common/hardware_watchdog/watchdog.c.obj
LOAD I2C/CMakeFiles/I2C.dir/C_/Users/59201/Desktop/NU/2024_Spring/ME433/Pico_examples_and_SDK/pico-sdk/src/rp2_common/hardware_xosc/xosc.c.obj
LOAD I2C/CMakeFiles/I2C.dir/C_/Users/59201/Desktop/NU/2024_Spring/ME433/Pico_examples_and_SDK/pico-sdk/src/rp2_common/hardware_divider/divider.S.obj
LOAD I2C/CMakeFiles/I2C.dir/C_/Users/59201/Desktop/NU/2024_Spring/ME433/Pico_examples_and_SDK/pico-sdk/src/rp2_common/pico_runtime/runtime.c.obj
LOAD I2C/CMakeFiles/I2C.dir/C_/Users/59201/Desktop/NU/2024_Spring/ME433/Pico_examples_and_SDK/pico-sdk/src/rp2_common/pico_printf/printf.c.obj
LOAD I2C/CMakeFiles/I2C.dir/C_/Users/59201/Desktop/NU/2024_Spring/ME433/Pico_examples_and_SDK/pico-sdk/src/rp2_common/pico_bit_ops/bit_ops_aeabi.S.obj
LOAD I2C/CMakeFiles/I2C.dir/C_/Users/59201/Desktop/NU/2024_Spring/ME433/Pico_examples_and_SDK/pico-sdk/src/rp2_common/pico_bootrom/bootrom.c.obj
LOAD I2C/CMakeFiles/I2C.dir/C_/Users/59201/Desktop/NU/2024_Spring/ME433/Pico_examples_and_SDK/pico-sdk/src/rp2_common/pico_divider/divider.S.obj
LOAD I2C/CMakeFiles/I2C.dir/C_/Users/59201/Desktop/NU/2024_Spring/ME433/Pico_examples_and_SDK/pico-sdk/src/rp2_common/pico_double/double_aeabi.S.obj
LOAD I2C/CMakeFiles/I2C.dir/C_/Users/59201/Desktop/NU/2024_Spring/ME433/Pico_examples_and_SDK/pico-sdk/src/rp2_common/pico_double/double_init_rom.c.obj
LOAD I2C/CMakeFiles/I2C.dir/C_/Users/59201/Desktop/NU/2024_Spring/ME433/Pico_examples_and_SDK/pico-sdk/src/rp2_common/pico_double/double_math.c.obj
LOAD I2C/CMakeFiles/I2C.dir/C_/Users/59201/Desktop/NU/2024_Spring/ME433/Pico_examples_and_SDK/pico-sdk/src/rp2_common/pico_double/double_v1_rom_shim.S.obj
LOAD I2C/CMakeFiles/I2C.dir/C_/Users/59201/Desktop/NU/2024_Spring/ME433/Pico_examples_and_SDK/pico-sdk/src/rp2_common/pico_int64_ops/pico_int64_ops_aeabi.S.obj
LOAD I2C/CMakeFiles/I2C.dir/C_/Users/59201/Desktop/NU/2024_Spring/ME433/Pico_examples_and_SDK/pico-sdk/src/rp2_common/pico_float/float_aeabi.S.obj
LOAD I2C/CMakeFiles/I2C.dir/C_/Users/59201/Desktop/NU/2024_Spring/ME433/Pico_examples_and_SDK/pico-sdk/src/rp2_common/pico_float/float_init_rom.c.obj
LOAD I2C/CMakeFiles/I2C.dir/C_/Users/59201/Desktop/NU/2024_Spring/ME433/Pico_examples_and_SDK/pico-sdk/src/rp2_common/pico_float/float_math.c.obj
LOAD I2C/CMakeFiles/I2C.dir/C_/Users/59201/Desktop/NU/2024_Spring/ME433/Pico_examples_and_SDK/pico-sdk/src/rp2_common/pico_float/float_v1_rom_shim.S.obj
LOAD I2C/CMakeFiles/I2C.dir/C_/Users/59201/Desktop/NU/2024_Spring/ME433/Pico_examples_and_SDK/pico-sdk/src/rp2_common/pico_malloc/pico_malloc.c.obj
LOAD I2C/CMakeFiles/I2C.dir/C_/Users/59201/Desktop/NU/2024_Spring/ME433/Pico_examples_and_SDK/pico-sdk/src/rp2_common/pico_mem_ops/mem_ops_aeabi.S.obj
LOAD I2C/CMakeFiles/I2C.dir/C_/Users/59201/Desktop/NU/2024_Spring/ME433/Pico_examples_and_SDK/pico-sdk/src/rp2_common/pico_standard_link/crt0.S.obj
LOAD I2C/CMakeFiles/I2C.dir/C_/Users/59201/Desktop/NU/2024_Spring/ME433/Pico_examples_and_SDK/pico-sdk/src/rp2_common/pico_standard_link/new_delete.cpp.obj
LOAD I2C/CMakeFiles/I2C.dir/C_/Users/59201/Desktop/NU/2024_Spring/ME433/Pico_examples_and_SDK/pico-sdk/src/rp2_common/pico_standard_link/binary_info.c.obj
LOAD I2C/CMakeFiles/I2C.dir/C_/Users/59201/Desktop/NU/2024_Spring/ME433/Pico_examples_and_SDK/pico-sdk/src/rp2_common/pico_stdio/stdio.c.obj
LOAD I2C/CMakeFiles/I2C.dir/C_/Users/59201/Desktop/NU/2024_Spring/ME433/Pico_examples_and_SDK/pico-sdk/src/rp2_common/pico_stdio_uart/stdio_uart.c.obj
LOAD I2C/CMakeFiles/I2C.dir/C_/Users/59201/Desktop/NU/2024_Spring/ME433/Pico_examples_and_SDK/pico-sdk/src/rp2_common/hardware_i2c/i2c.c.obj
LOAD C:\Users\59201\AppData\Local\Temp\cce90VI7.o
LOAD c:/progra~1/raspbe~1/picosd~1.1/gcc-ar~1/bin/../lib/gcc/arm-none-eabi/10.3.1/../../../../arm-none-eabi/lib/thumb/v6-m/nofp\libstdc++.a
LOAD c:/progra~1/raspbe~1/picosd~1.1/gcc-ar~1/bin/../lib/gcc/arm-none-eabi/10.3.1/../../../../arm-none-eabi/lib/thumb/v6-m/nofp\libm.a
START GROUP
LOAD c:/progra~1/raspbe~1/picosd~1.1/gcc-ar~1/bin/../lib/gcc/arm-none-eabi/10.3.1/thumb/v6-m/nofp\libgcc.a
LOAD c:/progra~1/raspbe~1/picosd~1.1/gcc-ar~1/bin/../lib/gcc/arm-none-eabi/10.3.1/../../../../arm-none-eabi/lib/thumb/v6-m/nofp\libg.a
LOAD c:/progra~1/raspbe~1/picosd~1.1/gcc-ar~1/bin/../lib/gcc/arm-none-eabi/10.3.1/../../../../arm-none-eabi/lib/thumb/v6-m/nofp\libc.a
END GROUP
START GROUP
LOAD c:/progra~1/raspbe~1/picosd~1.1/gcc-ar~1/bin/../lib/gcc/arm-none-eabi/10.3.1/thumb/v6-m/nofp\libgcc.a
LOAD c:/progra~1/raspbe~1/picosd~1.1/gcc-ar~1/bin/../lib/gcc/arm-none-eabi/10.3.1/../../../../arm-none-eabi/lib/thumb/v6-m/nofp\libc.a
LOAD c:/progra~1/raspbe~1/picosd~1.1/gcc-ar~1/bin/../lib/gcc/arm-none-eabi/10.3.1/../../../../arm-none-eabi/lib/thumb/v6-m/nofp\libnosys.a
END GROUP
LOAD c:/progra~1/raspbe~1/picosd~1.1/gcc-ar~1/bin/../lib/gcc/arm-none-eabi/10.3.1/thumb/v6-m/nofp/crtend.o
LOAD c:/progra~1/raspbe~1/picosd~1.1/gcc-ar~1/bin/../lib/gcc/arm-none-eabi/10.3.1/thumb/v6-m/nofp/crtn.o
OUTPUT(I2C\I2C.elf elf32-littlearm)
LOAD linker stubs

.ARM.attributes
                0x00000000       0x28
 .ARM.attributes
                0x00000000       0x1e c:/progra~1/raspbe~1/picosd~1.1/gcc-ar~1/bin/../lib/gcc/arm-none-eabi/10.3.1/thumb/v6-m/nofp/crti.o
 .ARM.attributes
                0x0000001e       0x2c c:/progra~1/raspbe~1/picosd~1.1/gcc-ar~1/bin/../lib/gcc/arm-none-eabi/10.3.1/thumb/v6-m/nofp/crtbegin.o
 .ARM.attributes
                0x0000004a       0x2c I2C/CMakeFiles/I2C.dir/I2C.c.obj
 .ARM.attributes
                0x00000076       0x2c I2C/CMakeFiles/I2C.dir/C_/Users/59201/Desktop/NU/2024_Spring/ME433/Pico_examples_and_SDK/pico-sdk/src/rp2_common/hardware_gpio/gpio.c.obj
 .ARM.attributes
                0x000000a2       0x2c I2C/CMakeFiles/I2C.dir/C_/Users/59201/Desktop/NU/2024_Spring/ME433/Pico_examples_and_SDK/pico-sdk/src/rp2_common/pico_platform/platform.c.obj
 .ARM.attributes
                0x000000ce       0x2c I2C/CMakeFiles/I2C.dir/C_/Users/59201/Desktop/NU/2024_Spring/ME433/Pico_examples_and_SDK/pico-sdk/src/rp2_common/hardware_claim/claim.c.obj
 .ARM.attributes
                0x000000fa       0x2c I2C/CMakeFiles/I2C.dir/C_/Users/59201/Desktop/NU/2024_Spring/ME433/Pico_examples_and_SDK/pico-sdk/src/rp2_common/hardware_sync/sync.c.obj
 .ARM.attributes
                0x00000126       0x2c I2C/CMakeFiles/I2C.dir/C_/Users/59201/Desktop/NU/2024_Spring/ME433/Pico_examples_and_SDK/pico-sdk/src/rp2_common/hardware_irq/irq.c.obj
 .ARM.attributes
                0x00000152       0x22 I2C/CMakeFiles/I2C.dir/C_/Users/59201/Desktop/NU/2024_Spring/ME433/Pico_examples_and_SDK/pico-sdk/src/rp2_common/hardware_irq/irq_handler_chain.S.obj
 .ARM.attributes
                0x00000174       0x2c I2C/CMakeFiles/I2C.dir/C_/Users/59201/Desktop/NU/2024_Spring/ME433/Pico_examples_and_SDK/pico-sdk/src/common/pico_sync/lock_core.c.obj
 .ARM.attributes
                0x000001a0       0x2c I2C/CMakeFiles/I2C.dir/C_/Users/59201/Desktop/NU/2024_Spring/ME433/Pico_examples_and_SDK/pico-sdk/src/common/pico_sync/mutex.c.obj
 .ARM.attributes
                0x000001cc       0x2c I2C/CMakeFiles/I2C.dir/C_/Users/59201/Desktop/NU/2024_Spring/ME433/Pico_examples_and_SDK/pico-sdk/src/common/pico_time/time.c.obj
 .ARM.attributes
                0x000001f8       0x2c I2C/CMakeFiles/I2C.dir/C_/Users/59201/Desktop/NU/2024_Spring/ME433/Pico_examples_and_SDK/pico-sdk/src/rp2_common/hardware_timer/timer.c.obj
 .ARM.attributes
                0x00000224       0x2c I2C/CMakeFiles/I2C.dir/C_/Users/59201/Desktop/NU/2024_Spring/ME433/Pico_examples_and_SDK/pico-sdk/src/common/pico_util/pheap.c.obj
 .ARM.attributes
                0x00000250       0x2c I2C/CMakeFiles/I2C.dir/C_/Users/59201/Desktop/NU/2024_Spring/ME433/Pico_examples_and_SDK/pico-sdk/src/rp2_common/hardware_uart/uart.c.obj
 .ARM.attributes
                0x0000027c       0x2c I2C/CMakeFiles/I2C.dir/C_/Users/59201/Desktop/NU/2024_Spring/ME433/Pico_examples_and_SDK/pico-sdk/src/rp2_common/hardware_clocks/clocks.c.obj
 .ARM.attributes
                0x000002a8       0x2c I2C/CMakeFiles/I2C.dir/C_/Users/59201/Desktop/NU/2024_Spring/ME433/Pico_examples_and_SDK/pico-sdk/src/rp2_common/hardware_pll/pll.c.obj
 .ARM.attributes
                0x000002d4       0x2c I2C/CMakeFiles/I2C.dir/C_/Users/59201/Desktop/NU/2024_Spring/ME433/Pico_examples_and_SDK/pico-sdk/src/rp2_common/hardware_watchdog/watchdog.c.obj
 .ARM.attributes
                0x00000300       0x2c I2C/CMakeFiles/I2C.dir/C_/Users/59201/Desktop/NU/2024_Spring/ME433/Pico_examples_and_SDK/pico-sdk/src/rp2_common/hardware_xosc/xosc.c.obj
 .ARM.attributes
                0x0000032c       0x2c I2C/CMakeFiles/I2C.dir/C_/Users/59201/Desktop/NU/2024_Spring/ME433/Pico_examples_and_SDK/pico-sdk/src/rp2_common/pico_runtime/runtime.c.obj
 .ARM.attributes
                0x00000358       0x2c I2C/CMakeFiles/I2C.dir/C_/Users/59201/Desktop/NU/2024_Spring/ME433/Pico_examples_and_SDK/pico-sdk/src/rp2_common/pico_printf/printf.c.obj
 .ARM.attributes
                0x00000384       0x22 I2C/CMakeFiles/I2C.dir/C_/Users/59201/Desktop/NU/2024_Spring/ME433/Pico_examples_and_SDK/pico-sdk/src/rp2_common/pico_bit_ops/bit_ops_aeabi.S.obj
 .ARM.attributes
                0x000003a6       0x2c I2C/CMakeFiles/I2C.dir/C_/Users/59201/Desktop/NU/2024_Spring/ME433/Pico_examples_and_SDK/pico-sdk/src/rp2_common/pico_bootrom/bootrom.c.obj
 .ARM.attributes
                0x000003d2       0x22 I2C/CMakeFiles/I2C.dir/C_/Users/59201/Desktop/NU/2024_Spring/ME433/Pico_examples_and_SDK/pico-sdk/src/rp2_common/pico_divider/divider.S.obj
 .ARM.attributes
                0x000003f4       0x22 I2C/CMakeFiles/I2C.dir/C_/Users/59201/Desktop/NU/2024_Spring/ME433/Pico_examples_and_SDK/pico-sdk/src/rp2_common/pico_double/double_aeabi.S.obj
 .ARM.attributes
                0x00000416       0x2c I2C/CMakeFiles/I2C.dir/C_/Users/59201/Desktop/NU/2024_Spring/ME433/Pico_examples_and_SDK/pico-sdk/src/rp2_common/pico_double/double_init_rom.c.obj
 .ARM.attributes
                0x00000442       0x22 I2C/CMakeFiles/I2C.dir/C_/Users/59201/Desktop/NU/2024_Spring/ME433/Pico_examples_and_SDK/pico-sdk/src/rp2_common/pico_double/double_v1_rom_shim.S.obj
 .ARM.attributes
                0x00000464       0x22 I2C/CMakeFiles/I2C.dir/C_/Users/59201/Desktop/NU/2024_Spring/ME433/Pico_examples_and_SDK/pico-sdk/src/rp2_common/pico_int64_ops/pico_int64_ops_aeabi.S.obj
 .ARM.attributes
                0x00000486       0x22 I2C/CMakeFiles/I2C.dir/C_/Users/59201/Desktop/NU/2024_Spring/ME433/Pico_examples_and_SDK/pico-sdk/src/rp2_common/pico_float/float_aeabi.S.obj
 .ARM.attributes
                0x000004a8       0x2c I2C/CMakeFiles/I2C.dir/C_/Users/59201/Desktop/NU/2024_Spring/ME433/Pico_examples_and_SDK/pico-sdk/src/rp2_common/pico_float/float_init_rom.c.obj
 .ARM.attributes
                0x000004d4       0x22 I2C/CMakeFiles/I2C.dir/C_/Users/59201/Desktop/NU/2024_Spring/ME433/Pico_examples_and_SDK/pico-sdk/src/rp2_common/pico_float/float_v1_rom_shim.S.obj
 .ARM.attributes
                0x000004f6       0x22 I2C/CMakeFiles/I2C.dir/C_/Users/59201/Desktop/NU/2024_Spring/ME433/Pico_examples_and_SDK/pico-sdk/src/rp2_common/pico_mem_ops/mem_ops_aeabi.S.obj
 .ARM.attributes
                0x00000518       0x22 I2C/CMakeFiles/I2C.dir/C_/Users/59201/Desktop/NU/2024_Spring/ME433/Pico_examples_and_SDK/pico-sdk/src/rp2_common/pico_standard_link/crt0.S.obj
 .ARM.attributes
                0x0000053a       0x2c I2C/CMakeFiles/I2C.dir/C_/Users/59201/Desktop/NU/2024_Spring/ME433/Pico_examples_and_SDK/pico-sdk/src/rp2_common/pico_standard_link/binary_info.c.obj
 .ARM.attributes
                0x00000566       0x2c I2C/CMakeFiles/I2C.dir/C_/Users/59201/Desktop/NU/2024_Spring/ME433/Pico_examples_and_SDK/pico-sdk/src/rp2_common/pico_stdio/stdio.c.obj
 .ARM.attributes
                0x00000592       0x2c I2C/CMakeFiles/I2C.dir/C_/Users/59201/Desktop/NU/2024_Spring/ME433/Pico_examples_and_SDK/pico-sdk/src/rp2_common/pico_stdio_uart/stdio_uart.c.obj
 .ARM.attributes
                0x000005be       0x2c I2C/CMakeFiles/I2C.dir/C_/Users/59201/Desktop/NU/2024_Spring/ME433/Pico_examples_and_SDK/pico-sdk/src/rp2_common/hardware_i2c/i2c.c.obj
 .ARM.attributes
                0x000005ea       0x22 C:\Users\59201\AppData\Local\Temp\cce90VI7.o
 .ARM.attributes
                0x0000060c       0x1e c:/progra~1/raspbe~1/picosd~1.1/gcc-ar~1/bin/../lib/gcc/arm-none-eabi/10.3.1/thumb/v6-m/nofp\libgcc.a(_dvmd_tls.o)
 .ARM.attributes
                0x0000062a       0x2c c:/progra~1/raspbe~1/picosd~1.1/gcc-ar~1/bin/../lib/gcc/arm-none-eabi/10.3.1/../../../../arm-none-eabi/lib/thumb/v6-m/nofp\libg.a(lib_a-strlen-stub.o)

.comment        0x00000000       0x49
 .comment       0x00000000       0x49 I2C/CMakeFiles/I2C.dir/I2C.c.obj
                                 0x4a (size before relaxing)
 .comment       0x00000049       0x4a I2C/CMakeFiles/I2C.dir/C_/Users/59201/Desktop/NU/2024_Spring/ME433/Pico_examples_and_SDK/pico-sdk/src/rp2_common/hardware_gpio/gpio.c.obj
 .comment       0x00000049       0x4a I2C/CMakeFiles/I2C.dir/C_/Users/59201/Desktop/NU/2024_Spring/ME433/Pico_examples_and_SDK/pico-sdk/src/rp2_common/pico_platform/platform.c.obj
 .comment       0x00000049       0x4a I2C/CMakeFiles/I2C.dir/C_/Users/59201/Desktop/NU/2024_Spring/ME433/Pico_examples_and_SDK/pico-sdk/src/rp2_common/hardware_claim/claim.c.obj
 .comment       0x00000049       0x4a I2C/CMakeFiles/I2C.dir/C_/Users/59201/Desktop/NU/2024_Spring/ME433/Pico_examples_and_SDK/pico-sdk/src/rp2_common/hardware_sync/sync.c.obj
 .comment       0x00000049       0x4a I2C/CMakeFiles/I2C.dir/C_/Users/59201/Desktop/NU/2024_Spring/ME433/Pico_examples_and_SDK/pico-sdk/src/rp2_common/hardware_irq/irq.c.obj
 .comment       0x00000049       0x4a I2C/CMakeFiles/I2C.dir/C_/Users/59201/Desktop/NU/2024_Spring/ME433/Pico_examples_and_SDK/pico-sdk/src/common/pico_sync/lock_core.c.obj
 .comment       0x00000049       0x4a I2C/CMakeFiles/I2C.dir/C_/Users/59201/Desktop/NU/2024_Spring/ME433/Pico_examples_and_SDK/pico-sdk/src/common/pico_sync/mutex.c.obj
 .comment       0x00000049       0x4a I2C/CMakeFiles/I2C.dir/C_/Users/59201/Desktop/NU/2024_Spring/ME433/Pico_examples_and_SDK/pico-sdk/src/common/pico_time/time.c.obj
 .comment       0x00000049       0x4a I2C/CMakeFiles/I2C.dir/C_/Users/59201/Desktop/NU/2024_Spring/ME433/Pico_examples_and_SDK/pico-sdk/src/rp2_common/hardware_timer/timer.c.obj
 .comment       0x00000049       0x4a I2C/CMakeFiles/I2C.dir/C_/Users/59201/Desktop/NU/2024_Spring/ME433/Pico_examples_and_SDK/pico-sdk/src/common/pico_util/pheap.c.obj
 .comment       0x00000049       0x4a I2C/CMakeFiles/I2C.dir/C_/Users/59201/Desktop/NU/2024_Spring/ME433/Pico_examples_and_SDK/pico-sdk/src/rp2_common/hardware_uart/uart.c.obj