Archive member included to satisfy reference by file (symbol)

C:/PROGRA~2/ARMGNU~1/13C7F1~1.2RE/bin/../lib/gcc/arm-none-eabi/13.2.1/thumb/v6-m/nofp\libgcc.a(_dvmd_tls.o)
                              MAIN/CMakeFiles/MAIN.dir/C_/Users/59201/Desktop/NU/2024_Spring/ME433/Pico_examples_and_SDK/pico-sdk/src/rp2_common/pico_divider/divider.S.obj (__aeabi_idiv0)
C:/PROGRA~2/ARMGNU~1/13C7F1~1.2RE/bin/../lib/gcc/arm-none-eabi/13.2.1/thumb/v6-m/nofp\libg.a(libc_a-calloc.o)
                              MAIN/CMakeFiles/MAIN.dir/C_/Users/59201/Desktop/NU/2024_Spring/ME433/Pico_examples_and_SDK/pico-sdk/src/rp2_common/pico_malloc/pico_malloc.c.obj (calloc)
C:/PROGRA~2/ARMGNU~1/13C7F1~1.2RE/bin/../lib/gcc/arm-none-eabi/13.2.1/thumb/v6-m/nofp\libg.a(libc_a-callocr.o)
                              C:/PROGRA~2/ARMGNU~1/13C7F1~1.2RE/bin/../lib/gcc/arm-none-eabi/13.2.1/thumb/v6-m/nofp\libg.a(libc_a-calloc.o) (_calloc_r)
C:/PROGRA~2/ARMGNU~1/13C7F1~1.2RE/bin/../lib/gcc/arm-none-eabi/13.2.1/thumb/v6-m/nofp\libg.a(libc_a-malloc.o)
                              MAIN/CMakeFiles/MAIN.dir/C_/Users/59201/Desktop/NU/2024_Spring/ME433/Pico_examples_and_SDK/pico-sdk/src/rp2_common/pico_malloc/pico_malloc.c.obj (malloc)
C:/PROGRA~2/ARMGNU~1/13C7F1~1.2RE/bin/../lib/gcc/arm-none-eabi/13.2.1/thumb/v6-m/nofp\libg.a(libc_a-mallocr.o)
                              C:/PROGRA~2/ARMGNU~1/13C7F1~1.2RE/bin/../lib/gcc/arm-none-eabi/13.2.1/thumb/v6-m/nofp\libg.a(libc_a-callocr.o) (_malloc_r)
C:/PROGRA~2/ARMGNU~1/13C7F1~1.2RE/bin/../lib/gcc/arm-none-eabi/13.2.1/thumb/v6-m/nofp\libg.a(libc_a-mlock.o)
                              C:/PROGRA~2/ARMGNU~1/13C7F1~1.2RE/bin/../lib/gcc/arm-none-eabi/13.2.1/thumb/v6-m/nofp\libg.a(libc_a-mallocr.o) (__malloc_lock)
C:/PROGRA~2/ARMGNU~1/13C7F1~1.2RE/bin/../lib/gcc/arm-none-eabi/13.2.1/thumb/v6-m/nofp\libg.a(libc_a-realloc.o)
                              MAIN/CMakeFiles/MAIN.dir/C_/Users/59201/Desktop/NU/2024_Spring/ME433/Pico_examples_and_SDK/pico-sdk/src/rp2_common/pico_malloc/pico_malloc.c.obj (realloc)
C:/PROGRA~2/ARMGNU~1/13C7F1~1.2RE/bin/../lib/gcc/arm-none-eabi/13.2.1/thumb/v6-m/nofp\libg.a(libc_a-reallocr.o)
                              C:/PROGRA~2/ARMGNU~1/13C7F1~1.2RE/bin/../lib/gcc/arm-none-eabi/13.2.1/thumb/v6-m/nofp\libg.a(libc_a-realloc.o) (_realloc_r)
C:/PROGRA~2/ARMGNU~1/13C7F1~1.2RE/bin/../lib/gcc/arm-none-eabi/13.2.1/thumb/v6-m/nofp\libg.a(libc_a-scanf.o)
                              MAIN/CMakeFiles/MAIN.dir/MAIN.c.obj (scanf)
C:/PROGRA~2/ARMGNU~1/13C7F1~1.2RE/bin/../lib/gcc/arm-none-eabi/13.2.1/thumb/v6-m/nofp\libg.a(libc_a-memmove.o)
                              C:/PROGRA~2/ARMGNU~1/13C7F1~1.2RE/bin/../lib/gcc/arm-none-eabi/13.2.1/thumb/v6-m/nofp\libg.a(libc_a-reallocr.o) (memmove)
C:/PROGRA~2/ARMGNU~1/13C7F1~1.2RE/bin/../lib/gcc/arm-none-eabi/13.2.1/thumb/v6-m/nofp\libg.a(libc_a-impure.o)
                              C:/PROGRA~2/ARMGNU~1/13C7F1~1.2RE/bin/../lib/gcc/arm-none-eabi/13.2.1/thumb/v6-m/nofp\libg.a(libc_a-calloc.o) (_impure_ptr)
C:/PROGRA~2/ARMGNU~1/13C7F1~1.2RE/bin/../lib/gcc/arm-none-eabi/13.2.1/thumb/v6-m/nofp\libg.a(libc_a-sbrkr.o)
                              C:/PROGRA~2/ARMGNU~1/13C7F1~1.2RE/bin/../lib/gcc/arm-none-eabi/13.2.1/thumb/v6-m/nofp\libg.a(libc_a-mallocr.o) (_sbrk_r)
C:/PROGRA~2/ARMGNU~1/13C7F1~1.2RE/bin/../lib/gcc/arm-none-eabi/13.2.1/thumb/v6-m/nofp\libg.a(libc_a-errno.o)
                              C:/PROGRA~2/ARMGNU~1/13C7F1~1.2RE/bin/../lib/gcc/arm-none-eabi/13.2.1/thumb/v6-m/nofp\libg.a(libc_a-callocr.o) (__errno)
C:/PROGRA~2/ARMGNU~1/13C7F1~1.2RE/bin/../lib/gcc/arm-none-eabi/13.2.1/thumb/v6-m/nofp\libg.a(libc_a-init.o)
                              C:/PROGRA~2/ARMGNU~1/13C7F1~1.2RE/bin/../lib/gcc/arm-none-eabi/13.2.1/thumb/v6-m/nofp/crt0.o (__libc_init_array)
C:/PROGRA~2/ARMGNU~1/13C7F1~1.2RE/bin/../lib/gcc/arm-none-eabi/13.2.1/thumb/v6-m/nofp\libg.a(libc_a-lock.o)
                              C:/PROGRA~2/ARMGNU~1/13C7F1~1.2RE/bin/../lib/gcc/arm-none-eabi/13.2.1/thumb/v6-m/nofp\libg.a(libc_a-mlock.o) (__retarget_lock_acquire_recursive)
C:/PROGRA~2/ARMGNU~1/13C7F1~1.2RE/bin/../lib/gcc/arm-none-eabi/13.2.1/thumb/v6-m/nofp\libg.a(libc_a-sysconf.o)
                              C:/PROGRA~2/ARMGNU~1/13C7F1~1.2RE/bin/../lib/gcc/arm-none-eabi/13.2.1/thumb/v6-m/nofp\libg.a(libc_a-mallocr.o) (sysconf)
C:/PROGRA~2/ARMGNU~1/13C7F1~1.2RE/bin/../lib/gcc/arm-none-eabi/13.2.1/thumb/v6-m/nofp\libg.a(libc_a-strlen-stub.o)
                              MAIN/CMakeFiles/MAIN.dir/C_/Users/59201/Desktop/NU/2024_Spring/ME433/Pico_examples_and_SDK/pico-sdk/src/rp2_common/pico_stdio/stdio.c.obj (strlen)
C:/PROGRA~2/ARMGNU~1/13C7F1~1.2RE/bin/../lib/gcc/arm-none-eabi/13.2.1/thumb/v6-m/nofp\libg.a(libc_a-freer.o)
                              C:/PROGRA~2/ARMGNU~1/13C7F1~1.2RE/bin/../lib/gcc/arm-none-eabi/13.2.1/thumb/v6-m/nofp\libg.a(libc_a-malloc.o) (_free_r)
C:/PROGRA~2/ARMGNU~1/13C7F1~1.2RE/bin/../lib/gcc/arm-none-eabi/13.2.1/thumb/v6-m/nofp\libg.a(libc_a-vfscanf.o)
[...]
Memory Configuration

Name             Origin             Length             Attributes
FLASH            0x10000000         0x00200000         xr
RAM              0x20000000         0x00040000         xrw
SCRATCH_X        0x20040000         0x00001000         xrw
SCRATCH_Y        0x20041000         0x00001000         xrw
*default*        0x00000000         0xffffffff

Linker script and memory map

LOAD C:/PROGRA~2/ARMGNU~1/13C7F1~1.2RE/bin/../lib/gcc/arm-none-eabi/13.2.1/thumb/v6-m/nofp/crti.o
LOAD C:/PROGRA~2/ARMGNU~1/13C7F1~1.2RE/bin/../lib/gcc/arm-none-eabi/13.2.1/thumb/v6-m/nofp/crtbegin.o
LOAD C:/PROGRA~2/ARMGNU~1/13C7F1~1.2RE/bin/../lib/gcc/arm-none-eabi/13.2.1/thumb/v6-m/nofp/crt0.o

.flash_begin    0x10000000        0x0
                0x10000000                        __flash_binary_start = .

.boot2          0x10000000      0x100
                0x10000000                        __boot2_start__ = .
 *(.boot2)
 .boot2         0x10000000      0x100 C:\Users\59201\AppData\Local\Temp\ccOLLKKN.o
                0x10000100                        __boot2_end__ = .
                0x00000001                        ASSERT (((__boot2_end__ - __boot2_start__) == 0x100), ERROR: Pico second stage bootloader must be 256 bytes in size)

.text           0x10000100     0xd0b0
                0x10000100                        __logical_binary_start = .
 *(.vectors)
 .vectors       0x10000100       0xd4 MAIN/CMakeFiles/MAIN.dir/C_/Users/59201/Desktop/NU/2024_Spring/ME433/Pico_examples_and_SDK/pico-sdk/src/rp2_common/pico_standard_link/crt0.S.obj
                0x10000100                __VECTOR_TABLE
                0x10000100                __vectors
                0x100001c0                isr_invalid
                0x100001c0                __default_isrs_start
                0x100001c2                isr_nmi
                0x100001c4                isr_hardfault
                0x100001c6                isr_svcall
                0x100001c8                isr_pendsv
                0x100001ca                isr_systick
                0x100001cc                isr_irq23
                0x100001cc                isr_irq18
                0x100001cc                isr_irq11
                0x100001cc                isr_irq28
                0x100001cc                isr_irq19
                0x100001cc                isr_irq0
                0x100001cc                isr_irq6
                0x100001cc                isr_irq5
                0x100001cc                isr_irq12
                0x100001cc                isr_irq22
                0x100001cc                isr_irq31
                0x100001cc                isr_irq17
                0x100001cc                isr_irq27
                0x100001cc                isr_irq30
                0x100001cc                isr_irq2
                0x100001cc                isr_irq10
                0x100001cc                isr_irq8
                0x100001cc                isr_irq24
                0x100001cc                isr_irq1
                0x100001cc                isr_irq7
                0x100001cc                isr_irq21
                0x100001cc                isr_irq20
                0x100001cc                isr_irq15
                0x100001cc                isr_irq25
                0x100001cc                isr_irq13
                0x100001cc                __unhandled_user_irq
                0x100001cc                isr_irq4
                0x100001cc                isr_irq16
                0x100001cc                isr_irq29
                0x100001cc                isr_irq26
                0x100001cc                __default_isrs_end
                0x100001cc                isr_irq3
                0x100001cc                isr_irq14
                0x100001cc                isr_irq9
                0x100001d2                unhandled_user_irq_num_in_r0
 *(.binary_info_header)
 .binary_info_header
                0x100001d4       0x14 MAIN/CMakeFiles/MAIN.dir/C_/Users/59201/Desktop/NU/2024_Spring/ME433/Pico_examples_and_SDK/pico-sdk/src/rp2_common/pico_standard_link/crt0.S.obj
                0x100001e8                        __binary_info_header_end = .
 *(.reset)
 .reset         0x100001e8       0xa0 MAIN/CMakeFiles/MAIN.dir/C_/Users/59201/Desktop/NU/2024_Spring/ME433/Pico_examples_and_SDK/pico-sdk/src/rp2_common/pico_standard_link/crt0.S.obj
                0x100001e8                _entry_point
 .reset         0x10000288       0x30 MAIN/CMakeFiles/MAIN.dir/C_/Users/59201/Desktop/NU/2024_Spring/ME433/Pico_examples_and_SDK/pico-sdk/src/rp2_common/pico_standard_link/binary_info.c.obj
 *(.init)
 .init          0x100002b8        0x4 C:/PROGRA~2/ARMGNU~1/13C7F1~1.2RE/bin/../lib/gcc/arm-none-eabi/13.2.1/thumb/v6-m/nofp/crti.o
                0x100002b8                _init
 *(EXCLUDE_FILE(*libm.a: *libc.a:*lib_a-mem*.o *libgcc.a:) .text*)
 .text.register_tm_clones
                0x100002bc       0x28 C:/PROGRA~2/ARMGNU~1/13C7F1~1.2RE/bin/../lib/gcc/arm-none-eabi/13.2.1/thumb/v6-m/nofp/crtbegin.o
 .text.frame_dummy
                0x100002e4       0x24 C:/PROGRA~2/ARMGNU~1/13C7F1~1.2RE/bin/../lib/gcc/arm-none-eabi/13.2.1/thumb/v6-m/nofp/crtbegin.o
 .text.adc_gpio_init
                0x10000308       0x1e MAIN/CMakeFiles/MAIN.dir/MAIN.c.obj
 *fill*         0x10000326        0x2 
 .text.main     0x10000328      0x124 MAIN/CMakeFiles/MAIN.dir/MAIN.c.obj
                0x10000328                main
 .text.gpio_set_function
                0x1000044c       0x30 MAIN/CMakeFiles/MAIN.dir/C_/Users/59201/Desktop/NU/2024_Spring/ME433/Pico_examples_and_SDK/pico-sdk/src/rp2_common/hardware_gpio/gpio.c.obj
                0x1000044c                gpio_set_function
 .text.gpio_set_pulls
                0x1000047c       0x34 MAIN/CMakeFiles/MAIN.dir/C_/Users/59201/Desktop/NU/2024_Spring/ME433/Pico_examples_and_SDK/pico-sdk/src/rp2_common/hardware_gpio/gpio.c.obj
                0x1000047c                gpio_set_pulls
 .text.gpio_set_input_enabled
                0x100004b0       0x30 MAIN/CMakeFiles/MAIN.dir/C_/Users/59201/Desktop/NU/2024_Spring/ME433/Pico_examples_and_SDK/pico-sdk/src/rp2_common/hardware_gpio/gpio.c.obj
                0x100004b0                gpio_set_input_enabled
 .text.gpio_init
                0x100004e0       0x16 MAIN/CMakeFiles/MAIN.dir/C_/Users/59201/Desktop/NU/2024_Spring/ME433/Pico_examples_and_SDK/pico-sdk/src/rp2_common/hardware_gpio/gpio.c.obj
                0x100004e0                gpio_init
 *fill*         0x100004f6        0x2 
 .text.running_on_fpga
                0x100004f8       0x14 MAIN/CMakeFiles/MAIN.dir/C_/Users/59201/Desktop/NU/2024_Spring/ME433/Pico_examples_and_SDK/pico-sdk/src/rp2_common/pico_platform/platform.c.obj
                0x100004f8                running_on_fpga
 .text.hw_claim_lock
                0x1000050c       0x18 MAIN/CMakeFiles/MAIN.dir/C_/Users/59201/Desktop/NU/2024_Spring/ME433/Pico_examples_and_SDK/pico-sdk/src/rp2_common/hardware_claim/claim.c.obj
                0x1000050c                hw_claim_lock
 .text.hw_claim_unlock
                0x10000524       0x14 MAIN/CMakeFiles/MAIN.dir/C_/Users/59201/Desktop/NU/2024_Spring/ME433/Pico_examples_and_SDK/pico-sdk/src/rp2_common/hardware_claim/claim.c.obj
                0x10000524                hw_claim_unlock
 .text.hw_claim_or_assert
                0x10000538       0x32 MAIN/CMakeFiles/MAIN.dir/C_/Users/59201/Desktop/NU/2024_Spring/ME433/Pico_examples_and_SDK/pico-sdk/src/rp2_common/hardware_claim/claim.c.obj
                0x10000538                hw_claim_or_assert
 .text.hw_claim_unused_from_range
                0x1000056a       0x50 MAIN/CMakeFiles/MAIN.dir/C_/Users/59201/Desktop/NU/2024_Spring/ME433/Pico_examples_and_SDK/pico-sdk/src/rp2_common/hardware_claim/claim.c.obj
                0x1000056a                hw_claim_unused_from_range
 *fill*         0x100005ba        0x2 
 .text.spin_locks_reset
                0x100005bc       0x20 MAIN/CMakeFiles/MAIN.dir/C_/Users/59201/Desktop/NU/2024_Spring/ME433/Pico_examples_and_SDK/pico-sdk/src/rp2_common/hardware_sync/sync.c.obj
                0x100005bc                spin_locks_reset
 .text.next_striped_spin_lock_num
                0x100005dc       0x1c MAIN/CMakeFiles/MAIN.dir/C_/Users/59201/Desktop/NU/2024_Spring/ME433/Pico_examples_and_SDK/pico-sdk/src/rp2_common/hardware_sync/sync.c.obj
                0x100005dc                next_striped_spin_lock_num
 .text.spin_lock_claim_unused
                0x100005f8       0x24 MAIN/CMakeFiles/MAIN.dir/C_/Users/59201/Desktop/NU/2024_Spring/ME433/Pico_examples_and_SDK/pico-sdk/src/rp2_common/hardware_sync/sync.c.obj
                0x100005f8                spin_lock_claim_unused
 .text.set_raw_irq_handler_and_unlock
                0x1000061c       0x28 MAIN/CMakeFiles/MAIN.dir/C_/Users/59201/Desktop/NU/2024_Spring/ME433/Pico_examples_and_SDK/pico-sdk/src/rp2_common/hardware_irq/irq.c.obj
 .text.resolve_branch
                0x10000644       0x30 MAIN/CMakeFiles/MAIN.dir/C_/Users/59201/Desktop/NU/2024_Spring/ME433/Pico_examples_and_SDK/pico-sdk/src/rp2_common/hardware_irq/irq.c.obj
 .text.make_branch
                0x10000674       0x48 MAIN/CMakeFiles/MAIN.dir/C_/Users/59201/Desktop/NU/2024_Spring/ME433/Pico_examples_and_SDK/pico-sdk/src/rp2_common/hardware_irq/irq.c.obj
 .text.insert_branch_and_link
                0x100006bc       0x40 MAIN/CMakeFiles/MAIN.dir/C_/Users/59201/Desktop/NU/2024_Spring/ME433/Pico_examples_and_SDK/pico-sdk/src/rp2_common/hardware_irq/irq.c.obj
 .text.irq_is_enabled
                0x100006fc       0x18 MAIN/CMakeFiles/MAIN.dir/C_/Users/59201/Desktop/NU/2024_Spring/ME433/Pico_examples_and_SDK/pico-sdk/src/rp2_common/hardware_irq/irq.c.obj
                0x100006fc                irq_is_enabled
 .text.irq_set_mask_enabled
                0x10000714       0x20 MAIN/CMakeFiles/MAIN.dir/C_/Users/59201/Desktop/NU/2024_Spring/ME433/Pico_examples_and_SDK/pico-sdk/src/rp2_common/hardware_irq/irq.c.obj
                0x10000714                irq_set_mask_enabled
 .text.irq_set_enabled
                0x10000734        0xe MAIN/CMakeFiles/MAIN.dir/C_/Users/59201/Desktop/NU/2024_Spring/ME433/Pico_examples_and_SDK/pico-sdk/src/rp2_common/hardware_irq/irq.c.obj
                0x10000734                irq_set_enabled
 *fill*         0x10000742        0x2 
 .text.irq_set_pending
                0x10000744       0x10 MAIN/CMakeFiles/MAIN.dir/C_/Users/59201/Desktop/NU/2024_Spring/ME433/Pico_examples_and_SDK/pico-sdk/src/rp2_common/hardware_irq/irq.c.obj
                0x10000744                irq_set_pending
 .text.irq_get_vtable_handler
                0x10000754       0x10 MAIN/CMakeFiles/MAIN.dir/C_/Users/59201/Desktop/NU/2024_Spring/ME433/Pico_examples_and_SDK/pico-sdk/src/rp2_common/hardware_irq/irq.c.obj
                0x10000754                irq_get_vtable_handler
 .text.irq_has_shared_handler
                0x10000764       0x24 MAIN/CMakeFiles/MAIN.dir/C_/Users/59201/Desktop/NU/2024_Spring/ME433/Pico_examples_and_SDK/pico-sdk/src/rp2_common/hardware_irq/irq.c.obj
                0x10000764                irq_has_shared_handler
 .text.irq_set_exclusive_handler
                0x10000788       0x54 MAIN/CMakeFiles/MAIN.dir/C_/Users/59201/Desktop/NU/2024_Spring/ME433/Pico_examples_and_SDK/pico-sdk/src/rp2_common/hardware_irq/irq.c.obj
                0x10000788                irq_set_exclusive_handler
 .text.irq_add_shared_handler
                0x100007dc      0x210 MAIN/CMakeFiles/MAIN.dir/C_/Users/59201/Desktop/NU/2024_Spring/ME433/Pico_examples_and_SDK/pico-sdk/src/rp2_common/hardware_irq/irq.c.obj
                0x100007dc                irq_add_shared_handler
 .text.irq_remove_handler
                0x100009ec      0x188 MAIN/CMakeFiles/MAIN.dir/C_/Users/59201/Desktop/NU/2024_Spring/ME433/Pico_examples_and_SDK/pico-sdk/src/rp2_common/hardware_irq/irq.c.obj
                0x100009ec                irq_remove_handler
 .text.irq_add_tail_to_free_list
                0x10000b74       0xf0 MAIN/CMakeFiles/MAIN.dir/C_/Users/59201/Desktop/NU/2024_Spring/ME433/Pico_examples_and_SDK/pico-sdk/src/rp2_common/hardware_irq/irq.c.obj
                0x10000b74                irq_add_tail_to_free_list
 .text.irq_init_priorities
                0x10000c64       0x1c MAIN/CMakeFiles/MAIN.dir/C_/Users/59201/Desktop/NU/2024_Spring/ME433/Pico_examples_and_SDK/pico-sdk/src/rp2_common/hardware_irq/irq.c.obj
                0x10000c64                irq_init_priorities
 .text.user_irq_claim_unused
                0x10000c80       0x2c MAIN/CMakeFiles/MAIN.dir/C_/Users/59201/Desktop/NU/2024_Spring/ME433/Pico_examples_and_SDK/pico-sdk/src/rp2_common/hardware_irq/irq.c.obj
                0x10000c80                user_irq_claim_unused
 .text.lock_init
                0x10000cac       0x10 MAIN/CMakeFiles/MAIN.dir/C_/Users/59201/Desktop/NU/2024_Spring/ME433/Pico_examples_and_SDK/pico-sdk/src/common/pico_sync/lock_core.c.obj
                0x10000cac                lock_init
 .text.update_us_since_boot
                0x10000cbc       0x24 MAIN/CMakeFiles/MAIN.dir/C_/Users/59201/Desktop/NU/2024_Spring/ME433/Pico_examples_and_SDK/pico-sdk/src/common/pico_sync/mutex.c.obj
 .text.delayed_by_ms
                0x10000ce0       0x44 MAIN/CMakeFiles/MAIN.dir/C_/Users/59201/Desktop/NU/2024_Spring/ME433/Pico_examples_and_SDK/pico-sdk/src/common/pico_sync/mutex.c.obj
 .text.get_absolute_time
                0x10000d24       0x22 MAIN/CMakeFiles/MAIN.dir/C_/Users/59201/Desktop/NU/2024_Spring/ME433/Pico_examples_and_SDK/pico-sdk/src/common/pico_sync/mutex.c.obj
 .text.make_timeout_time_ms
                0x10000d46       0x20 MAIN/CMakeFiles/MAIN.dir/C_/Users/59201/Desktop/NU/2024_Spring/ME433/Pico_examples_and_SDK/pico-sdk/src/common/pico_sync/mutex.c.obj
 .text.mutex_init
                0x10000d66       0x1a MAIN/CMakeFiles/MAIN.dir/C_/Users/59201/Desktop/NU/2024_Spring/ME433/Pico_examples_and_SDK/pico-sdk/src/common/pico_sync/mutex.c.obj
                0x10000d66                mutex_init
 .text.recursive_mutex_init
                0x10000d80       0x1e MAIN/CMakeFiles/MAIN.dir/C_/Users/59201/Desktop/NU/2024_Spring/ME433/Pico_examples_and_SDK/pico-sdk/src/common/pico_sync/mutex.c.obj
                0x10000d80                recursive_mutex_init
 *fill*         0x10000d9e        0x2 
 .text.critical_section_init_with_lock_num
                0x10000da0       0x14 MAIN/CMakeFiles/MAIN.dir/C_/Users/59201/Desktop/NU/2024_Spring/ME433/Pico_examples_and_SDK/pico-sdk/src/common/pico_sync/critical_section.c.obj
                0x10000da0                critical_section_init_with_lock_num
 .text.critical_section_init
                0x10000db4       0x14 MAIN/CMakeFiles/MAIN.dir/C_/Users/59201/Desktop/NU/2024_Spring/ME433/Pico_examples_and_SDK/pico-sdk/src/common/pico_sync/critical_section.c.obj
                0x10000db4                critical_section_init
 .text.time_reached
                0x10000dc8       0x28 MAIN/CMakeFiles/MAIN.dir/C_/Users/59201/Desktop/NU/2024_Spring/ME433/Pico_examples_and_SDK/pico-sdk/src/common/pico_time/time.c.obj
 .text.get_entry
                0x10000df0       0x38 MAIN/CMakeFiles/MAIN.dir/C_/Users/59201/Desktop/NU/2024_Spring/ME433/Pico_examples_and_SDK/pico-sdk/src/common/pico_time/time.c.obj
 .text.timer_pool_entry_comparator
                0x10000e28       0x2e MAIN/CMakeFiles/MAIN.dir/C_/Users/59201/Desktop/NU/2024_Spring/ME433/Pico_examples_and_SDK/pico-sdk/src/common/pico_time/time.c.obj
                0x10000e28                timer_pool_entry_comparator
 *fill*         0x10000e56        0x2 
 .text.update_us_since_boot
                0x10000e58       0x24 MAIN/CMakeFiles/MAIN.dir/C_/Users/59201/Desktop/NU/2024_Spring/ME433/Pico_examples_and_SDK/pico-sdk/src/common/pico_time/time.c.obj
 .text.delayed_by_us
                0x10000e7c       0x34 MAIN/CMakeFiles/MAIN.dir/C_/Users/59201/Desktop/NU/2024_Spring/ME433/Pico_examples_and_SDK/pico-sdk/src/common/pico_time/time.c.obj
 .text.ph_get_node
                0x10000eb0       0x30 MAIN/CMakeFiles/MAIN.dir/C_/Users/59201/Desktop/NU/2024_Spring/ME433/Pico_examples_and_SDK/pico-sdk/src/common/pico_time/time.c.obj
 .text.ph_contains_node
                0x10000ee0       0x1e MAIN/CMakeFiles/MAIN.dir/C_/Users/59201/Desktop/NU/2024_Spring/ME433/Pico_examples_and_SDK/pico-sdk/src/common/pico_time/time.c.obj
 .text.ph_new_node
                0x10000efe       0x28 MAIN/CMakeFiles/MAIN.dir/C_/Users/59201/Desktop/NU/2024_Spring/ME433/Pico_examples_and_SDK/pico-sdk/src/common/pico_time/time.c.obj
 *fill*         0x10000f26        0x2 
 .text.ph_add_child_node
                0x10000f28       0x6c MAIN/CMakeFiles/MAIN.dir/C_/Users/59201/Desktop/NU/2024_Spring/ME433/Pico_examples_and_SDK/pico-sdk/src/common/pico_time/time.c.obj
 .text.ph_merge_nodes
                0x10000f94       0x3e MAIN/CMakeFiles/MAIN.dir/C_/Users/59201/Desktop/NU/2024_Spring/ME433/Pico_examples_and_SDK/pico-sdk/src/common/pico_time/time.c.obj
 *fill*         0x10000fd2        0x2 
 .text.ph_insert_node
                0x10000fd4       0x3c MAIN/CMakeFiles/MAIN.dir/C_/Users/59201/Desktop/NU/2024_Spring/ME433/Pico_examples_and_SDK/pico-sdk/src/common/pico_time/time.c.obj
 .text.ph_free_node
                0x10001010       0x5c MAIN/CMakeFiles/MAIN.dir/C_/Users/59201/Desktop/NU/2024_Spring/ME433/Pico_examples_and_SDK/pico-sdk/src/common/pico_time/time.c.obj
 .text.get_entry_id_high
                0x1000106c       0x30 MAIN/CMakeFiles/MAIN.dir/C_/Users/59201/Desktop/NU/2024_Spring/ME433/Pico_examples_and_SDK/pico-sdk/src/common/pico_time/time.c.obj
 .text.alarm_pool_post_alloc_init
                0x1000109c       0x40 MAIN/CMakeFiles/MAIN.dir/C_/Users/59201/Desktop/NU/2024_Spring/ME433/Pico_examples_and_SDK/pico-sdk/src/common/pico_time/time.c.obj
 .text.sleep_until_callback
                0x100010dc       0x30 MAIN/CMakeFiles/MAIN.dir/C_/Users/59201/Desktop/NU/2024_Spring/ME433/Pico_examples_and_SDK/pico-sdk/src/common/pico_time/time.c.obj
 .text.get_absolute_time
                0x1000110c       0x22 MAIN/CMakeFiles/MAIN.dir/C_/Users/59201/Desktop/NU/2024_Spring/ME433/Pico_examples_and_SDK/pico-sdk/src/common/pico_time/time.c.obj
 .text.make_timeout_time_us
                0x1000112e       0x24 MAIN/CMakeFiles/MAIN.dir/C_/Users/59201/Desktop/NU/2024_Spring/ME433/Pico_examples_and_SDK/pico-sdk/src/common/pico_time/time.c.obj
 *fill*         0x10001152        0x2 
 .text.add_alarm_under_lock
                0x10001154       0x94 MAIN/CMakeFiles/MAIN.dir/C_/Users/59201/Desktop/NU/2024_Spring/ME433/Pico_examples_and_SDK/pico-sdk/src/common/pico_time/time.c.obj
 .text.alarm_pool_alarm_callback
                0x100011e8      0x210 MAIN/CMakeFiles/MAIN.dir/C_/Users/59201/Desktop/NU/2024_Spring/ME433/Pico_examples_and_SDK/pico-sdk/src/common/pico_time/time.c.obj
 .text.alarm_pool_init_default
                0x100013f8       0x40 MAIN/CMakeFiles/MAIN.dir/C_/Users/59201/Desktop/NU/2024_Spring/ME433/Pico_examples_and_SDK/pico-sdk/src/common/pico_time/time.c.obj
                0x100013f8                alarm_pool_init_default
 .text.alarm_pool_get_default
                0x10001438       0x2c MAIN/CMakeFiles/MAIN.dir/C_/Users/59201/Desktop/NU/2024_Spring/ME433/Pico_examples_and_SDK/pico-sdk/src/common/pico_time/time.c.obj
                0x10001438                alarm_pool_get_default
 .text.alarm_pool_add_alarm_at
                0x10001464      0x10e MAIN/CMakeFiles/MAIN.dir/C_/Users/59201/Desktop/NU/2024_Spring/ME433/Pico_examples_and_SDK/pico-sdk/src/common/pico_time/time.c.obj
                0x10001464                alarm_pool_add_alarm_at
 .text.add_alarm_at
                0x10001572       0x2e MAIN/CMakeFiles/MAIN.dir/C_/Users/59201/Desktop/NU/2024_Spring/ME433/Pico_examples_and_SDK/pico-sdk/src/common/pico_time/time.c.obj
 .text.alarm_pool_cancel_alarm
                0x100015a0       0xa8 MAIN/CMakeFiles/MAIN.dir/C_/Users/59201/Desktop/NU/2024_Spring/ME433/Pico_examples_and_SDK/pico-sdk/src/common/pico_time/time.c.obj
                0x100015a0                alarm_pool_cancel_alarm
 .text.cancel_alarm
                0x10001648       0x10 MAIN/CMakeFiles/MAIN.dir/C_/Users/59201/Desktop/NU/2024_Spring/ME433/Pico_examples_and_SDK/pico-sdk/src/common/pico_time/time.c.obj
 .text.alarm_pool_core_num
                0x10001658        0x4 MAIN/CMakeFiles/MAIN.dir/C_/Users/59201/Desktop/NU/2024_Spring/ME433/Pico_examples_and_SDK/pico-sdk/src/common/pico_time/time.c.obj
                0x10001658                alarm_pool_core_num
 .text.sleep_until
                0x1000165c       0xb0 MAIN/CMakeFiles/MAIN.dir/C_/Users/59201/Desktop/NU/2024_Spring/ME433/Pico_examples_and_SDK/pico-sdk/src/common/pico_time/time.c.obj
                0x1000165c                sleep_until
 .text.sleep_us
                0x1000170c       0x1a MAIN/CMakeFiles/MAIN.dir/C_/Users/59201/Desktop/NU/2024_Spring/ME433/Pico_examples_and_SDK/pico-sdk/src/common/pico_time/time.c.obj
                0x1000170c                sleep_us
 .text.sleep_ms
                0x10001726       0x14 MAIN/CMakeFiles/MAIN.dir/C_/Users/59201/Desktop/NU/2024_Spring/ME433/Pico_examples_and_SDK/pico-sdk/src/common/pico_time/time.c.obj
                0x10001726                sleep_ms
 *fill*         0x1000173a        0x2 
 .text.best_effort_wfe_or_timeout
                0x1000173c       0x44 MAIN/CMakeFiles/MAIN.dir/C_/Users/59201/Desktop/NU/2024_Spring/ME433/Pico_examples_and_SDK/pico-sdk/src/common/pico_time/time.c.obj
                0x1000173c                best_effort_wfe_or_timeout
 .text.update_us_since_boot
                0x10001780       0x24 MAIN/CMakeFiles/MAIN.dir/C_/Users/59201/Desktop/NU/2024_Spring/ME433/Pico_examples_and_SDK/pico-sdk/src/rp2_common/hardware_timer/timer.c.obj
 .text.hardware_alarm_irq_handler
                0x100017a4       0x8c MAIN/CMakeFiles/MAIN.dir/C_/Users/59201/Desktop/NU/2024_Spring/ME433/Pico_examples_and_SDK/pico-sdk/src/rp2_common/hardware_timer/timer.c.obj
 .text.hardware_alarm_claim
                0x10001830       0x18 MAIN/CMakeFiles/MAIN.dir/C_/Users/59201/Desktop/NU/2024_Spring/ME433/Pico_examples_and_SDK/pico-sdk/src/rp2_common/hardware_timer/timer.c.obj
                0x10001830                hardware_alarm_claim
 .text.time_us_64
                0x10001848       0x18 MAIN/CMakeFiles/MAIN.dir/C_/Users/59201/Desktop/NU/2024_Spring/ME433/Pico_examples_and_SDK/pico-sdk/src/rp2_common/hardware_timer/timer.c.obj
                0x10001848                time_us_64
 .text.busy_wait_until
                0x10001860       0x28 MAIN/CMakeFiles/MAIN.dir/C_/Users/59201/Desktop/NU/2024_Spring/ME433/Pico_examples_and_SDK/pico-sdk/src/rp2_common/hardware_timer/timer.c.obj
                0x10001860                busy_wait_until
 .text.busy_wait_us
                0x10001888       0x3a MAIN/CMakeFiles/MAIN.dir/C_/Users/59201/Desktop/NU/2024_Spring/ME433/Pico_examples_and_SDK/pico-sdk/src/rp2_common/hardware_timer/timer.c.obj
                0x10001888                busy_wait_us
 *fill*         0x100018c2        0x2 
 .text.hardware_alarm_set_callback
                0x100018c4       0x90 MAIN/CMakeFiles/MAIN.dir/C_/Users/59201/Desktop/NU/2024_Spring/ME433/Pico_examples_and_SDK/pico-sdk/src/rp2_common/hardware_timer/timer.c.obj
                0x100018c4                hardware_alarm_set_callback
 .text.hardware_alarm_set_target
                0x10001954       0xe8 MAIN/CMakeFiles/MAIN.dir/C_/Users/59201/Desktop/NU/2024_Spring/ME433/Pico_examples_and_SDK/pico-sdk/src/rp2_common/hardware_timer/timer.c.obj
                0x10001954                hardware_alarm_set_target
 .text.hardware_alarm_cancel
                0x10001a3c       0x40 MAIN/CMakeFiles/MAIN.dir/C_/Users/59201/Desktop/NU/2024_Spring/ME433/Pico_examples_and_SDK/pico-sdk/src/rp2_common/hardware_timer/timer.c.obj
                0x10001a3c                hardware_alarm_cancel
 .text.ph_get_node
                0x10001a7c       0x30 MAIN/CMakeFiles/MAIN.dir/C_/Users/59201/Desktop/NU/2024_Spring/ME433/Pico_examples_and_SDK/pico-sdk/src/common/pico_util/pheap.c.obj
 .text.ph_add_child_node
                0x10001aac       0x6c MAIN/CMakeFiles/MAIN.dir/C_/Users/59201/Desktop/NU/2024_Spring/ME433/Pico_examples_and_SDK/pico-sdk/src/common/pico_util/pheap.c.obj
 .text.ph_merge_nodes
                0x10001b18       0x3e MAIN/CMakeFiles/MAIN.dir/C_/Users/59201/Desktop/NU/2024_Spring/ME433/Pico_examples_and_SDK/pico-sdk/src/common/pico_util/pheap.c.obj
 .text.ph_clear
                0x10001b56       0x34 MAIN/CMakeFiles/MAIN.dir/C_/Users/59201/Desktop/NU/2024_Spring/ME433/Pico_examples_and_SDK/pico-sdk/src/common/pico_util/pheap.c.obj
                0x10001b56                ph_clear
 .text.ph_post_alloc_init
                0x10001b8a        0xe MAIN/CMakeFiles/MAIN.dir/C_/Users/59201/Desktop/NU/2024_Spring/ME433/Pico_examples_and_SDK/pico-sdk/src/common/pico_util/pheap.c.obj
                0x10001b8a                ph_post_alloc_init
 .text.ph_merge_two_pass
                0x10001b98       0x5c MAIN/CMakeFiles/MAIN.dir/C_/Users/59201/Desktop/NU/2024_Spring/ME433/Pico_examples_and_SDK/pico-sdk/src/common/pico_util/pheap.c.obj
                0x10001b98                ph_merge_two_pass
 .text.ph_remove_any_head
                0x10001bf4       0xc0 MAIN/CMakeFiles/MAIN.dir/C_/Users/59201/Desktop/NU/2024_Spring/ME433/Pico_examples_and_SDK/pico-sdk/src/common/pico_util/pheap.c.obj
 .text.ph_remove_head
                0x10001cb4       0x14 MAIN/CMakeFiles/MAIN.dir/C_/Users/59201/Desktop/NU/2024_Spring/ME433/Pico_examples_and_SDK/pico-sdk/src/common/pico_util/pheap.c.obj
                0x10001cb4                ph_remove_head
 .text.ph_remove_and_free_node
                0x10001cc8       0xa0 MAIN/CMakeFiles/MAIN.dir/C_/Users/59201/Desktop/NU/2024_Spring/ME433/Pico_examples_and_SDK/pico-sdk/src/common/pico_util/pheap.c.obj
                0x10001cc8                ph_remove_and_free_node
 .text.clock_configure
                0x10001d68      0x108 MAIN/CMakeFiles/MAIN.dir/C_/Users/59201/Desktop/NU/2024_Spring/ME433/Pico_examples_and_SDK/pico-sdk/src/rp2_common/hardware_clocks/clocks.c.obj
                0x10001d68                clock_configure
 .text.clocks_init
                0x10001e70      0x100 MAIN/CMakeFiles/MAIN.dir/C_/Users/59201/Desktop/NU/2024_Spring/ME433/Pico_examples_and_SDK/pico-sdk/src/rp2_common/hardware_clocks/clocks.c.obj
                0x10001e70                clocks_init
 .text.pll_init
                0x10001f70      0x120 MAIN/CMakeFiles/MAIN.dir/C_/Users/59201/Desktop/NU/2024_Spring/ME433/Pico_examples_and_SDK/pico-sdk/src/rp2_common/hardware_pll/pll.c.obj
                0x10001f70                pll_init
 .text.watchdog_start_tick
                0x10002090       0x10 MAIN/CMakeFiles/MAIN.dir/C_/Users/59201/Desktop/NU/2024_Spring/ME433/Pico_examples_and_SDK/pico-sdk/src/rp2_common/hardware_watchdog/watchdog.c.obj
                0x10002090                watchdog_start_tick
 .text.watchdog_update
                0x100020a0       0x14 MAIN/CMakeFiles/MAIN.dir/C_/Users/59201/Desktop/NU/2024_Spring/ME433/Pico_examples_and_SDK/pico-sdk/src/rp2_common/hardware_watchdog/watchdog.c.obj
                0x100020a0                watchdog_update
 .text._watchdog_enable
                0x100020b4       0x78 MAIN/CMakeFiles/MAIN.dir/C_/Users/59201/Desktop/NU/2024_Spring/ME433/Pico_examples_and_SDK/pico-sdk/src/rp2_common/hardware_watchdog/watchdog.c.obj
                0x100020b4                _watchdog_enable
 .text.watchdog_reboot
                0x1000212c       0x48 MAIN/CMakeFiles/MAIN.dir/C_/Users/59201/Desktop/NU/2024_Spring/ME433/Pico_examples_and_SDK/pico-sdk/src/rp2_common/hardware_watchdog/watchdog.c.obj
                0x1000212c                watchdog_reboot
 .text.xosc_init
                0x10002174       0x28 MAIN/CMakeFiles/MAIN.dir/C_/Users/59201/Desktop/NU/2024_Spring/ME433/Pico_examples_and_SDK/pico-sdk/src/rp2_common/hardware_xosc/xosc.c.obj
                0x10002174                xosc_init
 .text._exit    0x1000219c        0x4 MAIN/CMakeFiles/MAIN.dir/C_/Users/59201/Desktop/NU/2024_Spring/ME433/Pico_examples_and_SDK/pico-sdk/src/rp2_common/pico_runtime/runtime.c.obj
                0x1000219c                _exit
 .text._sbrk    0x100021a0       0x38 MAIN/CMakeFiles/MAIN.dir/C_/Users/59201/Desktop/NU/2024_Spring/ME433/Pico_examples_and_SDK/pico-sdk/src/rp2_common/pico_runtime/runtime.c.obj
                0x100021a0                _sbrk
 .text.exit     0x100021d8        0x6 MAIN/CMakeFiles/MAIN.dir/C_/Users/59201/Desktop/NU/2024_Spring/ME433/Pico_examples_and_SDK/pico-sdk/src/rp2_common/pico_runtime/runtime.c.obj
                0x100021d8                exit
 *fill*         0x100021de        0x2 
 .text.__assert_func
                0x100021e0       0x38 MAIN/CMakeFiles/MAIN.dir/C_/Users/59201/Desktop/NU/2024_Spring/ME433/Pico_examples_and_SDK/pico-sdk/src/rp2_common/pico_runtime/runtime.c.obj
                0x100021e0                __assert_func
 .text.runtime_init
                0x10002218       0xf8 MAIN/CMakeFiles/MAIN.dir/C_/Users/59201/Desktop/NU/2024_Spring/ME433/Pico_examples_and_SDK/pico-sdk/src/rp2_common/pico_runtime/runtime.c.obj
                0x10002218                runtime_init
 .text.panic    0x10002310       0x30 MAIN/CMakeFiles/MAIN.dir/C_/Users/59201/Desktop/NU/2024_Spring/ME433/Pico_examples_and_SDK/pico-sdk/src/rp2_common/pico_runtime/runtime.c.obj
                0x10002310                panic
 .text._out_buffer
                0x10002340        0x8 MAIN/CMakeFiles/MAIN.dir/C_/Users/59201/Desktop/NU/2024_Spring/ME433/Pico_examples_and_SDK/pico-sdk/src/rp2_common/pico_printf/printf.c.obj
 .text._out_null
                0x10002348        0x2 MAIN/CMakeFiles/MAIN.dir/C_/Users/59201/Desktop/NU/2024_Spring/ME433/Pico_examples_and_SDK/pico-sdk/src/rp2_common/pico_printf/printf.c.obj
 .text._out_fct
                0x1000234a        0xe MAIN/CMakeFiles/MAIN.dir/C_/Users/59201/Desktop/NU/2024_Spring/ME433/Pico_examples_and_SDK/pico-sdk/src/rp2_common/pico_printf/printf.c.obj
 .text._atoi    0x10002358       0x24 MAIN/CMakeFiles/MAIN.dir/C_/Users/59201/Desktop/NU/2024_Spring/ME433/Pico_examples_and_SDK/pico-sdk/src/rp2_common/pico_printf/printf.c.obj
 .text._out_rev
                0x1000237c       0xae MAIN/CMakeFiles/MAIN.dir/C_/Users/59201/Desktop/NU/2024_Spring/ME433/Pico_examples_and_SDK/pico-sdk/src/rp2_common/pico_printf/printf.c.obj
 .text._ntoa_format
                0x1000242a      0x110 MAIN/CMakeFiles/MAIN.dir/C_/Users/59201/Desktop/NU/2024_Spring/ME433/Pico_examples_and_SDK/pico-sdk/src/rp2_common/pico_printf/printf.c.obj
 .text._ntoa_long
                0x1000253a       0xbc MAIN/CMakeFiles/MAIN.dir/C_/Users/59201/Desktop/NU/2024_Spring/ME433/Pico_examples_and_SDK/pico-sdk/src/rp2_common/pico_printf/printf.c.obj
 .text._ntoa_long_long
                0x100025f6      0x10e MAIN/CMakeFiles/MAIN.dir/C_/Users/59201/Desktop/NU/2024_Spring/ME433/Pico_examples_and_SDK/pico-sdk/src/rp2_common/pico_printf/printf.c.obj
 .text._etoa    0x10002704      0x420 MAIN/CMakeFiles/MAIN.dir/C_/Users/59201/Desktop/NU/2024_Spring/ME433/Pico_examples_and_SDK/pico-sdk/src/rp2_common/pico_printf/printf.c.obj
 .text._ftoa    0x10002b24      0x354 MAIN/CMakeFiles/MAIN.dir/C_/Users/59201/Desktop/NU/2024_Spring/ME433/Pico_examples_and_SDK/pico-sdk/src/rp2_common/pico_printf/printf.c.obj
 .text._vsnprintf
                0x10002e78      0x668 MAIN/CMakeFiles/MAIN.dir/C_/Users/59201/Desktop/NU/2024_Spring/ME433/Pico_examples_and_SDK/pico-sdk/src/rp2_common/pico_printf/printf.c.obj
 .text.__wrap_sprintf
                0x100034e0       0x2c MAIN/CMakeFiles/MAIN.dir/C_/Users/59201/Desktop/NU/2024_Spring/ME433/Pico_examples_and_SDK/pico-sdk/src/rp2_common/pico_printf/printf.c.obj
                0x100034e0                __wrap_sprintf
 .text.vfctprintf
                0x1000350c       0x20 MAIN/CMakeFiles/MAIN.dir/C_/Users/59201/Desktop/NU/2024_Spring/ME433/Pico_examples_and_SDK/pico-sdk/src/rp2_common/pico_printf/printf.c.obj
                0x1000350c                vfctprintf
 .text          0x1000352c       0x10 MAIN/CMakeFiles/MAIN.dir/C_/Users/59201/Desktop/NU/2024_Spring/ME433/Pico_examples_and_SDK/pico-sdk/src/rp2_common/pico_bit_ops/bit_ops_aeabi.S.obj
 .text.rom_func_lookup
                0x1000353c       0x10 MAIN/CMakeFiles/MAIN.dir/C_/Users/59201/Desktop/NU/2024_Spring/ME433/Pico_examples_and_SDK/pico-sdk/src/rp2_common/pico_bootrom/bootrom.c.obj
                0x1000353c                rom_func_lookup
 .text.rom_data_lookup
                0x1000354c       0x10 MAIN/CMakeFiles/MAIN.dir/C_/Users/59201/Desktop/NU/2024_Spring/ME433/Pico_examples_and_SDK/pico-sdk/src/rp2_common/pico_bootrom/bootrom.c.obj
                0x1000354c                rom_data_lookup
 .text.rom_funcs_lookup
                0x1000355c       0x36 MAIN/CMakeFiles/MAIN.dir/C_/Users/59201/Desktop/NU/2024_Spring/ME433/Pico_examples_and_SDK/pico-sdk/src/rp2_common/pico_bootrom/bootrom.c.obj
                0x1000355c                rom_funcs_lookup
 *fill*         0x10003592        0x2 
 .text.__wrap___aeabi_idiv
                0x10003594       0x50 MAIN/CMakeFiles/MAIN.dir/C_/Users/59201/Desktop/NU/2024_Spring/ME433/Pico_examples_and_SDK/pico-sdk/src/rp2_common/pico_divider/divider.S.obj
                0x10003594                __wrap___aeabi_idivmod
                0x10003594                divmod_s32s32
                0x10003594                div_s32s32
                0x10003594                __wrap___aeabi_idiv
                0x1000359c                divmod_s32s32_unsafe
                0x100035c8                divmod_s32s32_savestate
 .text.__wrap___aeabi_uidiv
                0x100035e4       0x4c MAIN/CMakeFiles/MAIN.dir/C_/Users/59201/Desktop/NU/2024_Spring/ME433/Pico_examples_and_SDK/pico-sdk/src/rp2_common/pico_divider/divider.S.obj
                0x100035e4                __wrap___aeabi_uidiv
                0x100035e4                __wrap___aeabi_uidivmod
                0x100035e4                div_u32u32
                0x100035e4                divmod_u32u32
                0x100035ec                divmod_u32u32_unsafe
                0x10003614                divmod_u32u32_savestate
 .text.__wrap___aeabi_ldiv
                0x10003630      0x424 MAIN/CMakeFiles/MAIN.dir/C_/Users/59201/Desktop/NU/2024_Spring/ME433/Pico_examples_and_SDK/pico-sdk/src/rp2_common/pico_divider/divider.S.obj
                0x10003630                div_s64s64
                0x10003630                divmod_s64s64
                0x10003630                __wrap___aeabi_ldivmod
                0x10003660                divmod_u64u64
                0x10003660                div_u64u64
                0x10003660                __wrap___aeabi_uldivmod
                0x10003670                divmod_u64u64_savestate
                0x10003690                divmod_s64s64_unsafe
                0x10003718                divmod_u64u64_unsafe
 .text.__wrap___aeabi_darithmetic
                0x10003a54       0x80 MAIN/CMakeFiles/MAIN.dir/C_/Users/59201/Desktop/NU/2024_Spring/ME433/Pico_examples_and_SDK/pico-sdk/src/rp2_common/pico_double/double_aeabi.S.obj
                0x10003a54                __wrap___aeabi_drsub
                0x10003a5a                __wrap___aeabi_dsub
                0x10003a6c                __wrap___aeabi_dadd
                0x10003a7e                __wrap___aeabi_ddiv
                0x10003aba                __wrap___aeabi_dmul
 .text.__wrap___aeabi_cdcmple
                0x10003ad4       0x6c MAIN/CMakeFiles/MAIN.dir/C_/Users/59201/Desktop/NU/2024_Spring/ME433/Pico_examples_and_SDK/pico-sdk/src/rp2_common/pico_double/double_aeabi.S.obj
                0x10003ad4                __wrap___aeabi_cdrcmple
                0x10003ae4                __wrap___aeabi_cdcmpeq
                0x10003ae4                __wrap___aeabi_cdcmple
 .text.__wrap___aeabi_dcmpeq
                0x10003b40       0x10 MAIN/CMakeFiles/MAIN.dir/C_/Users/59201/Desktop/NU/2024_Spring/ME433/Pico_examples_and_SDK/pico-sdk/src/rp2_common/pico_double/double_aeabi.S.obj
                0x10003b40                __wrap___aeabi_dcmpeq
 .text.__wrap___aeabi_dcmplt
                0x10003b50        0xc MAIN/CMakeFiles/MAIN.dir/C_/Users/59201/Desktop/NU/2024_Spring/ME433/Pico_examples_and_SDK/pico-sdk/src/rp2_common/pico_double/double_aeabi.S.obj
                0x10003b50                __wrap___aeabi_dcmplt
 .text.__wrap___aeabi_dcmple
                0x10003b5c       0x10 MAIN/CMakeFiles/MAIN.dir/C_/Users/59201/Desktop/NU/2024_Spring/ME433/Pico_examples_and_SDK/pico-sdk/src/rp2_common/pico_double/double_aeabi.S.obj
                0x10003b5c                __wrap___aeabi_dcmple
 .text.__wrap___aeabi_dcmpge
                0x10003b6c       0x10 MAIN/CMakeFiles/MAIN.dir/C_/Users/59201/Desktop/NU/2024_Spring/ME433/Pico_examples_and_SDK/pico-sdk/src/rp2_common/pico_double/double_aeabi.S.obj
                0x10003b6c                __wrap___aeabi_dcmpge
 .text.__wrap___aeabi_dcmpgt
                0x10003b7c        0xa MAIN/CMakeFiles/MAIN.dir/C_/Users/59201/Desktop/NU/2024_Spring/ME433/Pico_examples_and_SDK/pico-sdk/src/rp2_common/pico_double/double_aeabi.S.obj
                0x10003b7c                __wrap___aeabi_dcmpgt
 .text.__wrap___aeabi_dcmpun
                0x10003b86       0x1c MAIN/CMakeFiles/MAIN.dir/C_/Users/59201/Desktop/NU/2024_Spring/ME433/Pico_examples_and_SDK/pico-sdk/src/rp2_common/pico_double/double_aeabi.S.obj
                0x10003b86                __wrap___aeabi_dcmpun
 *fill*         0x10003ba2        0x2 
 .text.__wrap___aeabi_i2d
                0x10003ba4       0x38 MAIN/CMakeFiles/MAIN.dir/C_/Users/59201/Desktop/NU/2024_Spring/ME433/Pico_examples_and_SDK/pico-sdk/src/rp2_common/pico_double/double_aeabi.S.obj
                0x10003ba4                __wrap___aeabi_ui2d
                0x10003bac                __wrap___aeabi_i2d
 .text.__wrap___aeabi_d2iz
                0x10003bdc       0x48 MAIN/CMakeFiles/MAIN.dir/C_/Users/59201/Desktop/NU/2024_Spring/ME433/Pico_examples_and_SDK/pico-sdk/src/rp2_common/pico_double/double_aeabi.S.obj
                0x10003bdc                double2int_z
                0x10003bdc                __wrap___aeabi_d2iz
 .text.__wrap___aeabi_d2uiz
                0x10003c24       0x18 MAIN/CMakeFiles/MAIN.dir/C_/Users/59201/Desktop/NU/2024_Spring/ME433/Pico_examples_and_SDK/pico-sdk/src/rp2_common/pico_double/double_aeabi.S.obj
                0x10003c24                __wrap___aeabi_d2uiz
                0x10003c24                double2uint
 .text.__wrap___aeabi_l2d
                0x10003c3c       0x18 MAIN/CMakeFiles/MAIN.dir/C_/Users/59201/Desktop/NU/2024_Spring/ME433/Pico_examples_and_SDK/pico-sdk/src/rp2_common/pico_double/double_aeabi.S.obj
                0x10003c3c                __wrap___aeabi_l2d
 .text.__wrap___aeabi_d2lz
                0x10003c54       0x26 MAIN/CMakeFiles/MAIN.dir/C_/Users/59201/Desktop/NU/2024_Spring/ME433/Pico_examples_and_SDK/pico-sdk/src/rp2_common/pico_double/double_aeabi.S.obj
                0x10003c54                double2int64_z
                0x10003c54                __wrap___aeabi_d2lz
 *fill*         0x10003c7a        0x2 
 .text.double2int64
                0x10003c7c       0x18 MAIN/CMakeFiles/MAIN.dir/C_/Users/59201/Desktop/NU/2024_Spring/ME433/Pico_examples_and_SDK/pico-sdk/src/rp2_common/pico_double/double_aeabi.S.obj
                0x10003c7c                double2int64
 .text.double2ufix64
                0x10003c94       0x18 MAIN/CMakeFiles/MAIN.dir/C_/Users/59201/Desktop/NU/2024_Spring/ME433/Pico_examples_and_SDK/pico-sdk/src/rp2_common/pico_double/double_aeabi.S.obj
                0x10003c94                double2ufix64
 .text.__wrap___aeabi_d2f
                0x10003cac       0x18 MAIN/CMakeFiles/MAIN.dir/C_/Users/59201/Desktop/NU/2024_Spring/ME433/Pico_examples_and_SDK/pico-sdk/src/rp2_common/pico_double/double_aeabi.S.obj
                0x10003cac                __wrap___aeabi_d2f
 .text.__aeabi_double_init
                0x10003cc4       0xcc MAIN/CMakeFiles/MAIN.dir/C_/Users/59201/Desktop/NU/2024_Spring/ME433/Pico_examples_and_SDK/pico-sdk/src/rp2_common/pico_double/double_init_rom.c.obj
                0x10003cc4                __aeabi_double_init
 .text.double_table_shim_on_use_helper
                0x10003d90       0x34 MAIN/CMakeFiles/MAIN.dir/C_/Users/59201/Desktop/NU/2024_Spring/ME433/Pico_examples_and_SDK/pico-sdk/src/rp2_common/pico_double/double_v1_rom_shim.S.obj
                0x10003d90                double_table_shim_on_use_helper
 .text.__wrap___aeabi_dsub
                0x10003dc4       0x10 MAIN/CMakeFiles/MAIN.dir/C_/Users/59201/Desktop/NU/2024_Spring/ME433/Pico_examples_and_SDK/pico-sdk/src/rp2_common/pico_double/double_v1_rom_shim.S.obj
                0x10003dc4                drsub_shim
                0x10003dca                dsub_shim
 .text.dadd_shim
                0x10003dd4      0x15c MAIN/CMakeFiles/MAIN.dir/C_/Users/59201/Desktop/NU/2024_Spring/ME433/Pico_examples_and_SDK/pico-sdk/src/rp2_common/pico_double/double_v1_rom_shim.S.obj
                0x10003dd4                dadd_shim
 .text.dmul_shim
                0x10003f30      0x15c MAIN/CMakeFiles/MAIN.dir/C_/Users/59201/Desktop/NU/2024_Spring/ME433/Pico_examples_and_SDK/pico-sdk/src/rp2_common/pico_double/double_v1_rom_shim.S.obj
                0x10003f30                dmul_shim
 .text.ddiv_shim
                0x1000408c      0x1b0 MAIN/CMakeFiles/MAIN.dir/C_/Users/59201/Desktop/NU/2024_Spring/ME433/Pico_examples_and_SDK/pico-sdk/src/rp2_common/pico_double/double_v1_rom_shim.S.obj
                0x1000408c                ddiv_shim
 .text.double2uint_shim
                0x1000423c        0xe MAIN/CMakeFiles/MAIN.dir/C_/Users/59201/Desktop/NU/2024_Spring/ME433/Pico_examples_and_SDK/pico-sdk/src/rp2_common/pico_double/double_v1_rom_shim.S.obj
                0x1000423c                double2uint_shim
                0x1000423e                double2ufix_shim
 .text.double2int64_shim
                0x1000424a       0x1a MAIN/CMakeFiles/MAIN.dir/C_/Users/59201/Desktop/NU/2024_Spring/ME433/Pico_examples_and_SDK/pico-sdk/src/rp2_common/pico_double/double_v1_rom_shim.S.obj
                0x1000424a                double2int64_shim
                0x1000424c                double2fix64_shim
 .text.double2uint64_shim
                0x10004264       0x70 MAIN/CMakeFiles/MAIN.dir/C_/Users/59201/Desktop/NU/2024_Spring/ME433/Pico_examples_and_SDK/pico-sdk/src/rp2_common/pico_double/double_v1_rom_shim.S.obj
                0x10004264                double2uint64_shim
                0x10004266                double2ufix64_shim
                0x10004286                d2fix_a
 .text.double2float_shim
                0x100042d4       0x5c MAIN/CMakeFiles/MAIN.dir/C_/Users/59201/Desktop/NU/2024_Spring/ME433/Pico_examples_and_SDK/pico-sdk/src/rp2_common/pico_double/double_v1_rom_shim.S.obj
                0x100042d4                double2float_shim
 .text.x2double_shims
                0x10004330       0x90 MAIN/CMakeFiles/MAIN.dir/C_/Users/59201/Desktop/NU/2024_Spring/ME433/Pico_examples_and_SDK/pico-sdk/src/rp2_common/pico_double/double_v1_rom_shim.S.obj
                0x10004330                uint2double_shim
                0x10004332                ufix2double_shim
                0x10004338                int2double_shim
                0x1000433a                fix2double_shim
                0x10004340                uint642double_shim
                0x10004342                ufix642double_shim
                0x10004348                int642double_shim
                0x1000434a                fix642double_shim
 .text.dunpacks
                0x100043c0       0x3c MAIN/CMakeFiles/MAIN.dir/C_/Users/59201/Desktop/NU/2024_Spring/ME433/Pico_examples_and_SDK/pico-sdk/src/rp2_common/pico_double/double_v1_rom_shim.S.obj
                0x100043c0                dunpacks
 .text.__aeabi_lmul
                0x100043fc       0x32 MAIN/CMakeFiles/MAIN.dir/C_/Users/59201/Desktop/NU/2024_Spring/ME433/Pico_examples_and_SDK/pico-sdk/src/rp2_common/pico_int64_ops/pico_int64_ops_aeabi.S.obj
                0x100043fc                __wrap___aeabi_lmul
 *fill*         0x1000442e        0x2 
 .text.__wrap___aeabi_f2d
                0x10004430       0x14 MAIN/CMakeFiles/MAIN.dir/C_/Users/59201/Desktop/NU/2024_Spring/ME433/Pico_examples_and_SDK/pico-sdk/src/rp2_common/pico_float/float_aeabi.S.obj
                0x10004430                __wrap___aeabi_f2d
 .text.__aeabi_float_init
                0x10004444       0xfc MAIN/CMakeFiles/MAIN.dir/C_/Users/59201/Desktop/NU/2024_Spring/ME433/Pico_examples_and_SDK/pico-sdk/src/rp2_common/pico_float/float_init_rom.c.obj
                0x10004444                __aeabi_float_init
 .text.float_table_shim_on_use_helper
                0x10004540       0x34 MAIN/CMakeFiles/MAIN.dir/C_/Users/59201/Desktop/NU/2024_Spring/ME433/Pico_examples_and_SDK/pico-sdk/src/rp2_common/pico_float/float_v1_rom_shim.S.obj
                0x10004540                float_table_shim_on_use_helper
 .text.float2double_shim
                0x10004574       0x30 MAIN/CMakeFiles/MAIN.dir/C_/Users/59201/Desktop/NU/2024_Spring/ME433/Pico_examples_and_SDK/pico-sdk/src/rp2_common/pico_float/float_v1_rom_shim.S.obj
                0x10004574                float2double_shim
 .text.check_alloc
                0x100045a4       0x20 MAIN/CMakeFiles/MAIN.dir/C_/Users/59201/Desktop/NU/2024_Spring/ME433/Pico_examples_and_SDK/pico-sdk/src/rp2_common/pico_malloc/pico_malloc.c.obj
 .text.__wrap_malloc
                0x100045c4       0x14 MAIN/CMakeFiles/MAIN.dir/C_/Users/59201/Desktop/NU/2024_Spring/ME433/Pico_examples_and_SDK/pico-sdk/src/rp2_common/pico_malloc/pico_malloc.c.obj
                0x100045c4                __wrap_malloc
 .text.__wrap_realloc
                0x100045d8       0x14 MAIN/CMakeFiles/MAIN.dir/C_/Users/59201/Desktop/NU/2024_Spring/ME433/Pico_examples_and_SDK/pico-sdk/src/rp2_common/pico_malloc/pico_malloc.c.obj
                0x100045d8                __wrap_realloc
 .text.__wrap_free
                0x100045ec        0x8 MAIN/CMakeFiles/MAIN.dir/C_/Users/59201/Desktop/NU/2024_Spring/ME433/Pico_examples_and_SDK/pico-sdk/src/rp2_common/pico_malloc/pico_malloc.c.obj
                0x100045ec                __wrap_free
 .text          0x100045f4       0x10 MAIN/CMakeFiles/MAIN.dir/C_/Users/59201/Desktop/NU/2024_Spring/ME433/Pico_examples_and_SDK/pico-sdk/src/rp2_common/pico_mem_ops/mem_ops_aeabi.S.obj
                0x100045f4                __aeabi_mem_init
 .text.memset   0x10004604        0xc MAIN/CMakeFiles/MAIN.dir/C_/Users/59201/Desktop/NU/2024_Spring/ME433/Pico_examples_and_SDK/pico-sdk/src/rp2_common/pico_mem_ops/mem_ops_aeabi.S.obj
                0x10004604                __wrap_memset
 .text.memcpy   0x10004610        0xc MAIN/CMakeFiles/MAIN.dir/C_/Users/59201/Desktop/NU/2024_Spring/ME433/Pico_examples_and_SDK/pico-sdk/src/rp2_common/pico_mem_ops/mem_ops_aeabi.S.obj
                0x10004610                __wrap_memcpy
                0x10004610                __wrap___aeabi_memcpy
 .text.time_reached
                0x1000461c       0x28 MAIN/CMakeFiles/MAIN.dir/C_/Users/59201/Desktop/NU/2024_Spring/ME433/Pico_examples_and_SDK/pico-sdk/src/rp2_common/pico_stdio/stdio.c.obj
 .text.stdio_out_chars_no_crlf
                0x10004644        0xe MAIN/CMakeFiles/MAIN.dir/C_/Users/59201/Desktop/NU/2024_Spring/ME433/Pico_examples_and_SDK/pico-sdk/src/rp2_common/pico_stdio/stdio.c.obj
 *fill*         0x10004652        0x2 
 .text.stdio_out_chars_crlf
                0x10004654       0x80 MAIN/CMakeFiles/MAIN.dir/C_/Users/59201/Desktop/NU/2024_Spring/ME433/Pico_examples_and_SDK/pico-sdk/src/rp2_common/pico_stdio/stdio.c.obj
 .text.stdio_stack_buffer_flush
                0x100046d4       0x44 MAIN/CMakeFiles/MAIN.dir/C_/Users/59201/Desktop/NU/2024_Spring/ME433/Pico_examples_and_SDK/pico-sdk/src/rp2_common/pico_stdio/stdio.c.obj
 .text.stdio_buffered_printer
                0x10004718       0x20 MAIN/CMakeFiles/MAIN.dir/C_/Users/59201/Desktop/NU/2024_Spring/ME433/Pico_examples_and_SDK/pico-sdk/src/rp2_common/pico_stdio/stdio.c.obj
 .text.update_us_since_boot
                0x10004738       0x24 MAIN/CMakeFiles/MAIN.dir/C_/Users/59201/Desktop/NU/2024_Spring/ME433/Pico_examples_and_SDK/pico-sdk/src/rp2_common/pico_stdio/stdio.c.obj
 .text.get_absolute_time
                0x1000475c       0x22 MAIN/CMakeFiles/MAIN.dir/C_/Users/59201/Desktop/NU/2024_Spring/ME433/Pico_examples_and_SDK/pico-sdk/src/rp2_common/pico_stdio/stdio.c.obj
 *fill*         0x1000477e        0x2 
 .text.delayed_by_ms
                0x10004780       0x44 MAIN/CMakeFiles/MAIN.dir/C_/Users/59201/Desktop/NU/2024_Spring/ME433/Pico_examples_and_SDK/pico-sdk/src/rp2_common/pico_stdio/stdio.c.obj
 .text.make_timeout_time_ms
                0x100047c4       0x20 MAIN/CMakeFiles/MAIN.dir/C_/Users/59201/Desktop/NU/2024_Spring/ME433/Pico_examples_and_SDK/pico-sdk/src/rp2_common/pico_stdio/stdio.c.obj
 .text.stdio_get_until
                0x100047e4       0x64 MAIN/CMakeFiles/MAIN.dir/C_/Users/59201/Desktop/NU/2024_Spring/ME433/Pico_examples_and_SDK/pico-sdk/src/rp2_common/pico_stdio/stdio.c.obj
 .text.stdout_serialize_begin
                0x10004848       0x20 MAIN/CMakeFiles/MAIN.dir/C_/Users/59201/Desktop/NU/2024_Spring/ME433/Pico_examples_and_SDK/pico-sdk/src/rp2_common/pico_stdio/stdio.c.obj
                0x10004848                stdout_serialize_begin
 .text.stdout_serialize_end
                0x10004868       0x10 MAIN/CMakeFiles/MAIN.dir/C_/Users/59201/Desktop/NU/2024_Spring/ME433/Pico_examples_and_SDK/pico-sdk/src/rp2_common/pico_stdio/stdio.c.obj
                0x10004868                stdout_serialize_end
 .text.stdio_put_string
                0x10004878       0x98 MAIN/CMakeFiles/MAIN.dir/C_/Users/59201/Desktop/NU/2024_Spring/ME433/Pico_examples_and_SDK/pico-sdk/src/rp2_common/pico_stdio/stdio.c.obj
 .text._read    0x10004910       0x24 MAIN/CMakeFiles/MAIN.dir/C_/Users/59201/Desktop/NU/2024_Spring/ME433/Pico_examples_and_SDK/pico-sdk/src/rp2_common/pico_stdio/stdio.c.obj
                0x10004910                _read
 .text._write   0x10004934       0x22 MAIN/CMakeFiles/MAIN.dir/C_/Users/59201/Desktop/NU/2024_Spring/ME433/Pico_examples_and_SDK/pico-sdk/src/rp2_common/pico_stdio/stdio.c.obj
                0x10004934                _write
 .text._close   0x10004956        0x6 MAIN/CMakeFiles/MAIN.dir/C_/Users/59201/Desktop/NU/2024_Spring/ME433/Pico_examples_and_SDK/pico-sdk/src/rp2_common/pico_stdio/stdio.c.obj
                0x10004956                _close
 .text._lseek   0x1000495c        0x6 MAIN/CMakeFiles/MAIN.dir/C_/Users/59201/Desktop/NU/2024_Spring/ME433/Pico_examples_and_SDK/pico-sdk/src/rp2_common/pico_stdio/stdio.c.obj
                0x1000495c                _lseek
 .text._fstat   0x10004962        0x6 MAIN/CMakeFiles/MAIN.dir/C_/Users/59201/Desktop/NU/2024_Spring/ME433/Pico_examples_and_SDK/pico-sdk/src/rp2_common/pico_stdio/stdio.c.obj
                0x10004962                _fstat
 .text._isatty  0x10004968        0xc MAIN/CMakeFiles/MAIN.dir/C_/Users/59201/Desktop/NU/2024_Spring/ME433/Pico_examples_and_SDK/pico-sdk/src/rp2_common/pico_stdio/stdio.c.obj
                0x10004968                _isatty
 .text.stdio_set_driver_enabled
                0x10004974       0x2c MAIN/CMakeFiles/MAIN.dir/C_/Users/59201/Desktop/NU/2024_Spring/ME433/Pico_examples_and_SDK/pico-sdk/src/rp2_common/pico_stdio/stdio.c.obj
                0x10004974                stdio_set_driver_enabled
 .text.stdio_flush
                0x100049a0       0x20 MAIN/CMakeFiles/MAIN.dir/C_/Users/59201/Desktop/NU/2024_Spring/ME433/Pico_examples_and_SDK/pico-sdk/src/rp2_common/pico_stdio/stdio.c.obj
                0x100049a0                stdio_flush
 .text.__wrap_puts
                0x100049c0       0x1e MAIN/CMakeFiles/MAIN.dir/C_/Users/59201/Desktop/NU/2024_Spring/ME433/Pico_examples_and_SDK/pico-sdk/src/rp2_common/pico_stdio/stdio.c.obj
                0x100049c0                __wrap_puts
 *fill*         0x100049de        0x2 
 .text.__wrap_vprintf
                0x100049e0       0x40 MAIN/CMakeFiles/MAIN.dir/C_/Users/59201/Desktop/NU/2024_Spring/ME433/Pico_examples_and_SDK/pico-sdk/src/rp2_common/pico_stdio/stdio.c.obj
                0x100049e0                __wrap_vprintf
 .text.__wrap_printf
                0x10004a20       0x18 MAIN/CMakeFiles/MAIN.dir/C_/Users/59201/Desktop/NU/2024_Spring/ME433/Pico_examples_and_SDK/pico-sdk/src/rp2_common/pico_stdio/stdio.c.obj
                0x10004a20                __wrap_printf
 .text.stdio_init_all
                0x10004a38        0x8 MAIN/CMakeFiles/MAIN.dir/C_/Users/59201/Desktop/NU/2024_Spring/ME433/Pico_examples_and_SDK/pico-sdk/src/rp2_common/pico_stdio/stdio.c.obj
                0x10004a38                stdio_init_all
 .text.resetd_init
                0x10004a40        0x2 MAIN/CMakeFiles/MAIN.dir/C_/Users/59201/Desktop/NU/2024_Spring/ME433/Pico_examples_and_SDK/pico-sdk/src/rp2_common/pico_stdio_usb/reset_interface.c.obj
 *fill*         0x10004a42        0x2 
 .text.resetd_reset
                0x10004a44        0xc MAIN/CMakeFiles/MAIN.dir/C_/Users/59201/Desktop/NU/2024_Spring/ME433/Pico_examples_and_SDK/pico-sdk/src/rp2_common/pico_stdio_usb/reset_interface.c.obj
 .text.resetd_open
                0x10004a50       0x34 MAIN/CMakeFiles/MAIN.dir/C_/Users/59201/Desktop/NU/2024_Spring/ME433/Pico_examples_and_SDK/pico-sdk/src/rp2_common/pico_stdio_usb/reset_interface.c.obj
 .text.resetd_xfer_cb
                0x10004a84        0x4 MAIN/CMakeFiles/MAIN.dir/C_/Users/59201/Desktop/NU/2024_Spring/ME433/Pico_examples_and_SDK/pico-sdk/src/rp2_common/pico_stdio_usb/reset_interface.c.obj
 .text.reset_usb_boot
                0x10004a88       0x18 MAIN/CMakeFiles/MAIN.dir/C_/Users/59201/Desktop/NU/2024_Spring/ME433/Pico_examples_and_SDK/pico-sdk/src/rp2_common/pico_stdio_usb/reset_interface.c.obj
 .text.resetd_control_xfer_cb
                0x10004aa0       0x5c MAIN/CMakeFiles/MAIN.dir/C_/Users/59201/Desktop/NU/2024_Spring/ME433/Pico_examples_and_SDK/pico-sdk/src/rp2_common/pico_stdio_usb/reset_interface.c.obj
 .text.usbd_app_driver_get_cb
                0x10004afc        0xc MAIN/CMakeFiles/MAIN.dir/C_/Users/59201/Desktop/NU/2024_Spring/ME433/Pico_examples_and_SDK/pico-sdk/src/rp2_common/pico_stdio_usb/reset_interface.c.obj
                0x10004afc                usbd_app_driver_get_cb
 .text.tud_cdc_line_coding_cb
                0x10004b08       0x28 MAIN/CMakeFiles/MAIN.dir/C_/Users/59201/Desktop/NU/2024_Spring/ME433/Pico_examples_and_SDK/pico-sdk/src/rp2_common/pico_stdio_usb/reset_interface.c.obj
                0x10004b08                tud_cdc_line_coding_cb
 .text.stdio_usb_set_chars_available_callback
                0x10004b30       0x14 MAIN/CMakeFiles/MAIN.dir/C_/Users/59201/Desktop/NU/2024_Spring/ME433/Pico_examples_and_SDK/pico-sdk/src/rp2_common/pico_stdio_usb/stdio_usb.c.obj
                0x10004b30                stdio_usb_set_chars_available_callback
 .text.update_us_since_boot
                0x10004b44       0x24 MAIN/CMakeFiles/MAIN.dir/C_/Users/59201/Desktop/NU/2024_Spring/ME433/Pico_examples_and_SDK/pico-sdk/src/rp2_common/pico_stdio_usb/stdio_usb.c.obj
 .text.get_absolute_time
                0x10004b68       0x22 MAIN/CMakeFiles/MAIN.dir/C_/Users/59201/Desktop/NU/2024_Spring/ME433/Pico_examples_and_SDK/pico-sdk/src/rp2_common/pico_stdio_usb/stdio_usb.c.obj
 *fill*         0x10004b8a        0x2 
 .text.delayed_by_ms
                0x10004b8c       0x44 MAIN/CMakeFiles/MAIN.dir/C_/Users/59201/Desktop/NU/2024_Spring/ME433/Pico_examples_and_SDK/pico-sdk/src/rp2_common/pico_stdio_usb/stdio_usb.c.obj
 .text.make_timeout_time_ms
                0x10004bd0       0x20 MAIN/CMakeFiles/MAIN.dir/C_/Users/59201/Desktop/NU/2024_Spring/ME433/Pico_examples_and_SDK/pico-sdk/src/rp2_common/pico_stdio_usb/stdio_usb.c.obj
 .text.delayed_by_us
                0x10004bf0       0x34 MAIN/CMakeFiles/MAIN.dir/C_/Users/59201/Desktop/NU/2024_Spring/ME433/Pico_examples_and_SDK/pico-sdk/src/rp2_common/pico_stdio_usb/stdio_usb.c.obj
 .text.usb_irq  0x10004c24       0x10 MAIN/CMakeFiles/MAIN.dir/C_/Users/59201/Desktop/NU/2024_Spring/ME433/Pico_examples_and_SDK/pico-sdk/src/rp2_common/pico_stdio_usb/stdio_usb.c.obj
 .text.critical_section_enter_blocking
                0x10004c34       0x16 MAIN/CMakeFiles/MAIN.dir/C_/Users/59201/Desktop/NU/2024_Spring/ME433/Pico_examples_and_SDK/pico-sdk/src/rp2_common/pico_stdio_usb/stdio_usb.c.obj
 *fill*         0x10004c4a        0x2 
 .text.timer_task
                0x10004c4c       0x4c MAIN/CMakeFiles/MAIN.dir/C_/Users/59201/Desktop/NU/2024_Spring/ME433/Pico_examples_and_SDK/pico-sdk/src/rp2_common/pico_stdio_usb/stdio_usb.c.obj
 .text.alarm_pool_add_alarm_in_us
                0x10004c98       0x3a MAIN/CMakeFiles/MAIN.dir/C_/Users/59201/Desktop/NU/2024_Spring/ME433/Pico_examples_and_SDK/pico-sdk/src/rp2_common/pico_stdio_usb/stdio_usb.c.obj
 .text.add_alarm_in_us
                0x10004cd2       0x2e MAIN/CMakeFiles/MAIN.dir/C_/Users/59201/Desktop/NU/2024_Spring/ME433/Pico_examples_and_SDK/pico-sdk/src/rp2_common/pico_stdio_usb/stdio_usb.c.obj
 .text.low_priority_worker_irq
                0x10004d00       0x7c MAIN/CMakeFiles/MAIN.dir/C_/Users/59201/Desktop/NU/2024_Spring/ME433/Pico_examples_and_SDK/pico-sdk/src/rp2_common/pico_stdio_usb/stdio_usb.c.obj
 .text.tud_cdc_rx_cb
                0x10004d7c       0x20 MAIN/CMakeFiles/MAIN.dir/C_/Users/59201/Desktop/NU/2024_Spring/ME433/Pico_examples_and_SDK/pico-sdk/src/rp2_common/pico_stdio_usb/stdio_usb.c.obj
                0x10004d7c                tud_cdc_rx_cb
 .text.stdio_usb_init
                0x10004d9c       0xd0 MAIN/CMakeFiles/MAIN.dir/C_/Users/59201/Desktop/NU/2024_Spring/ME433/Pico_examples_and_SDK/pico-sdk/src/rp2_common/pico_stdio_usb/stdio_usb.c.obj
                0x10004d9c                stdio_usb_init
 .text.stdio_usb_connected
                0x10004e6c        0xa MAIN/CMakeFiles/MAIN.dir/C_/Users/59201/Desktop/NU/2024_Spring/ME433/Pico_examples_and_SDK/pico-sdk/src/rp2_common/pico_stdio_usb/stdio_usb.c.obj
                0x10004e6c                stdio_usb_connected
 *fill*         0x10004e76        0x2 
 .text.stdio_usb_in_chars
                0x10004e78       0x88 MAIN/CMakeFiles/MAIN.dir/C_/Users/59201/Desktop/NU/2024_Spring/ME433/Pico_examples_and_SDK/pico-sdk/src/rp2_common/pico_stdio_usb/stdio_usb.c.obj
                0x10004e78                stdio_usb_in_chars
 .text.stdio_usb_out_chars
                0x10004f00       0xd8 MAIN/CMakeFiles/MAIN.dir/C_/Users/59201/Desktop/NU/2024_Spring/ME433/Pico_examples_and_SDK/pico-sdk/src/rp2_common/pico_stdio_usb/stdio_usb.c.obj
 .text.tud_descriptor_device_cb
                0x10004fd8        0x8 MAIN/CMakeFiles/MAIN.dir/C_/Users/59201/Desktop/NU/2024_Spring/ME433/Pico_examples_and_SDK/pico-sdk/src/rp2_common/pico_stdio_usb/stdio_usb_descriptors.c.obj
                0x10004fd8                tud_descriptor_device_cb
 .text.tud_descriptor_configuration_cb
                0x10004fe0        0x8 MAIN/CMakeFiles/MAIN.dir/C_/Users/59201/Desktop/NU/2024_Spring/ME433/Pico_examples_and_SDK/pico-sdk/src/rp2_common/pico_stdio_usb/stdio_usb_descriptors.c.obj
                0x10004fe0                tud_descriptor_configuration_cb
 .text.tud_descriptor_string_cb
                0x10004fe8       0x6c MAIN/CMakeFiles/MAIN.dir/C_/Users/59201/Desktop/NU/2024_Spring/ME433/Pico_examples_and_SDK/pico-sdk/src/rp2_common/pico_stdio_usb/stdio_usb_descriptors.c.obj
                0x10004fe8                tud_descriptor_string_cb
 .text._retrieve_unique_id_on_boot
                0x10005054       0x10 MAIN/CMakeFiles/MAIN.dir/C_/Users/59201/Desktop/NU/2024_Spring/ME433/Pico_examples_and_SDK/pico-sdk/src/rp2_common/pico_unique_id/unique_id.c.obj
 .text.pico_get_unique_board_id_string
                0x10005064       0x5c MAIN/CMakeFiles/MAIN.dir/C_/Users/59201/Desktop/NU/2024_Spring/ME433/Pico_examples_and_SDK/pico-sdk/src/rp2_common/pico_unique_id/unique_id.c.obj
                0x10005064                pico_get_unique_board_id_string
 .text.flash_get_unique_id
                0x100050c0       0x40 MAIN/CMakeFiles/MAIN.dir/C_/Users/59201/Desktop/NU/2024_Spring/ME433/Pico_examples_and_SDK/pico-sdk/src/rp2_common/hardware_flash/flash.c.obj
                0x100050c0                flash_get_unique_id
 .text.hw_endpoint_get_by_addr
                0x10005100       0x18 MAIN/CMakeFiles/MAIN.dir/C_/Users/59201/Desktop/NU/2024_Spring/ME433/Pico_examples_and_SDK/pico-sdk/lib/tinyusb/src/portable/raspberrypi/rp2040/dcd_rp2040.c.obj
 .text._hw_endpoint_alloc
                0x10005118       0x70 MAIN/CMakeFiles/MAIN.dir/C_/Users/59201/Desktop/NU/2024_Spring/ME433/Pico_examples_and_SDK/pico-sdk/lib/tinyusb/src/portable/raspberrypi/rp2040/dcd_rp2040.c.obj
 .text.hw_endpoint_init
                0x10005188       0x88 MAIN/CMakeFiles/MAIN.dir/C_/Users/59201/Desktop/NU/2024_Spring/ME433/Pico_examples_and_SDK/pico-sdk/lib/tinyusb/src/portable/raspberrypi/rp2040/dcd_rp2040.c.obj
 .text.dcd_event_sof
                0x10005210       0x2c MAIN/CMakeFiles/MAIN.dir/C_/Users/59201/Desktop/NU/2024_Spring/ME433/Pico_examples_and_SDK/pico-sdk/lib/tinyusb/src/portable/raspberrypi/rp2040/dcd_rp2040.c.obj
 .text.hw_endpoint_xfer
                0x1000523c       0x14 MAIN/CMakeFiles/MAIN.dir/C_/Users/59201/Desktop/NU/2024_Spring/ME433/Pico_examples_and_SDK/pico-sdk/lib/tinyusb/src/portable/raspberrypi/rp2040/dcd_rp2040.c.obj
 .text.dcd_int_enable
                0x10005250       0x2c MAIN/CMakeFiles/MAIN.dir/C_/Users/59201/Desktop/NU/2024_Spring/ME433/Pico_examples_and_SDK/pico-sdk/lib/tinyusb/src/portable/raspberrypi/rp2040/dcd_rp2040.c.obj
                0x10005250                dcd_int_enable
 .text.dcd_set_address
                0x1000527c       0x2c MAIN/CMakeFiles/MAIN.dir/C_/Users/59201/Desktop/NU/2024_Spring/ME433/Pico_examples_and_SDK/pico-sdk/lib/tinyusb/src/portable/raspberrypi/rp2040/dcd_rp2040.c.obj
                0x1000527c                dcd_set_address
 .text.dcd_connect
                0x100052a8       0x10 MAIN/CMakeFiles/MAIN.dir/C_/Users/59201/Desktop/NU/2024_Spring/ME433/Pico_examples_and_SDK/pico-sdk/lib/tinyusb/src/portable/raspberrypi/rp2040/dcd_rp2040.c.obj
                0x100052a8                dcd_connect
 .text.dcd_init
                0x100052b8       0x80 MAIN/CMakeFiles/MAIN.dir/C_/Users/59201/Desktop/NU/2024_Spring/ME433/Pico_examples_and_SDK/pico-sdk/lib/tinyusb/src/portable/raspberrypi/rp2040/dcd_rp2040.c.obj
                0x100052b8                dcd_init
 .text.dcd_edpt0_status_complete
                0x10005338       0x1c MAIN/CMakeFiles/MAIN.dir/C_/Users/59201/Desktop/NU/2024_Spring/ME433/Pico_examples_and_SDK/pico-sdk/lib/tinyusb/src/portable/raspberrypi/rp2040/dcd_rp2040.c.obj
                0x10005338                dcd_edpt0_status_complete
 .text.dcd_edpt_open
                0x10005354       0x40 MAIN/CMakeFiles/MAIN.dir/C_/Users/59201/Desktop/NU/2024_Spring/ME433/Pico_examples_and_SDK/pico-sdk/lib/tinyusb/src/portable/raspberrypi/rp2040/dcd_rp2040.c.obj
                0x10005354                dcd_edpt_open
 .text.dcd_edpt_close_all
                0x10005394        0x8 MAIN/CMakeFiles/MAIN.dir/C_/Users/59201/Desktop/NU/2024_Spring/ME433/Pico_examples_and_SDK/pico-sdk/lib/tinyusb/src/portable/raspberrypi/rp2040/dcd_rp2040.c.obj
                0x10005394                dcd_edpt_close_all
 .text.dcd_edpt_xfer
                0x1000539c       0x34 MAIN/CMakeFiles/MAIN.dir/C_/Users/59201/Desktop/NU/2024_Spring/ME433/Pico_examples_and_SDK/pico-sdk/lib/tinyusb/src/portable/raspberrypi/rp2040/dcd_rp2040.c.obj
                0x1000539c                dcd_edpt_xfer
 .text.dcd_edpt_stall
                0x100053d0       0x2c MAIN/CMakeFiles/MAIN.dir/C_/Users/59201/Desktop/NU/2024_Spring/ME433/Pico_examples_and_SDK/pico-sdk/lib/tinyusb/src/portable/raspberrypi/rp2040/dcd_rp2040.c.obj
                0x100053d0                dcd_edpt_stall
 .text.dcd_edpt_clear_stall
                0x100053fc       0x20 MAIN/CMakeFiles/MAIN.dir/C_/Users/59201/Desktop/NU/2024_Spring/ME433/Pico_examples_and_SDK/pico-sdk/lib/tinyusb/src/portable/raspberrypi/rp2040/dcd_rp2040.c.obj
                0x100053fc                dcd_edpt_clear_stall
 .text.rp2040_usb_init
                0x1000541c       0x4c MAIN/CMakeFiles/MAIN.dir/C_/Users/59201/Desktop/NU/2024_Spring/ME433/Pico_examples_and_SDK/pico-sdk/lib/tinyusb/src/portable/raspberrypi/rp2040/rp2040_usb.c.obj
                0x1000541c                rp2040_usb_init
 .text.hw_endpoint_xfer_start
                0x10005468       0x50 MAIN/CMakeFiles/MAIN.dir/C_/Users/59201/Desktop/NU/2024_Spring/ME433/Pico_examples_and_SDK/pico-sdk/lib/tinyusb/src/portable/raspberrypi/rp2040/rp2040_usb.c.obj
                0x10005468                hw_endpoint_xfer_start
 .text.configuration_reset
                0x100054b8       0x84 MAIN/CMakeFiles/MAIN.dir/C_/Users/59201/Desktop/NU/2024_Spring/ME433/Pico_examples_and_SDK/pico-sdk/lib/tinyusb/src/device/usbd.c.obj
 .text.critical_section_enter_blocking
                0x1000553c       0x16 MAIN/CMakeFiles/MAIN.dir/C_/Users/59201/Desktop/NU/2024_Spring/ME433/Pico_examples_and_SDK/pico-sdk/lib/tinyusb/src/device/usbd.c.obj
 .text.usbd_reset
                0x10005552        0xc MAIN/CMakeFiles/MAIN.dir/C_/Users/59201/Desktop/NU/2024_Spring/ME433/Pico_examples_and_SDK/pico-sdk/lib/tinyusb/src/device/usbd.c.obj
 .text.invoke_class_control
                0x1000555e       0x1a MAIN/CMakeFiles/MAIN.dir/C_/Users/59201/Desktop/NU/2024_Spring/ME433/Pico_examples_and_SDK/pico-sdk/lib/tinyusb/src/device/usbd.c.obj
 .text.process_set_config
                0x10005578      0x178 MAIN/CMakeFiles/MAIN.dir/C_/Users/59201/Desktop/NU/2024_Spring/ME433/Pico_examples_and_SDK/pico-sdk/lib/tinyusb/src/device/usbd.c.obj
 .text.process_get_descriptor
                0x100056f0       0xdc MAIN/CMakeFiles/MAIN.dir/C_/Users/59201/Desktop/NU/2024_Spring/ME433/Pico_examples_and_SDK/pico-sdk/lib/tinyusb/src/device/usbd.c.obj
 .text.tud_mounted
                0x100057cc       0x10 MAIN/CMakeFiles/MAIN.dir/C_/Users/59201/Desktop/NU/2024_Spring/ME433/Pico_examples_and_SDK/pico-sdk/lib/tinyusb/src/device/usbd.c.obj
                0x100057cc                tud_mounted
 .text.tud_suspended
                0x100057dc       0x10 MAIN/CMakeFiles/MAIN.dir/C_/Users/59201/Desktop/NU/2024_Spring/ME433/Pico_examples_and_SDK/pico-sdk/lib/tinyusb/src/device/usbd.c.obj
                0x100057dc                tud_suspended
 .text.tud_inited
                0x100057ec       0x14 MAIN/CMakeFiles/MAIN.dir/C_/Users/59201/Desktop/NU/2024_Spring/ME433/Pico_examples_and_SDK/pico-sdk/lib/tinyusb/src/device/usbd.c.obj
                0x100057ec                tud_inited
 .text.tud_init
                0x10005800       0xcc MAIN/CMakeFiles/MAIN.dir/C_/Users/59201/Desktop/NU/2024_Spring/ME433/Pico_examples_and_SDK/pico-sdk/lib/tinyusb/src/device/usbd.c.obj
                0x10005800                tud_init
 .text.usbd_defer_func
                0x100058cc       0x2a MAIN/CMakeFiles/MAIN.dir/C_/Users/59201/Desktop/NU/2024_Spring/ME433/Pico_examples_and_SDK/pico-sdk/lib/tinyusb/src/device/usbd.c.obj
                0x100058cc                usbd_defer_func
 *fill*         0x100058f6        0x2 
 .text.usbd_edpt_open
                0x100058f8       0x34 MAIN/CMakeFiles/MAIN.dir/C_/Users/59201/Desktop/NU/2024_Spring/ME433/Pico_examples_and_SDK/pico-sdk/lib/tinyusb/src/device/usbd.c.obj
                0x100058f8                usbd_edpt_open
 .text.usbd_open_edpt_pair
                0x1000592c       0x62 MAIN/CMakeFiles/MAIN.dir/C_/Users/59201/Desktop/NU/2024_Spring/ME433/Pico_examples_and_SDK/pico-sdk/lib/tinyusb/src/device/usbd.c.obj
                0x1000592c                usbd_open_edpt_pair
 *fill*         0x1000598e        0x2 
 .text.usbd_edpt_claim
                0x10005990       0x28 MAIN/CMakeFiles/MAIN.dir/C_/Users/59201/Desktop/NU/2024_Spring/ME433/Pico_examples_and_SDK/pico-sdk/lib/tinyusb/src/device/usbd.c.obj
                0x10005990                usbd_edpt_claim
 .text.usbd_edpt_release
                0x100059b8       0x28 MAIN/CMakeFiles/MAIN.dir/C_/Users/59201/Desktop/NU/2024_Spring/ME433/Pico_examples_and_SDK/pico-sdk/lib/tinyusb/src/device/usbd.c.obj
                0x100059b8                usbd_edpt_release
 .text.usbd_edpt_xfer
                0x100059e0       0x78 MAIN/CMakeFiles/MAIN.dir/C_/Users/59201/Desktop/NU/2024_Spring/ME433/Pico_examples_and_SDK/pico-sdk/lib/tinyusb/src/device/usbd.c.obj
                0x100059e0                usbd_edpt_xfer
 .text.usbd_edpt_stall
                0x10005a58       0x48 MAIN/CMakeFiles/MAIN.dir/C_/Users/59201/Desktop/NU/2024_Spring/ME433/Pico_examples_and_SDK/pico-sdk/lib/tinyusb/src/device/usbd.c.obj
                0x10005a58                usbd_edpt_stall
 .text.usbd_edpt_clear_stall
                0x10005aa0       0x48 MAIN/CMakeFiles/MAIN.dir/C_/Users/59201/Desktop/NU/2024_Spring/ME433/Pico_examples_and_SDK/pico-sdk/lib/tinyusb/src/device/usbd.c.obj
                0x10005aa0                usbd_edpt_clear_stall
 .text.usbd_edpt_stalled
                0x10005ae8       0x1c MAIN/CMakeFiles/MAIN.dir/C_/Users/59201/Desktop/NU/2024_Spring/ME433/Pico_examples_and_SDK/pico-sdk/lib/tinyusb/src/device/usbd.c.obj
                0x10005ae8                usbd_edpt_stalled
 .text.process_control_request
                0x10005b04      0x374 MAIN/CMakeFiles/MAIN.dir/C_/Users/59201/Desktop/NU/2024_Spring/ME433/Pico_examples_and_SDK/pico-sdk/lib/tinyusb/src/device/usbd.c.obj
 .text.tud_task_ext
                0x10005e78      0x1a8 MAIN/CMakeFiles/MAIN.dir/C_/Users/59201/Desktop/NU/2024_Spring/ME433/Pico_examples_and_SDK/pico-sdk/lib/tinyusb/src/device/usbd.c.obj
                0x10005e78                tud_task_ext
 .text._status_stage_xact
                0x10006020       0x1a MAIN/CMakeFiles/MAIN.dir/C_/Users/59201/Desktop/NU/2024_Spring/ME433/Pico_examples_and_SDK/pico-sdk/lib/tinyusb/src/device/usbd_control.c.obj
 *fill*         0x1000603a        0x2 
 .text._data_stage_xact
                0x1000603c       0x58 MAIN/CMakeFiles/MAIN.dir/C_/Users/59201/Desktop/NU/2024_Spring/ME433/Pico_examples_and_SDK/pico-sdk/lib/tinyusb/src/device/usbd_control.c.obj
 .text.tud_control_status
                0x10006094       0x28 MAIN/CMakeFiles/MAIN.dir/C_/Users/59201/Desktop/NU/2024_Spring/ME433/Pico_examples_and_SDK/pico-sdk/lib/tinyusb/src/device/usbd_control.c.obj
                0x10006094                tud_control_status
 .text.tud_control_xfer
                0x100060bc       0x68 MAIN/CMakeFiles/MAIN.dir/C_/Users/59201/Desktop/NU/2024_Spring/ME433/Pico_examples_and_SDK/pico-sdk/lib/tinyusb/src/device/usbd_control.c.obj
                0x100060bc                tud_control_xfer
 .text.usbd_control_reset
                0x10006124       0x14 MAIN/CMakeFiles/MAIN.dir/C_/Users/59201/Desktop/NU/2024_Spring/ME433/Pico_examples_and_SDK/pico-sdk/lib/tinyusb/src/device/usbd_control.c.obj
                0x10006124                usbd_control_reset
 .text.usbd_control_set_complete_callback
                0x10006138        0xc MAIN/CMakeFiles/MAIN.dir/C_/Users/59201/Desktop/NU/2024_Spring/ME433/Pico_examples_and_SDK/pico-sdk/lib/tinyusb/src/device/usbd_control.c.obj
                0x10006138                usbd_control_set_complete_callback
 .text.usbd_control_set_request
                0x10006144       0x1c MAIN/CMakeFiles/MAIN.dir/C_/Users/59201/Desktop/NU/2024_Spring/ME433/Pico_examples_and_SDK/pico-sdk/lib/tinyusb/src/device/usbd_control.c.obj
                0x10006144                usbd_control_set_request
 .text.usbd_control_xfer_cb
                0x10006160       0xbc MAIN/CMakeFiles/MAIN.dir/C_/Users/59201/Desktop/NU/2024_Spring/ME433/Pico_examples_and_SDK/pico-sdk/lib/tinyusb/src/device/usbd_control.c.obj
                0x10006160                usbd_control_xfer_cb
 .text._prep_out_transaction
                0x1000621c       0x4a MAIN/CMakeFiles/MAIN.dir/C_/Users/59201/Desktop/NU/2024_Spring/ME433/Pico_examples_and_SDK/pico-sdk/lib/tinyusb/src/class/cdc/cdc_device.c.obj
 *fill*         0x10006266        0x2 
 .text.tud_cdc_n_connected
                0x10006268       0x38 MAIN/CMakeFiles/MAIN.dir/C_/Users/59201/Desktop/NU/2024_Spring/ME433/Pico_examples_and_SDK/pico-sdk/lib/tinyusb/src/class/cdc/cdc_device.c.obj
                0x10006268                tud_cdc_n_connected
 .text.tud_cdc_n_available
                0x100062a0       0x18 MAIN/CMakeFiles/MAIN.dir/C_/Users/59201/Desktop/NU/2024_Spring/ME433/Pico_examples_and_SDK/pico-sdk/lib/tinyusb/src/class/cdc/cdc_device.c.obj
                0x100062a0                tud_cdc_n_available
 .text.tud_cdc_n_read
                0x100062b8       0x28 MAIN/CMakeFiles/MAIN.dir/C_/Users/59201/Desktop/NU/2024_Spring/ME433/Pico_examples_and_SDK/pico-sdk/lib/tinyusb/src/class/cdc/cdc_device.c.obj
                0x100062b8                tud_cdc_n_read
 .text.tud_cdc_n_write_flush
                0x100062e0       0xb8 MAIN/CMakeFiles/MAIN.dir/C_/Users/59201/Desktop/NU/2024_Spring/ME433/Pico_examples_and_SDK/pico-sdk/lib/tinyusb/src/class/cdc/cdc_device.c.obj
                0x100062e0                tud_cdc_n_write_flush
 .text.tud_cdc_n_write
                0x10006398       0x38 MAIN/CMakeFiles/MAIN.dir/C_/Users/59201/Desktop/NU/2024_Spring/ME433/Pico_examples_and_SDK/pico-sdk/lib/tinyusb/src/class/cdc/cdc_device.c.obj
                0x10006398                tud_cdc_n_write
 .text.tud_cdc_n_write_available
                0x100063d0       0x1c MAIN/CMakeFiles/MAIN.dir/C_/Users/59201/Desktop/NU/2024_Spring/ME433/Pico_examples_and_SDK/pico-sdk/lib/tinyusb/src/class/cdc/cdc_device.c.obj
                0x100063d0                tud_cdc_n_write_available
 .text.cdcd_init
                0x100063ec       0xbc MAIN/CMakeFiles/MAIN.dir/C_/Users/59201/Desktop/NU/2024_Spring/ME433/Pico_examples_and_SDK/pico-sdk/lib/tinyusb/src/class/cdc/cdc_device.c.obj
                0x100063ec                cdcd_init
 .text.cdcd_reset
                0x100064a8       0x44 MAIN/CMakeFiles/MAIN.dir/C_/Users/59201/Desktop/NU/2024_Spring/ME433/Pico_examples_and_SDK/pico-sdk/lib/tinyusb/src/class/cdc/cdc_device.c.obj
                0x100064a8                cdcd_reset
 .text.cdcd_open
                0x100064ec       0xc4 MAIN/CMakeFiles/MAIN.dir/C_/Users/59201/Desktop/NU/2024_Spring/ME433/Pico_examples_and_SDK/pico-sdk/lib/tinyusb/src/class/cdc/cdc_device.c.obj
                0x100064ec                cdcd_open
 .text.cdcd_control_xfer_cb
                0x100065b0      0x134 MAIN/CMakeFiles/MAIN.dir/C_/Users/59201/Desktop/NU/2024_Spring/ME433/Pico_examples_and_SDK/pico-sdk/lib/tinyusb/src/class/cdc/cdc_device.c.obj
                0x100065b0                cdcd_control_xfer_cb
 .text.cdcd_xfer_cb
                0x100066e4      0x130 MAIN/CMakeFiles/MAIN.dir/C_/Users/59201/Desktop/NU/2024_Spring/ME433/Pico_examples_and_SDK/pico-sdk/lib/tinyusb/src/class/cdc/cdc_device.c.obj
                0x100066e4                cdcd_xfer_cb
 .text.tusb_init
                0x10006814        0xa MAIN/CMakeFiles/MAIN.dir/C_/Users/59201/Desktop/NU/2024_Spring/ME433/Pico_examples_and_SDK/pico-sdk/lib/tinyusb/src/tusb.c.obj
                0x10006814                tusb_init
 .text.tusb_inited
                0x1000681e        0xe MAIN/CMakeFiles/MAIN.dir/C_/Users/59201/Desktop/NU/2024_Spring/ME433/Pico_examples_and_SDK/pico-sdk/lib/tinyusb/src/tusb.c.obj
                0x1000681e                tusb_inited
 .text.tu_edpt_claim
                0x1000682c       0x50 MAIN/CMakeFiles/MAIN.dir/C_/Users/59201/Desktop/NU/2024_Spring/ME433/Pico_examples_and_SDK/pico-sdk/lib/tinyusb/src/tusb.c.obj
                0x1000682c                tu_edpt_claim
 .text.tu_edpt_release
                0x1000687c       0x38 MAIN/CMakeFiles/MAIN.dir/C_/Users/59201/Desktop/NU/2024_Spring/ME433/Pico_examples_and_SDK/pico-sdk/lib/tinyusb/src/tusb.c.obj
                0x1000687c                tu_edpt_release
 .text.tu_edpt_validate
                0x100068b4       0x78 MAIN/CMakeFiles/MAIN.dir/C_/Users/59201/Desktop/NU/2024_Spring/ME433/Pico_examples_and_SDK/pico-sdk/lib/tinyusb/src/tusb.c.obj
                0x100068b4                tu_edpt_validate
 .text.tu_edpt_bind_driver
                0x1000692c       0x26 MAIN/CMakeFiles/MAIN.dir/C_/Users/59201/Desktop/NU/2024_Spring/ME433/Pico_examples_and_SDK/pico-sdk/lib/tinyusb/src/tusb.c.obj
                0x1000692c                tu_edpt_bind_driver
 .text.advance_index
                0x10006952       0x1a MAIN/CMakeFiles/MAIN.dir/C_/Users/59201/Desktop/NU/2024_Spring/ME433/Pico_examples_and_SDK/pico-sdk/lib/tinyusb/src/common/tusb_fifo.c.obj
 .text._tu_fifo_peek
                0x1000696c       0x56 MAIN/CMakeFiles/MAIN.dir/C_/Users/59201/Desktop/NU/2024_Spring/ME433/Pico_examples_and_SDK/pico-sdk/lib/tinyusb/src/common/tusb_fifo.c.obj
 .text._ff_pull_const_addr
                0x100069c2       0x4c MAIN/CMakeFiles/MAIN.dir/C_/Users/59201/Desktop/NU/2024_Spring/ME433/Pico_examples_and_SDK/pico-sdk/lib/tinyusb/src/common/tusb_fifo.c.obj
 .text._ff_pull_n
                0x10006a0e      0x110 MAIN/CMakeFiles/MAIN.dir/C_/Users/59201/Desktop/NU/2024_Spring/ME433/Pico_examples_and_SDK/pico-sdk/lib/tinyusb/src/common/tusb_fifo.c.obj
 .text._tu_fifo_peek_n
                0x10006b1e       0x6a MAIN/CMakeFiles/MAIN.dir/C_/Users/59201/Desktop/NU/2024_Spring/ME433/Pico_examples_and_SDK/pico-sdk/lib/tinyusb/src/common/tusb_fifo.c.obj
 .text._tu_fifo_read_n
                0x10006b88       0x4e MAIN/CMakeFiles/MAIN.dir/C_/Users/59201/Desktop/NU/2024_Spring/ME433/Pico_examples_and_SDK/pico-sdk/lib/tinyusb/src/common/tusb_fifo.c.obj
 .text._ff_push_const_addr
                0x10006bd6       0x40 MAIN/CMakeFiles/MAIN.dir/C_/Users/59201/Desktop/NU/2024_Spring/ME433/Pico_examples_and_SDK/pico-sdk/lib/tinyusb/src/common/tusb_fifo.c.obj
 .text._ff_push_n
                0x10006c16      0x10c MAIN/CMakeFiles/MAIN.dir/C_/Users/59201/Desktop/NU/2024_Spring/ME433/Pico_examples_and_SDK/pico-sdk/lib/tinyusb/src/common/tusb_fifo.c.obj
 .text._tu_fifo_write_n
                0x10006d22       0xf0 MAIN/CMakeFiles/MAIN.dir/C_/Users/59201/Desktop/NU/2024_Spring/ME433/Pico_examples_and_SDK/pico-sdk/lib/tinyusb/src/common/tusb_fifo.c.obj
 .text.tu_fifo_config
                0x10006e12       0x7c MAIN/CMakeFiles/MAIN.dir/C_/Users/59201/Desktop/NU/2024_Spring/ME433/Pico_examples_and_SDK/pico-sdk/lib/tinyusb/src/common/tusb_fifo.c.obj
                0x10006e12                tu_fifo_config
 .text.tu_fifo_count
                0x10006e8e       0x2a MAIN/CMakeFiles/MAIN.dir/C_/Users/59201/Desktop/NU/2024_Spring/ME433/Pico_examples_and_SDK/pico-sdk/lib/tinyusb/src/common/tusb_fifo.c.obj
                0x10006e8e                tu_fifo_count
 .text.tu_fifo_empty
                0x10006eb8        0xe MAIN/CMakeFiles/MAIN.dir/C_/Users/59201/Desktop/NU/2024_Spring/ME433/Pico_examples_and_SDK/pico-sdk/lib/tinyusb/src/common/tusb_fifo.c.obj
                0x10006eb8                tu_fifo_empty
 .text.tu_fifo_full
                0x10006ec6       0x28 MAIN/CMakeFiles/MAIN.dir/C_/Users/59201/Desktop/NU/2024_Spring/ME433/Pico_examples_and_SDK/pico-sdk/lib/tinyusb/src/common/tusb_fifo.c.obj
                0x10006ec6                tu_fifo_full
 .text.tu_fifo_remaining
                0x10006eee       0x2c MAIN/CMakeFiles/MAIN.dir/C_/Users/59201/Desktop/NU/2024_Spring/ME433/Pico_examples_and_SDK/pico-sdk/lib/tinyusb/src/common/tusb_fifo.c.obj
                0x10006eee                tu_fifo_remaining
 .text.tu_fifo_read
                0x10006f1a       0x42 MAIN/CMakeFiles/MAIN.dir/C_/Users/59201/Desktop/NU/2024_Spring/ME433/Pico_examples_and_SDK/pico-sdk/lib/tinyusb/src/common/tusb_fifo.c.obj
                0x10006f1a                tu_fifo_read
 .text.tu_fifo_read_n
                0x10006f5c        0xa MAIN/CMakeFiles/MAIN.dir/C_/Users/59201/Desktop/NU/2024_Spring/ME433/Pico_examples_and_SDK/pico-sdk/lib/tinyusb/src/common/tusb_fifo.c.obj
                0x10006f5c                tu_fifo_read_n
 .text.tu_fifo_write
                0x10006f66       0x64 MAIN/CMakeFiles/MAIN.dir/C_/Users/59201/Desktop/NU/2024_Spring/ME433/Pico_examples_and_SDK/pico-sdk/lib/tinyusb/src/common/tusb_fifo.c.obj
                0x10006f66                tu_fifo_write
 .text.tu_fifo_write_n
                0x10006fca        0xa MAIN/CMakeFiles/MAIN.dir/C_/Users/59201/Desktop/NU/2024_Spring/ME433/Pico_examples_and_SDK/pico-sdk/lib/tinyusb/src/common/tusb_fifo.c.obj
                0x10006fca                tu_fifo_write_n
 .text.tu_fifo_clear
                0x10006fd4       0x3e MAIN/CMakeFiles/MAIN.dir/C_/Users/59201/Desktop/NU/2024_Spring/ME433/Pico_examples_and_SDK/pico-sdk/lib/tinyusb/src/common/tusb_fifo.c.obj
                0x10006fd4                tu_fifo_clear
 .text.tu_fifo_set_overwritable
                0x10007012       0x46 MAIN/CMakeFiles/MAIN.dir/C_/Users/59201/Desktop/NU/2024_Spring/ME433/Pico_examples_and_SDK/pico-sdk/lib/tinyusb/src/common/tusb_fifo.c.obj
                0x10007012                tu_fifo_set_overwritable
 .text.adc_init
                0x10007058       0x34 MAIN/CMakeFiles/MAIN.dir/C_/Users/59201/Desktop/NU/2024_Spring/ME433/Pico_examples_and_SDK/pico-sdk/src/rp2_common/hardware_adc/adc.c.obj
                0x10007058                adc_init
 .text._calloc_r
                0x1000708c       0xa8 C:/PROGRA~2/ARMGNU~1/13C7F1~1.2RE/bin/../lib/gcc/arm-none-eabi/13.2.1/thumb/v6-m/nofp\libg.a(libc_a-callocr.o)
                0x1000708c                _calloc_r
 .text.malloc   0x10007134       0x14 C:/PROGRA~2/ARMGNU~1/13C7F1~1.2RE/bin/../lib/gcc/arm-none-eabi/13.2.1/thumb/v6-m/nofp\libg.a(libc_a-malloc.o)
                0x10007134                malloc
 .text.free     0x10007148       0x14 C:/PROGRA~2/ARMGNU~1/13C7F1~1.2RE/bin/../lib/gcc/arm-none-eabi/13.2.1/thumb/v6-m/nofp\libg.a(libc_a-malloc.o)
                0x10007148                free
 .text._malloc_r
                0x1000715c      0x5c4 C:/PROGRA~2/ARMGNU~1/13C7F1~1.2RE/bin/../lib/gcc/arm-none-eabi/13.2.1/thumb/v6-m/nofp\libg.a(libc_a-mallocr.o)
                0x1000715c                _malloc_r
 .text.__malloc_lock
                0x10007720       0x10 C:/PROGRA~2/ARMGNU~1/13C7F1~1.2RE/bin/../lib/gcc/arm-none-eabi/13.2.1/thumb/v6-m/nofp\libg.a(libc_a-mlock.o)
                0x10007720                __malloc_lock
 .text.__malloc_unlock
                0x10007730       0x10 C:/PROGRA~2/ARMGNU~1/13C7F1~1.2RE/bin/../lib/gcc/arm-none-eabi/13.2.1/thumb/v6-m/nofp\libg.a(libc_a-mlock.o)
                0x10007730                __malloc_unlock
 .text.realloc  0x10007740       0x18 C:/PROGRA~2/ARMGNU~1/13C7F1~1.2RE/bin/../lib/gcc/arm-none-eabi/13.2.1/thumb/v6-m/nofp\libg.a(libc_a-realloc.o)
                0x10007740                realloc
 .text._realloc_r
                0x10007758      0x350 C:/PROGRA~2/ARMGNU~1/13C7F1~1.2RE/bin/../lib/gcc/arm-none-eabi/13.2.1/thumb/v6-m/nofp\libg.a(libc_a-reallocr.o)
                0x10007758                _realloc_r
 .text.scanf    0x10007aa8       0x24 C:/PROGRA~2/ARMGNU~1/13C7F1~1.2RE/bin/../lib/gcc/arm-none-eabi/13.2.1/thumb/v6-m/nofp\libg.a(libc_a-scanf.o)
                0x10007aa8                scanf
 .text.memmove  0x10007acc       0xb0 C:/PROGRA~2/ARMGNU~1/13C7F1~1.2RE/bin/../lib/gcc/arm-none-eabi/13.2.1/thumb/v6-m/nofp\libg.a(libc_a-memmove.o)
                0x10007acc                memmove
 .text._sbrk_r  0x10007b7c       0x24 C:/PROGRA~2/ARMGNU~1/13C7F1~1.2RE/bin/../lib/gcc/arm-none-eabi/13.2.1/thumb/v6-m/nofp\libg.a(libc_a-sbrkr.o)
                0x10007b7c                _sbrk_r
 .text.__errno  0x10007ba0        0xc C:/PROGRA~2/ARMGNU~1/13C7F1~1.2RE/bin/../lib/gcc/arm-none-eabi/13.2.1/thumb/v6-m/nofp\libg.a(libc_a-errno.o)
                0x10007ba0                __errno
 .text.__retarget_lock_init_recursive
                0x10007bac        0x4 C:/PROGRA~2/ARMGNU~1/13C7F1~1.2RE/bin/../lib/gcc/arm-none-eabi/13.2.1/thumb/v6-m/nofp\libg.a(libc_a-lock.o)
                0x10007bac                __retarget_lock_init_recursive
 .text.__retarget_lock_close_recursive
                0x10007bb0        0x4 C:/PROGRA~2/ARMGNU~1/13C7F1~1.2RE/bin/../lib/gcc/arm-none-eabi/13.2.1/thumb/v6-m/nofp\libg.a(libc_a-lock.o)
                0x10007bb0                __retarget_lock_close_recursive
 .text.__retarget_lock_acquire_recursive
                0x10007bb4        0x4 C:/PROGRA~2/ARMGNU~1/13C7F1~1.2RE/bin/../lib/gcc/arm-none-eabi/13.2.1/thumb/v6-m/nofp\libg.a(libc_a-lock.o)
                0x10007bb4                __retarget_lock_acquire_recursive
 .text.__retarget_lock_release_recursive
                0x10007bb8        0x4 C:/PROGRA~2/ARMGNU~1/13C7F1~1.2RE/bin/../lib/gcc/arm-none-eabi/13.2.1/thumb/v6-m/nofp\libg.a(libc_a-lock.o)
                0x10007bb8                __retarget_lock_release_recursive
 .text.sysconf  0x10007bbc       0x1c C:/PROGRA~2/ARMGNU~1/13C7F1~1.2RE/bin/../lib/gcc/arm-none-eabi/13.2.1/thumb/v6-m/nofp\libg.a(libc_a-sysconf.o)
                0x10007bbc                sysconf
 .text.strlen   0x10007bd8       0x5c C:/PROGRA~2/ARMGNU~1/13C7F1~1.2RE/bin/../lib/gcc/arm-none-eabi/13.2.1/thumb/v6-m/nofp\libg.a(libc_a-strlen-stub.o)
                0x10007bd8                strlen
 .text._malloc_trim_r
                0x10007c34       0xb4 C:/PROGRA~2/ARMGNU~1/13C7F1~1.2RE/bin/../lib/gcc/arm-none-eabi/13.2.1/thumb/v6-m/nofp\libg.a(libc_a-freer.o)
                0x10007c34                _malloc_trim_r
 .text._free_r  0x10007ce8      0x1d4 C:/PROGRA~2/ARMGNU~1/13C7F1~1.2RE/bin/../lib/gcc/arm-none-eabi/13.2.1/thumb/v6-m/nofp\libg.a(libc_a-freer.o)
                0x10007ce8                _free_r
 .text.__svfscanf_r
                0x10007ebc     0x1884 C:/PROGRA~2/ARMGNU~1/13C7F1~1.2RE/bin/../lib/gcc/arm-none-eabi/13.2.1/thumb/v6-m/nofp\libg.a(libc_a-vfscanf.o)
                0x10007ebc                __svfscanf_r
 .text._vfscanf_r
                0x10009740       0x28 C:/PROGRA~2/ARMGNU~1/13C7F1~1.2RE/bin/../lib/gcc/arm-none-eabi/13.2.1/thumb/v6-m/nofp\libg.a(libc_a-vfscanf.o)
                0x10009740                _vfscanf_r
 .text.stdio_exit_handler
                0x10009768       0x1c C:/PROGRA~2/ARMGNU~1/13C7F1~1.2RE/bin/../lib/gcc/arm-none-eabi/13.2.1/thumb/v6-m/nofp\libg.a(libc_a-findfp.o)
 .text.cleanup_stdio
                0x10009784       0x3c C:/PROGRA~2/ARMGNU~1/13C7F1~1.2RE/bin/../lib/gcc/arm-none-eabi/13.2.1/thumb/v6-m/nofp\libg.a(libc_a-findfp.o)
 .text.global_stdio_init.part.0
                0x100097c0      0x118 C:/PROGRA~2/ARMGNU~1/13C7F1~1.2RE/bin/../lib/gcc/arm-none-eabi/13.2.1/thumb/v6-m/nofp\libg.a(libc_a-findfp.o)
 .text.__sinit  0x100098d8       0x38 C:/PROGRA~2/ARMGNU~1/13C7F1~1.2RE/bin/../lib/gcc/arm-none-eabi/13.2.1/thumb/v6-m/nofp\libg.a(libc_a-findfp.o)
                0x100098d8                __sinit
 .text.__sfp_lock_acquire
                0x10009910       0x10 C:/PROGRA~2/ARMGNU~1/13C7F1~1.2RE/bin/../lib/gcc/arm-none-eabi/13.2.1/thumb/v6-m/nofp\libg.a(libc_a-findfp.o)
                0x10009910                __sfp_lock_acquire
 .text.__sfp_lock_release
                0x10009920       0x10 C:/PROGRA~2/ARMGNU~1/13C7F1~1.2RE/bin/../lib/gcc/arm-none-eabi/13.2.1/thumb/v6-m/nofp\libg.a(libc_a-findfp.o)
                0x10009920                __sfp_lock_release
 .text._fread_r
                0x10009930      0x1e8 C:/PROGRA~2/ARMGNU~1/13C7F1~1.2RE/bin/../lib/gcc/arm-none-eabi/13.2.1/thumb/v6-m/nofp\libg.a(libc_a-fread.o)
                0x10009930                _fread_r
 .text._fwalk_sglue
                0x10009b18       0x44 C:/PROGRA~2/ARMGNU~1/13C7F1~1.2RE/bin/../lib/gcc/arm-none-eabi/13.2.1/thumb/v6-m/nofp\libg.a(libc_a-fwalk.o)
                0x10009b18                _fwalk_sglue
 .text.lflush   0x10009b5c       0x20 C:/PROGRA~2/ARMGNU~1/13C7F1~1.2RE/bin/../lib/gcc/arm-none-eabi/13.2.1/thumb/v6-m/nofp\libg.a(libc_a-refill.o)
 .text.__srefill_r
                0x10009b7c      0x118 C:/PROGRA~2/ARMGNU~1/13C7F1~1.2RE/bin/../lib/gcc/arm-none-eabi/13.2.1/thumb/v6-m/nofp\libg.a(libc_a-refill.o)
                0x10009b7c                __srefill_r
 .text.__sccl   0x10009c94       0x80 C:/PROGRA~2/ARMGNU~1/13C7F1~1.2RE/bin/../lib/gcc/arm-none-eabi/13.2.1/thumb/v6-m/nofp\libg.a(libc_a-sccl.o)
                0x10009c94                __sccl
 .text.__sread  0x10009d14       0x28 C:/PROGRA~2/ARMGNU~1/13C7F1~1.2RE/bin/../lib/gcc/arm-none-eabi/13.2.1/thumb/v6-m/nofp\libg.a(libc_a-stdio.o)
                0x10009d14                __sread
 .text.__swrite
                0x10009d3c       0x40 C:/PROGRA~2/ARMGNU~1/13C7F1~1.2RE/bin/../lib/gcc/arm-none-eabi/13.2.1/thumb/v6-m/nofp\libg.a(libc_a-stdio.o)
                0x10009d3c                __swrite
 .text.__sseek  0x10009d7c       0x30 C:/PROGRA~2/ARMGNU~1/13C7F1~1.2RE/bin/../lib/gcc/arm-none-eabi/13.2.1/thumb/v6-m/nofp\libg.a(libc_a-stdio.o)
                0x10009d7c                __sseek
 .text.__sclose
                0x10009dac        0xc C:/PROGRA~2/ARMGNU~1/13C7F1~1.2RE/bin/../lib/gcc/arm-none-eabi/13.2.1/thumb/v6-m/nofp\libg.a(libc_a-stdio.o)
                0x10009dac                __sclose
 .text.__submore
                0x10009db8       0x84 C:/PROGRA~2/ARMGNU~1/13C7F1~1.2RE/bin/../lib/gcc/arm-none-eabi/13.2.1/thumb/v6-m/nofp\libg.a(libc_a-ungetc.o)
                0x10009db8                __submore
 .text._ungetc_r
                0x10009e3c      0x144 C:/PROGRA~2/ARMGNU~1/13C7F1~1.2RE/bin/../lib/gcc/arm-none-eabi/13.2.1/thumb/v6-m/nofp\libg.a(libc_a-ungetc.o)
                0x10009e3c                _ungetc_r
 .text.stpncpy  0x10009f80       0x78 C:/PROGRA~2/ARMGNU~1/13C7F1~1.2RE/bin/../lib/gcc/arm-none-eabi/13.2.1/thumb/v6-m/nofp\libg.a(libc_a-stpncpy.o)
                0x10009f80                stpncpy
 .text.__locale_mb_cur_max
                0x10009ff8       0x10 C:/PROGRA~2/ARMGNU~1/13C7F1~1.2RE/bin/../lib/gcc/arm-none-eabi/13.2.1/thumb/v6-m/nofp\libg.a(libc_a-locale.o)
                0x10009ff8                __locale_mb_cur_max
 .text._localeconv_r
                0x1000a008        0x8 C:/PROGRA~2/ARMGNU~1/13C7F1~1.2RE/bin/../lib/gcc/arm-none-eabi/13.2.1/thumb/v6-m/nofp\libg.a(libc_a-localeconv.o)
                0x1000a008                _localeconv_r
 .text._close_r
                0x1000a010       0x24 C:/PROGRA~2/ARMGNU~1/13C7F1~1.2RE/bin/../lib/gcc/arm-none-eabi/13.2.1/thumb/v6-m/nofp\libg.a(libc_a-closer.o)
                0x1000a010                _close_r
 .text._lseek_r
                0x1000a034       0x28 C:/PROGRA~2/ARMGNU~1/13C7F1~1.2RE/bin/../lib/gcc/arm-none-eabi/13.2.1/thumb/v6-m/nofp\libg.a(libc_a-lseekr.o)
                0x1000a034                _lseek_r
 .text._read_r  0x1000a05c       0x28 C:/PROGRA~2/ARMGNU~1/13C7F1~1.2RE/bin/../lib/gcc/arm-none-eabi/13.2.1/thumb/v6-m/nofp\libg.a(libc_a-readr.o)
                0x1000a05c                _read_r
 .text._write_r
                0x1000a084       0x28 C:/PROGRA~2/ARMGNU~1/13C7F1~1.2RE/bin/../lib/gcc/arm-none-eabi/13.2.1/thumb/v6-m/nofp\libg.a(libc_a-writer.o)
                0x1000a084                _write_r
 .text          0x1000a0ac       0x88 C:/PROGRA~2/ARMGNU~1/13C7F1~1.2RE/bin/../lib/gcc/arm-none-eabi/13.2.1/thumb/v6-m/nofp\libg.a(libc_a-strcmp.o)
                0x1000a0ac                strcmp
 .text.nanf     0x1000a134        0x8 C:/PROGRA~2/ARMGNU~1/13C7F1~1.2RE/bin/../lib/gcc/arm-none-eabi/13.2.1/thumb/v6-m/nofp\libg.a(libm_a-sf_nan.o)
                0x1000a134                nanf
 .text.__ascii_mbtowc
                0x1000a13c       0x2c C:/PROGRA~2/ARMGNU~1/13C7F1~1.2RE/bin/../lib/gcc/arm-none-eabi/13.2.1/thumb/v6-m/nofp\libg.a(libc_a-mbtowc_r.o)
                0x1000a13c                __ascii_mbtowc
 .text.sulp     0x1000a168       0x30 C:/PROGRA~2/ARMGNU~1/13C7F1~1.2RE/bin/../lib/gcc/arm-none-eabi/13.2.1/thumb/v6-m/nofp\libg.a(libc_a-strtod.o)
 .text._strtod_l
                0x1000a198      0xeb8 C:/PROGRA~2/ARMGNU~1/13C7F1~1.2RE/bin/../lib/gcc/arm-none-eabi/13.2.1/thumb/v6-m/nofp\libg.a(libc_a-strtod.o)
                0x1000a198                _strtod_l
 .text._strtod_r
                0x1000b050       0x10 C:/PROGRA~2/ARMGNU~1/13C7F1~1.2RE/bin/../lib/gcc/arm-none-eabi/13.2.1/thumb/v6-m/nofp\libg.a(libc_a-strtod.o)
                0x1000b050                _strtod_r
 .text._strtol_l.isra.0
                0x1000b060      0x158 C:/PROGRA~2/ARMGNU~1/13C7F1~1.2RE/bin/../lib/gcc/arm-none-eabi/13.2.1/thumb/v6-m/nofp\libg.a(libc_a-strtol.o)
 .text._strtol_r
                0x1000b1b8        0x8 C:/PROGRA~2/ARMGNU~1/13C7F1~1.2RE/bin/../lib/gcc/arm-none-eabi/13.2.1/thumb/v6-m/nofp\libg.a(libc_a-strtol.o)
                0x1000b1b8                _strtol_r
 .text._strtoul_l.isra.0
                0x1000b1c0      0x144 C:/PROGRA~2/ARMGNU~1/13C7F1~1.2RE/bin/../lib/gcc/arm-none-eabi/13.2.1/thumb/v6-m/nofp\libg.a(libc_a-strtoul.o)
 .text._strtoul_r
                0x1000b304        0x8 C:/PROGRA~2/ARMGNU~1/13C7F1~1.2RE/bin/../lib/gcc/arm-none-eabi/13.2.1/thumb/v6-m/nofp\libg.a(libc_a-strtoul.o)
                0x1000b304                _strtoul_r
 .text.__ascii_wctomb
                0x1000b30c       0x1c C:/PROGRA~2/ARMGNU~1/13C7F1~1.2RE/bin/../lib/gcc/arm-none-eabi/13.2.1/thumb/v6-m/nofp\libg.a(libc_a-wctomb_r.o)
                0x1000b30c                __ascii_wctomb
 .text._strtoll_l.isra.0
                0x1000b328      0x1a0 C:/PROGRA~2/ARMGNU~1/13C7F1~1.2RE/bin/../lib/gcc/arm-none-eabi/13.2.1/thumb/v6-m/nofp\libg.a(libc_a-strtoll.o)
 .text._strtoll_r
                0x1000b4c8        0x8 C:/PROGRA~2/ARMGNU~1/13C7F1~1.2RE/bin/../lib/gcc/arm-none-eabi/13.2.1/thumb/v6-m/nofp\libg.a(libc_a-strtoll.o)
                0x1000b4c8                _strtoll_r
 .text._strtoull_l.isra.0
                0x1000b4d0      0x1c4 C:/PROGRA~2/ARMGNU~1/13C7F1~1.2RE/bin/../lib/gcc/arm-none-eabi/13.2.1/thumb/v6-m/nofp\libg.a(libc_a-strtoull.o)
 .text._strtoull_r
                0x1000b694        0x8 C:/PROGRA~2/ARMGNU~1/13C7F1~1.2RE/bin/../lib/gcc/arm-none-eabi/13.2.1/thumb/v6-m/nofp\libg.a(libc_a-strtoull.o)
                0x1000b694                _strtoull_r
 .text._mbrtowc_r
                0x1000b69c       0x54 C:/PROGRA~2/ARMGNU~1/13C7F1~1.2RE/bin/../lib/gcc/arm-none-eabi/13.2.1/thumb/v6-m/nofp\libg.a(libc_a-mbrtowc.o)
                0x1000b69c                _mbrtowc_r
 .text.iswspace
                0x1000b6f0        0xc C:/PROGRA~2/ARMGNU~1/13C7F1~1.2RE/bin/../lib/gcc/arm-none-eabi/13.2.1/thumb/v6-m/nofp\libg.a(libc_a-iswspace.o)
                0x1000b6f0                iswspace
 .text.iswspace_l